###############################################################################
#                                                                             #
# IAR ELF Linker V6.40.4.54170/W32 for ARM              18/Jul/2013  22:27:59 #
# Copyright 2007-2012 IAR Systems AB.                                         #
#                                                                             #
#    Output file  =  F:\Firmware\emberZNet\firmware\EmberZNet\EM35x\app\senso #
#                    r\ewb-em357\build\sensor-cortexm3-iar-em357-em3xx-dev068 #
#                    0-debug\Exe\sensor.out                                   #
#    Map file     =  F:\Firmware\emberZNet\firmware\EmberZNet\EM35x\app\senso #
#                    r\ewb-em357\build\sensor-cortexm3-iar-em357-em3xx-dev068 #
#                    0-debug\Lst\sensor.map                                   #
#    Command line =  F:\Firmware\emberZNet\firmware\EmberZNet\EM35x\app\senso #
#                    r\ewb-em357\build\sensor-cortexm3-iar-em357-em3xx-dev068 #
#                    0-debug\Obj\Language.o F:\Firmware\emberZNet\firmware\Em #
#                    berZNet\EM35x\app\sensor\ewb-em357\build\sensor-cortexm3 #
#                    -iar-em357-em3xx-dev0680-debug\Obj\adc.o                 #
#                    F:\Firmware\emberZNet\firmware\EmberZNet\EM35x\app\senso #
#                    r\ewb-em357\build\sensor-cortexm3-iar-em357-em3xx-dev068 #
#                    0-debug\Obj\bootload-utils.o                             #
#                    F:\Firmware\emberZNet\firmware\EmberZNet\EM35x\app\senso #
#                    r\ewb-em357\build\sensor-cortexm3-iar-em357-em3xx-dev068 #
#                    0-debug\Obj\bootloader-interface-app.o                   #
#                    F:\Firmware\emberZNet\firmware\EmberZNet\EM35x\app\senso #
#                    r\ewb-em357\build\sensor-cortexm3-iar-em357-em3xx-dev068 #
#                    0-debug\Obj\bootloader-interface-standalone.o            #
#                    F:\Firmware\emberZNet\firmware\EmberZNet\EM35x\app\senso #
#                    r\ewb-em357\build\sensor-cortexm3-iar-em357-em3xx-dev068 #
#                    0-debug\Obj\bootloader-interface.o                       #
#                    F:\Firmware\emberZNet\firmware\EmberZNet\EM35x\app\senso #
#                    r\ewb-em357\build\sensor-cortexm3-iar-em357-em3xx-dev068 #
#                    0-debug\Obj\button.o F:\Firmware\emberZNet\firmware\Embe #
#                    rZNet\EM35x\app\sensor\ewb-em357\build\sensor-cortexm3-i #
#                    ar-em357-em3xx-dev0680-debug\Obj\buzzer.o                #
#                    F:\Firmware\emberZNet\firmware\EmberZNet\EM35x\app\senso #
#                    r\ewb-em357\build\sensor-cortexm3-iar-em357-em3xx-dev068 #
#                    0-debug\Obj\common.o F:\Firmware\emberZNet\firmware\Embe #
#                    rZNet\EM35x\app\sensor\ewb-em357\build\sensor-cortexm3-i #
#                    ar-em357-em3xx-dev0680-debug\Obj\crc.o                   #
#                    F:\Firmware\emberZNet\firmware\EmberZNet\EM35x\app\senso #
#                    r\ewb-em357\build\sensor-cortexm3-iar-em357-em3xx-dev068 #
#                    0-debug\Obj\cstartup-iar-common.o                        #
#                    F:\Firmware\emberZNet\firmware\EmberZNet\EM35x\app\senso #
#                    r\ewb-em357\build\sensor-cortexm3-iar-em357-em3xx-dev068 #
#                    0-debug\Obj\diagnostic.o F:\Firmware\emberZNet\firmware\ #
#                    EmberZNet\EM35x\app\sensor\ewb-em357\build\sensor-cortex #
#                    m3-iar-em357-em3xx-dev0680-debug\Obj\ember-configuration #
#                    .o F:\Firmware\emberZNet\firmware\EmberZNet\EM35x\app\se #
#                    nsor\ewb-em357\build\sensor-cortexm3-iar-em357-em3xx-dev #
#                    0680-debug\Obj\endian.o F:\Firmware\emberZNet\firmware\E #
#                    mberZNet\EM35x\app\sensor\ewb-em357\build\sensor-cortexm #
#                    3-iar-em357-em3xx-dev0680-debug\Obj\faults.o             #
#                    F:\Firmware\emberZNet\firmware\EmberZNet\EM35x\app\senso #
#                    r\ewb-em357\build\sensor-cortexm3-iar-em357-em3xx-dev068 #
#                    0-debug\Obj\form-and-join-node-adapter.o                 #
#                    F:\Firmware\emberZNet\firmware\EmberZNet\EM35x\app\senso #
#                    r\ewb-em357\build\sensor-cortexm3-iar-em357-em3xx-dev068 #
#                    0-debug\Obj\form-and-join-node-callbacks.o               #
#                    F:\Firmware\emberZNet\firmware\EmberZNet\EM35x\app\senso #
#                    r\ewb-em357\build\sensor-cortexm3-iar-em357-em3xx-dev068 #
#                    0-debug\Obj\form-and-join.o                              #
#                    F:\Firmware\emberZNet\firmware\EmberZNet\EM35x\app\senso #
#                    r\ewb-em357\build\sensor-cortexm3-iar-em357-em3xx-dev068 #
#                    0-debug\Obj\isr-stubs.o F:\Firmware\emberZNet\firmware\E #
#                    mberZNet\EM35x\app\sensor\ewb-em357\build\sensor-cortexm #
#                    3-iar-em357-em3xx-dev0680-debug\Obj\lcd.o                #
#                    F:\Firmware\emberZNet\firmware\EmberZNet\EM35x\app\senso #
#                    r\ewb-em357\build\sensor-cortexm3-iar-em357-em3xx-dev068 #
#                    0-debug\Obj\led.o F:\Firmware\emberZNet\firmware\EmberZN #
#                    et\EM35x\app\sensor\ewb-em357\build\sensor-cortexm3-iar- #
#                    em357-em3xx-dev0680-debug\Obj\mem-util.o                 #
#                    F:\Firmware\emberZNet\firmware\EmberZNet\EM35x\app\senso #
#                    r\ewb-em357\build\sensor-cortexm3-iar-em357-em3xx-dev068 #
#                    0-debug\Obj\mfg-token.o F:\Firmware\emberZNet\firmware\E #
#                    mberZNet\EM35x\app\sensor\ewb-em357\build\sensor-cortexm #
#                    3-iar-em357-em3xx-dev0680-debug\Obj\micro-common.o       #
#                    F:\Firmware\emberZNet\firmware\EmberZNet\EM35x\app\senso #
#                    r\ewb-em357\build\sensor-cortexm3-iar-em357-em3xx-dev068 #
#                    0-debug\Obj\micro.o F:\Firmware\emberZNet\firmware\Ember #
#                    ZNet\EM35x\app\sensor\ewb-em357\build\sensor-cortexm3-ia #
#                    r-em357-em3xx-dev0680-debug\Obj\mpu.o                    #
#                    F:\Firmware\emberZNet\firmware\EmberZNet\EM35x\app\senso #
#                    r\ewb-em357\build\sensor-cortexm3-iar-em357-em3xx-dev068 #
#                    0-debug\Obj\node.o F:\Firmware\emberZNet\firmware\EmberZ #
#                    Net\EM35x\app\sensor\ewb-em357\build\sensor-cortexm3-iar #
#                    -em357-em3xx-dev0680-debug\Obj\random.o                  #
#                    F:\Firmware\emberZNet\firmware\EmberZNet\EM35x\app\senso #
#                    r\ewb-em357\build\sensor-cortexm3-iar-em357-em3xx-dev068 #
#                    0-debug\Obj\security-common.o                            #
#                    F:\Firmware\emberZNet\firmware\EmberZNet\EM35x\app\senso #
#                    r\ewb-em357\build\sensor-cortexm3-iar-em357-em3xx-dev068 #
#                    0-debug\Obj\sensor.o F:\Firmware\emberZNet\firmware\Embe #
#                    rZNet\EM35x\app\sensor\ewb-em357\build\sensor-cortexm3-i #
#                    ar-em357-em3xx-dev0680-debug\Obj\serial.o                #
#                    F:\Firmware\emberZNet\firmware\EmberZNet\EM35x\app\senso #
#                    r\ewb-em357\build\sensor-cortexm3-iar-em357-em3xx-dev068 #
#                    0-debug\Obj\sim-eeprom.o F:\Firmware\emberZNet\firmware\ #
#                    EmberZNet\EM35x\app\sensor\ewb-em357\build\sensor-cortex #
#                    m3-iar-em357-em3xx-dev0680-debug\Obj\sleep.o             #
#                    F:\Firmware\emberZNet\firmware\EmberZNet\EM35x\app\senso #
#                    r\ewb-em357\build\sensor-cortexm3-iar-em357-em3xx-dev068 #
#                    0-debug\Obj\token-def.o F:\Firmware\emberZNet\firmware\E #
#                    mberZNet\EM35x\app\sensor\ewb-em357\build\sensor-cortexm #
#                    3-iar-em357-em3xx-dev0680-debug\Obj\token.o              #
#                    F:\Firmware\emberZNet\firmware\EmberZNet\EM35x\app\senso #
#                    r\ewb-em357\build\sensor-cortexm3-iar-em357-em3xx-dev068 #
#                    0-debug\Obj\uart.o F:\Firmware\emberZNet\firmware\EmberZ #
#                    Net\EM35x\build\alarm-library-cortexm3-iar-em357-em3xx-d #
#                    ebug\alarm-library.a F:\Firmware\emberZNet\firmware\Embe #
#                    rZNet\EM35x\build\binding-table-library-cortexm3-iar-em3 #
#                    57-em3xx-debug\binding-table-library.a                   #
#                    F:\Firmware\emberZNet\firmware\EmberZNet\EM35x\build\cbk #
#                    e-stub-library-cortexm3-iar-em357-em3xx\cbke-stub-librar #
#                    y.a F:\Firmware\emberZNet\firmware\EmberZNet\EM35x\build #
#                    \end-device-bind-stub-library-cortexm3-iar-em357-em3xx\e #
#                    nd-device-bind-stub-library.a                            #
#                    F:\Firmware\emberZNet\firmware\EmberZNet\EM35x\build\hal #
#                    -library-cortexm3-iar-em357-em3xx-debug\hal-library.a    #
#                    F:\Firmware\emberZNet\firmware\EmberZNet\EM35x\build\ins #
#                    tall-code-library-stub-cortexm3-iar-em357-em3xx\install- #
#                    code-library-stub.a F:\Firmware\emberZNet\firmware\Ember #
#                    ZNet\EM35x\build\multi-network-stub-library-cortexm3-iar #
#                    -em357-em3xx\multi-network-stub-library.a                #
#                    F:\Firmware\emberZNet\firmware\EmberZNet\EM35x\build\pac #
#                    ket-validate-library-cortexm3-iar-em357-em3xx-debug\pack #
#                    et-validate-library.a F:\Firmware\emberZNet\firmware\Emb #
#                    erZNet\EM35x\build\security-library-core-cortexm3-iar-em #
#                    357-em3xx-debug\security-library-core.a                  #
#                    F:\Firmware\emberZNet\firmware\EmberZNet\EM35x\build\sec #
#                    urity-library-link-keys-stub-cortexm3-iar-em357-em3xx\se #
#                    curity-library-link-keys-stub.a                          #
#                    F:\Firmware\emberZNet\firmware\EmberZNet\EM35x\build\zig #
#                    bee-pro-stack-cortexm3-iar-em357-em3xx-debug\zigbee-pro- #
#                    stack.a F:\Firmware\emberZNet\firmware\EmberZNet\EM35x\b #
#                    uild\zll-stub-library-cortexm3-iar-em357-em3xx\zll-stub- #
#                    library.a --redirect _Printf=_PrintfFull --redirect      #
#                    _Scanf=_ScanfFull -o F:\Firmware\emberZNet\firmware\Embe #
#                    rZNet\EM35x\app\sensor\ewb-em357\build\sensor-cortexm3-i #
#                    ar-em357-em3xx-dev0680-debug\Exe\sensor.out --map        #
#                    F:\Firmware\emberZNet\firmware\EmberZNet\EM35x\app\senso #
#                    r\ewb-em357\build\sensor-cortexm3-iar-em357-em3xx-dev068 #
#                    0-debug\Lst\sensor.map --log                             #
#                    initialization,modules,sections,veneers --log_file       #
#                    F:\Firmware\emberZNet\firmware\EmberZNet\EM35x\app\senso #
#                    r\ewb-em357\build\sensor-cortexm3-iar-em357-em3xx-dev068 #
#                    0-debug\Lst\sensor.log --config                          #
#                    F:\Firmware\emberZNet\firmware\EmberZNet\EM35x\app\senso #
#                    r\ewb-em357/../../../hal/micro/cortexm3/em35x/em357/iar- #
#                    cfg.icf --diag_suppress Lp012 --entry halEntryPoint      #
#                    --vfe                                                    #
#                                                                             #
#                                                                             #
###############################################################################

*******************************************************************************
*** RUNTIME MODEL ATTRIBUTES
***

CppFlavor       = *
__SystemLibrary = DLib


*******************************************************************************
*** PLACEMENT SUMMARY
***

"BAT": place at 0x08000000 { section BAT };
"HEADERS":
       place at start of [0x08002000-0x080020ff] { block HEADER_block };
"APP ro":
       place at start of [0x08002100-0x0802ffff] { block APPRO_block };
"NVM&SIMEE":
       place at end of [0x08002100-0x0802ffff] {
          zi section NVM, zi section SIMEE, zi section INTERNAL_STORAGE };
"FAT": place at 0x08040000 { section FAT };
"DEBUGCHAN":
       place at start of [0x20002ff0-0x20002fff] { rw section DEBUG_CHANNEL };
"APP rw":
       place at end of [0x20000000-0x20002fef] { block APPRW_block };
"Heap":
       place at start of [0x20000000-0x20002fef] { overlay EMHEAP_overlay };
"Guard":
       place in [from 0x20000000 to 0x20002fef] { rw section GUARD_REGION };

  Section                 Kind        Address     Size  Object
  -------                 ----        -------     ----  ------
"BAT":                                            0x54
  BAT                     uninit   0x08000000     0x54  cstartup-iar-common.o [1]
                                 - 0x08000054     0x54

"HEADERS":                                        0xac
  HEADER_block                     0x08002000     0xac  <Block>
    AAT                   const    0x08002000     0xac  cstartup-iar-common.o [1]
                                 - 0x080020ac     0xac

"APP ro":                                      0x1a034
  APPRO_block                      0x08002100  0x1a034  <Block>
    .intvec               const    0x08002100     0x90  cstartup-iar-common.o [1]
    .text                          0x08002190  0x19010  <Block>
      .text               ro code  0x08002190    0x2a0  adc.o [1]
      .text               ro code  0x08002430      0xc  spmr.o [8]
      .text               ro code  0x0800243c      0x6  spmr.o [8]
      .text               ro code  0x08002442      0xa  xsprout.o [6]
      .text               ro code  0x0800244c    0x5bc  analogue.o [16]
      .text               ro code  0x08002a08      0xe  spmr.o [8]
      .text               ro code  0x08002a18    0x250  diagnostic.o [1]
      .text               ro code  0x08002c68    0x152  micro-common-internal.o [8]
      .text               ro code  0x08002dbc     0xf0  analogue-cell-bias.o [16]
      .text               ro code  0x08002eac     0x68  mfg-token.o [1]
      .text               ro code  0x08002f14    0x130  token.o [1]
      .text               ro code  0x08003044    0x548  phy.o [16]
      .text               ro code  0x0800358c     0x50  analogue-filter.o [16]
      .text               ro code  0x080035dc    0x89c  phy-common.o [16]
      .text               ro code  0x08003e78    0x3ba  clocks.o [8]
      .text               ro code  0x08004234    0x2b0  micro.o [1]
      .text               ro code  0x080044e4     0xd4  analogue-vco.o [16]
      .text               ro code  0x080045b8    0x268  analogue-mod-dac.o [16]
      .text               ro code  0x08004820    0x1aa  analogue-lna.o [16]
      .text               ro code  0x080049cc    0x11c  caladc.o [8]
      .text               ro code  0x08004ae8     0xa4  micro-common.o [1]
      .text               ro code  0x08004b8c    0x3f4  debug.o [16]
      .text               ro code  0x08004f80    0x458  serial.o [1]
      .text               ro code  0x080053d8    0x198  micro-internal.o [8]
      .text               ro code  0x08005570     0xd2  mem-util.o [1]
      .text               ro code  0x08005644    0x1b8  sim-eeprom.o [1]
      .text               ro code  0x080057fc    0xad8  sim-eeprom-internal.o [8]
      .text               ro code  0x080062d4    0x5c0  mac-indirect.o [16]
      .text               ro code  0x08006894     0x40  child-table.o [16]
      .text               ro code  0x080068d4    0x1f8  ember-multi-network-stub.o [11]
      .text               ro code  0x08006acc    0x2cc  mac-receive.o [16]
      .text               ro code  0x08006d98    0x1b8  mac-em250.o [16]
      .text               ro code  0x08006f50     0xae  aes.o [16]
      .text               ro code  0x08006ffe      0x8  abs.o [6]
      .text               ro code  0x08007008     0x48  random.o [1]
      .text               ro code  0x08007050      0x8  spmr.o [8]
      .text               ro code  0x08007058    0x650  sleep.o [1]
      .text               ro code  0x080076a8     0x18  eui64.o [16]
      .text               ro code  0x080076c0      0x4  spmr.o [8]
      .text               ro code  0x080076c4      0xe  spmr.o [8]
      .text               ro code  0x080076d4      0x8  context-switch.o [8]
      .text               ro code  0x080076dc      0x4  spmr.o [8]
      .text               ro code  0x080076e0    0x288  uart.o [1]
      .text               ro code  0x08007968    0x13c  button.o [1]
      .text               ro code  0x08007aa4     0x90  cstartup-iar-common.o [1]
      .text               ro code  0x08007b34    0x6e8  packet-buffer.o [16]
      .text               ro code  0x0800821c    0x272  debug-jtag.o [16]
      .text               ro code  0x08008490    0x154  ember-stack-common.o [16]
      .text               ro code  0x080085e4    0x14c  ember-configuration.o [1]
      .text               ro code  0x08008730     0x6c  mpu.o [1]
      .text               ro code  0x0800879c     0x66  ABImemset.o [13]
      .text               ro code  0x08008804    0x128  flash.o [8]
      .text               ro code  0x0800892c    0x100  system-timer.o [8]
      .text               ro code  0x08008a2c    0x254  packet-header.o [16]
      .text               ro code  0x08008c80    0x258  event-control.o [16]
      .text               ro code  0x08008ed8    0x418  mac-arbiter.o [16]
      .text               ro code  0x080092f0     0x22  I64Shl.o [13]
      .text               ro code  0x08009314   0x138c  network.o [16]
      .text               ro code  0x0800a6a0    0x400  mac.o [16]
      .text               ro code  0x0800aaa0    0xd58  common.o [1]
      .text               ro code  0x0800b7f8    0x734  child.o [16]
      .text               ro code  0x0800bf2c   0x1be0  sensor.o [1]
      .text               ro code  0x0800db0c    0x32c  mac-header.o [16]
      .text               ro code  0x0800de38     0x9e  led.o [1]
      .text               ro code  0x0800ded8     0x60  symbol-timer.o [16]
      .text               ro code  0x0800df38     0x44  byte-utilities.o [16]
      .text               ro code  0x0800df7c     0x24  crc.o [1]
      .text               ro code  0x0800dfa0     0x2a  zll-stubs.o [17]
      .text               ro code  0x0800dfcc    0x388  zigbee-stack.o [16]
      .text               ro code  0x0800e354   0x1524  association.o [16]
      .text               ro code  0x0800f878    0x344  management.o [16]
      .text               ro code  0x0800fbbc    0x284  jit.o [16]
      .text               ro code  0x0800fe40    0x3ce  command.o [16]
      .text               ro code  0x08010210    0x408  scan.o [16]
      .text               ro code  0x08010618    0x3c0  route-table.o [16]
      .text               ro code  0x080109d8    0x150  broadcast.o [16]
      .text               ro code  0x08010b28    0x292  retry.o [16]
      .text               ro code  0x08010dbc     0x64  unicast-table.o [16]
      .text               ro code  0x08010e20    0x648  neighbor.o [16]
      .text               ro code  0x08011468    0x5f2  crypto.o [16]
      .text               ro code  0x08011a5c    0x580  zigbee-packet-header.o [16]
      .text               ro code  0x08011fdc    0x774  route-discovery.o [16]
      .text               ro code  0x08012750    0x8c0  application-support.o [16]
      .text               ro code  0x08013010    0xc3c  aps-security.o [14]
      .text               ro code  0x08013c4c    0x1f4  zigbee-neighbor.o [16]
      .text               ro code  0x08013e40    0x2b4  packet-validate.o [12]
      .text               ro code  0x080140f4    0x2ec  random-id.o [16]
      .text               ro code  0x080143e0    0x148  route-error.o [16]
      .text               ro code  0x08014528    0x3a0  leave.o [16]
      .text               ro code  0x080148c8    0x35c  neighbor-exchange.o [16]
      .text               ro code  0x08014c24    0x3ec  address-table.o [16]
      .text               ro code  0x08015010    0x17c  child-aging.o [16]
      .text               ro code  0x0801518c    0xb5c  bootload-utils.o [1]
      .text               ro code  0x08015ce8    0x8fc  aps-retry.o [16]
      .text               ro code  0x080165e4     0x76  ABImemcpy.o [13]
      .text               ro code  0x0801665a     0x3c  node.o [1]
      .text               ro code  0x08016698    0x500  aps-keys.o [14]
      .text               ro code  0x08016b98    0x208  alarm.o [3]
      .text               ro code  0x08016da0    0x1cc  lcd.o [1]
      .text               ro code  0x08016f6c     0x34  sprintf.o [6]
      .text               ro code  0x08016fa0     0x78  form-and-join-node-adapter.o [1]
      .text               ro code  0x08017018     0xe4  zigbee-dispatch.o [16]
      .text               ro code  0x080170fc     0x36  strlen.o [13]
      .text               ro code  0x08017134     0x78  bootloader-interface-standalone.o [1]
      .text               ro code  0x080171ac     0x12  phy-util.o [16]
      .text               ro code  0x080171c0    0x3ac  binding-table.o [4]
      .text               ro code  0x0801756c     0x14  cbke-crypto-engine-stub.o [5]
      .text               ro code  0x08017580    0x370  zdo-channel.o [16]
      .text               ro code  0x080178f0      0x8  high-security-stub.o [14]
      .text               ro code  0x080178f8    0x4f0  zigbee-device-util.o [16]
      .text               ro code  0x08017de8    0x4a0  trust-center-util.o [14]
      .text               ro code  0x08018288     0x2c  form-and-join-node-callbacks.o [1]
      .text               ro code  0x080182b4     0xf0  token-cache.o [16]
      .text               ro code  0x080183a4    0x2b8  aps-encryption.o [14]
      .text               ro code  0x0801865c      0x4  install-code-stub.o [9]
      .text               ro code  0x08018660      0x4  aps-skke-stub.o [14]
      .text               ro code  0x08018664      0xe  aps-keys-full-stub.o [15]
      .text               ro code  0x08018674     0x80  security-config-mfg-3xx.o [14]
      .text               ro code  0x080186f4     0x62  hmac.o [14]
      .text               ro code  0x08018758    0xcce  xprintffull.o [6]
      .text               ro code  0x08019428    0x484  form-and-join.o [1]
      .text               ro code  0x080198ac      0xc  bootloader-interface.o [1]
      .text               ro code  0x080198b8    0x84c  zigbee-device.o [16]
      .text               ro code  0x0801a104      0x8  end-device-bind-stub.o [7]
      .text               ro code  0x0801a10c    0x15c  aes-mmo.o [14]
      .text               ro code  0x0801a268     0x16  strchr.o [13]
      .text               ro code  0x0801a280     0x58  memchr.o [13]
      .text               ro code  0x0801a2d8     0xee  I64DivMod.o [13]
      .text               ro code  0x0801a3c6     0x42  xdnorm.o [10]
      .text               ro code  0x0801a408     0x2e  DblCmpLe.o [10]
      .text               ro code  0x0801a438     0x2e  DblCmpGe.o [10]
      .text               ro code  0x0801a468    0x10c  xdscale.o [10]
      .text               ro code  0x0801a574     0x58  DblToI32.o [10]
      .text               ro code  0x0801a5cc     0x30  I32ToDbl.o [10]
      .text               ro code  0x0801a5fc    0x180  DblSub.o [10]
      .text               ro code  0x0801a77c    0x1a2  DblMul.o [10]
      .text               ro code  0x0801a920    0x246  DblDiv.o [10]
      .text               ro code  0x0801ab66      0xe  div.o [6]
      .text               ro code  0x0801ab74    0x1c4  zdo-binding-table.o [4]
      .text               ro code  0x0801ad38      0x2  I64DivZer.o [13]
      .text               ro code  0x0801ad3c     0xd4  DblAdd.o [10]
      .text               ro code  0x0801ae10     0x98  buzzer.o [1]
      .text               ro code  0x0801aea8     0x80  faults.o [1]
      .text               ro code  0x0801af28      0x0  isr-stubs.o [1]
      .text               ro code  0x0801af28      0x0  isr-stubs.o [1]
      .text               ro code  0x0801af28      0x0  isr-stubs.o [1]
      .text               ro code  0x0801af28      0x0  isr-stubs.o [1]
      .text               ro code  0x0801af28      0x0  isr-stubs.o [1]
      .text               ro code  0x0801af28      0x0  isr-stubs.o [1]
      .text               ro code  0x0801af28      0x0  isr-stubs.o [1]
      .text               ro code  0x0801af28      0x0  isr-stubs.o [1]
      .text               ro code  0x0801af28      0x0  isr-stubs.o [1]
      .text               ro code  0x0801af28      0x0  isr-stubs.o [1]
      .text               ro code  0x0801af28      0x0  isr-stubs.o [1]
      .text               ro code  0x0801af28      0x0  isr-stubs.o [1]
      .text               ro code  0x0801af28      0x0  isr-stubs.o [1]
      .text               ro code  0x0801af28      0x4  isr-stubs.o [1]
      .text               ro code  0x0801af2c    0x1d0  cstartup-iar.o [8]
      .text               ro code  0x0801b0fc      0x6  ABImemclr.o [13]
      .text               ro code  0x0801b104      0x6  ABImemclr4.o [13]
      .text               ro code  0x0801b10c     0x10  context-switch.o [8]
      .text               ro code  0x0801b11c     0x32  ABImemset48.o [13]
      .text               ro code  0x0801b150     0x38  context-switch.o [8]
      .text               ro code  0x0801b188     0x18  cal-pads.o [16]
    .rodata               const    0x0801b1a0    0x910  Language.o [1]
    .rodata               const    0x0801bab0      0x3  ember-configuration.o [1]
    .rodata               const    0x0801bab3      0x1  aps-skke-stub.o [14]
    .rodata               const    0x0801bab4     0x1c  sensor.o [1]
    .rodata               const    0x0801bad0      0x8  serial.o [1]
    .rodata               const    0x0801bad8     0x2c  sim-eeprom.o [1]
    .rodata               const    0x0801bb04    0x254  token-def.o [1]
    .rodata               const    0x0801bd58      0x8  ember-version.o [16]
    .rodata               const    0x0801bd60     0x20  mfg-token.o [1]
    .data_init                     0x0801bd80    0x3b4  <Block>
      Initializer bytes   ro data  0x0801bd80    0x3b4  <for .data-1>
                                 - 0x0801c134  0x1a034

"NVM&SIMEE":                                    0x2000
  SIMEE                            0x0802e000   0x2000  <Block>
    SIMEE                 uninit   0x0802e000   0x2000  sim-eeprom.o [1]
                                 - 0x08030000   0x2000

"FAT":                                            0x2c
  FAT                     uninit   0x08040000     0x2c  cstartup-iar-common.o [1]
                                 - 0x0804002c     0x2c

"Heap":                                          0x580
  EMHEAP_overlay                   0x20000000    0x570  <Overlay>
    part 1:
      EMHEAP              uninit   0x20000000    0x570  ember-configuration.o [1]
    part 2:
      RESETINFO                    0x20000000     0x98  <Block>
        RESETINFO         const    0x20000000      0x0  faults.o [1]
        RESETINFO         const    0x20000000      0x0  isr-stubs.o [1]
        RESETINFO         const    0x20000000      0x0  spmr.o [8]
        RESETINFO         const    0x20000000      0x0  context-switch.o [8]
        RESETINFO         uninit   0x20000000     0x98  cstartup-iar-common.o [1]
                                 - 0x20000570    0x570

"Guard":                                          0x20
  GUARD_REGION            uninit   0x20000580     0x20  cstartup-iar-common.o [1]
                                 - 0x200005a0     0x20

"APP rw":                                       0x10b6
  APPRW_block                      0x20001f38   0x10b6  <Block>
    ALIGN_CSTACK                   0x20001f38    0x758  <Block>
      CSTACK                       0x20001f38    0x758  <Block>
        CSTACK            const    0x20001f38      0x0  faults.o [1]
        CSTACK            const    0x20001f38      0x0  isr-stubs.o [1]
        CSTACK            const    0x20001f38      0x0  spmr.o [8]
        CSTACK            const    0x20001f38      0x0  context-switch.o [8]
        CSTACK            uninit   0x20001f38    0x758  cstartup-iar-common.o [1]
    .data                          0x20002690    0x3b4  <Block>
      .data-1                      0x20002690    0x3b2  <Init block>
        .data             inited   0x20002690     0x2c  bootload-utils.o [1]
        .data             inited   0x200026bc      0x8  buzzer.o [1]
        .data             inited   0x200026c4     0x10  common.o [1]
        .data             inited   0x200026d4      0x1  ember-configuration.o [1]
        .data             inited   0x200026d5      0x1  ember-configuration.o [1]
        .data             inited   0x200026d8      0x4  ember-configuration.o [1]
        .data             inited   0x200026dc      0x4  ember-configuration.o [1]
        .data             inited   0x200026e0      0x4  ember-configuration.o [1]
        .data             inited   0x200026e4      0x4  ember-configuration.o [1]
        .data             inited   0x200026e8      0x4  ember-configuration.o [1]
        .data             inited   0x200026ec      0x1  ember-configuration.o [1]
        .data             inited   0x200026f0      0x4  ember-configuration.o [1]
        .data             inited   0x200026f4      0x1  ember-configuration.o [1]
        .data             inited   0x200026f8      0x4  ember-configuration.o [1]
        .data             inited   0x200026fc      0x4  ember-configuration.o [1]
        .data             inited   0x20002700      0x4  ember-configuration.o [1]
        .data             inited   0x20002704      0x4  ember-configuration.o [1]
        .data             inited   0x20002708      0x4  ember-configuration.o [1]
        .data             inited   0x2000270c      0x1  ember-configuration.o [1]
        .data             inited   0x20002710      0x4  ember-configuration.o [1]
        .data             inited   0x20002714      0x1  ember-configuration.o [1]
        .data             inited   0x20002718      0x4  ember-configuration.o [1]
        .data             inited   0x2000271c      0x1  ember-configuration.o [1]
        .data             inited   0x20002720      0x4  ember-configuration.o [1]
        .data             inited   0x20002724      0x1  ember-configuration.o [1]
        .data             inited   0x20002728      0x4  ember-configuration.o [1]
        .data             inited   0x2000272c      0x1  ember-configuration.o [1]
        .data             inited   0x20002730      0x4  ember-configuration.o [1]
        .data             inited   0x20002734      0x4  ember-configuration.o [1]
        .data             inited   0x20002738      0x4  ember-configuration.o [1]
        .data             inited   0x2000273c      0x1  ember-configuration.o [1]
        .data             inited   0x20002740      0x4  ember-configuration.o [1]
        .data             inited   0x20002744      0x1  ember-configuration.o [1]
        .data             inited   0x20002748      0x4  ember-configuration.o [1]
        .data             inited   0x2000274c      0x2  ember-configuration.o [1]
        .data             inited   0x2000274e      0x1  ember-configuration.o [1]
        .data             inited   0x20002750      0x4  ember-configuration.o [1]
        .data             inited   0x20002754      0x1  ember-configuration.o [1]
        .data             inited   0x20002755      0x1  ember-configuration.o [1]
        .data             inited   0x20002756      0x1  ember-configuration.o [1]
        .data             inited   0x20002757      0x1  ember-configuration.o [1]
        .data             inited   0x20002758      0x2  ember-configuration.o [1]
        .data             inited   0x2000275a      0x1  ember-configuration.o [1]
        .data             inited   0x2000275b      0x1  ember-configuration.o [1]
        .data             inited   0x2000275c      0x1  ember-configuration.o [1]
        .data             inited   0x2000275d      0x1  ember-configuration.o [1]
        .data             inited   0x20002760      0xc  form-and-join-node-adapter.o [1]
        .data             inited   0x2000276c     0x28  micro.o [1]
        .data             inited   0x20002794     0x40  mpu.o [1]
        .data             inited   0x200027d4      0x4  random.o [1]
        .data             inited   0x200027d8      0x1  sensor.o [1]
        .data             inited   0x200027dc     0x10  sensor.o [1]
        .data             inited   0x200027ec     0xb4  sensor.o [1]
        .data             inited   0x200028a0     0x2c  serial.o [1]
        .data             inited   0x200028cc      0x9  analogue.o [16]
        .data             inited   0x200028d8      0xe  analogue.o [16]
        .data             inited   0x200028e6      0x1  packet-buffer.o [16]
        .data             inited   0x200028e8      0x6  child.o [16]
        .data             inited   0x200028f0      0x8  zigbee-stack.o [16]
        .data             inited   0x200028f8      0x1  zigbee-stack.o [16]
        .data             inited   0x200028fc      0x4  micro-internal.o [8]
        .data             inited   0x20002900      0xe  jit.o [16]
        .data             inited   0x20002910     0x24  association.o [16]
        .data             inited   0x20002934      0xc  association.o [16]
        .data             inited   0x20002940      0x4  application-support.o [16]
        .data             inited   0x20002944      0x4  debug.o [16]
        .data             inited   0x20002948     0x24  scan.o [16]
        .data             inited   0x2000296c      0xa  clocks.o [8]
        .data             inited   0x20002978      0xe  leave.o [16]
        .data             inited   0x20002986      0x8  analogue-mod-dac.o [16]
        .data             inited   0x20002990     0x1c  phy-common.o [16]
        .data             inited   0x200029ac      0x1  phy-common.o [16]
        .data             inited   0x200029ad      0x2  random-id.o [16]
        .data             inited   0x200029b0      0x4  network.o [16]
        .data             inited   0x200029b4      0x1  network.o [16]
        .data             inited   0x200029b8     0x14  mac-arbiter.o [16]
        .data             inited   0x200029cc      0x8  mac-arbiter.o [16]
        .data             inited   0x200029d4     0x12  mac-indirect.o [16]
        .data             inited   0x200029e8     0x14  zdo-channel.o [16]
        .data             inited   0x200029fc      0x2  mac-em250.o [16]
        .data             inited   0x200029fe      0x1  zigbee-device-util.o [16]
        .data             inited   0x20002a00     0x10  mac-receive.o [16]
        .data             inited   0x20002a10      0xe  aps-retry.o [16]
        .data             inited   0x20002a20      0xe  management.o [16]
        .data             inited   0x20002a2e      0x2  trust-center-util.o [14]
        .data             inited   0x20002a30      0x2  token-cache.o [16]
        .data             inited   0x20002a32      0x1  packet-validate.o [12]
        .data             inited   0x20002a34      0x4  mac-header.o [16]
        .data             inited   0x20002a38      0xa  zigbee-device.o [16]
    DLIB_PERTHREAD_INITIALIZED_DATA
                                   0x20002a44      0x0  <Block>
    DLIB_PERTHREAD_ZERO_DATA
                                   0x20002a44      0x0  <Block>
    .bss                           0x20002a48    0x5a6  <Block>
      .bss                uninit   0x20002a48     0x10  mac-indirect.o [16]
      .bss                uninit   0x20002a58     0x1e  adc.o [1]
      .bss                uninit   0x20002a76      0x2  cstartup-iar-common.o [1]
      .bss                uninit   0x20002a78     0x80  bootload-utils.o [1]
      .bss                uninit   0x20002af8     0x48  bootload-utils.o [1]
      .bss                uninit   0x20002b40      0xc  common.o [1]
      .bss                uninit   0x20002b4c     0x24  ember-configuration.o [1]
      .bss                uninit   0x20002b70     0x14  form-and-join.o [1]
      .bss                uninit   0x20002b84     0x88  serial.o [1]
      .bss                uninit   0x20002c0c     0x18  serial.o [1]
      .bss                uninit   0x20002c24     0x5c  sim-eeprom.o [1]
      .bss                uninit   0x20002c80      0xc  sleep.o [1]
      .bss                uninit   0x20002c8c     0x24  analogue.o [16]
      .bss                uninit   0x20002cb0      0x8  eui64.o [16]
      .bss                uninit   0x20002cb8      0xc  zigbee-dispatch.o [16]
      .bss                uninit   0x20002cc4      0x8  system-timer.o [8]
      .bss                uninit   0x20002ccc      0xc  association.o [16]
      .bss                uninit   0x20002cd8      0x8  aps-keys.o [14]
      .bss                uninit   0x20002ce0      0xc  debug.o [16]
      .bss                uninit   0x20002cec    0x118  phy.o [16]
      .bss                uninit   0x20002e04      0x8  context-switch.o [8]
      .bss                uninit   0x20002e0c      0x8  ember-multi-network-stub.o [11]
      .bss                uninit   0x20002e14      0x8  ember-multi-network-stub.o [11]
      .bss                uninit   0x20002e1c      0x8  ember-multi-network-stub.o [11]
      .bss                uninit   0x20002e24      0x8  neighbor.o [16]
      .bss                uninit   0x20002e2c     0x64  broadcast.o [16]
      .bss                uninit   0x20002e90      0x8  cal-pads.o [16]
      .bss                uninit   0x20002e98      0x8  mac-em250.o [16]
      .bss                uninit   0x20002ea0      0x8  high-security-stub.o [14]
      .bss                uninit   0x20002ea8      0x8  zigbee-device-util.o [16]
      .bss                uninit   0x20002eb0      0xc  mac.o [16]
      .bss                uninit   0x20002ebc     0x80  mac.o [16]
      .bss                uninit   0x20002f3c      0x8  aps-skke-stub.o [14]
      .bss                uninit   0x20002f44      0x8  neighbor-exchange.o [16]
      .bss                uninit   0x20002f4c     0x10  retry.o [16]
      .bss                uninit   0x20002f5c     0x30  retry.o [16]
      .bss                uninit   0x20002f8c      0x8  end-device-bind-stub.o [7]
      .bss                uninit   0x20002f94      0x8  zll-stubs.o [17]
      .bss                uninit   0x20002f9c      0x4  crypto.o [16]
      .bss                uninit   0x20002fa0     0x14  unicast-table.o [16]
      .bss                uninit   0x20002fb4      0x8  mac-header.o [16]
      .bss                uninit   0x20002fbc      0x4  sim-eeprom-internal.o [8]
      .bss                uninit   0x20002fc0      0x4  route-table.o [16]
      .bss                uninit   0x20002fc4      0x2  button.o [1]
      .bss                uninit   0x20002fc6      0x1  ember-configuration.o [1]
      .bss                uninit   0x20002fc7      0x1  ember-configuration.o [1]
      .bss                uninit   0x20002fc8      0x1  ember-configuration.o [1]
      .bss                uninit   0x20002fc9      0x1  ember-configuration.o [1]
      .bss                uninit   0x20002fca      0x1  ember-configuration.o [1]
      .bss                uninit   0x20002fcb      0x1  ember-configuration.o [1]
      .bss                uninit   0x20002fcc      0x1  ember-configuration.o [1]
      .bss                uninit   0x20002fcd      0x1  ember-configuration.o [1]
      .bss                uninit   0x20002fce      0x1  ember-configuration.o [1]
      .bss                uninit   0x20002fcf      0x1  ember-configuration.o [1]
      .bss                uninit   0x20002fd0      0x1  ember-configuration.o [1]
      .bss                uninit   0x20002fd1      0x1  ember-configuration.o [1]
      .bss                uninit   0x20002fd2      0x1  micro-common.o [1]
      .bss                uninit   0x20002fd3      0x2  token.o [1]
      .bss                uninit   0x20002fd5      0x1  zigbee-dispatch.o [16]
      .bss                uninit   0x20002fd6      0x1  command.o [16]
      .bss                uninit   0x20002fd7      0x1  zigbee-stack.o [16]
      .bss                uninit   0x20002fd8      0x1  association.o [16]
      .bss                uninit   0x20002fd9      0x1  application-support.o [16]
      .bss                uninit   0x20002fda      0x1  debug.o [16]
      .bss                uninit   0x20002fdb      0x2  event-control.o [16]
      .bss                uninit   0x20002fdd      0x1  flash.o [8]
      .bss                uninit   0x20002fde      0x2  phy.o [16]
      .bss                uninit   0x20002fe0      0x2  phy.o [16]
      .bss                uninit   0x20002fe2      0x3  analogue-vco.o [16]
      .bss                uninit   0x20002fe5      0x1  phy-common.o [16]
      .bss                uninit   0x20002fe6      0x1  alarm.o [3]
      .bss                uninit   0x20002fe7      0x1  neighbor.o [16]
      .bss                uninit   0x20002fe8      0x1  random-id.o [16]
      .bss                uninit   0x20002fe9      0x2  network.o [16]
      .bss                uninit   0x20002feb      0x1  debug-jtag.o [16]
      .bss                uninit   0x20002fec      0x1  high-security-stub.o [14]
      .bss                uninit   0x20002fed      0x1  route-discovery.o [16]
                                 - 0x20002fee   0x10b6

"DEBUGCHAN":                                      0x10
  DEBUG_CHANNEL                    0x20002ff0     0x10  <Block>
    DEBUG_CHANNEL         uninit   0x20002ff0     0x10  debug-jtag.o [16]
                                 - 0x20003000     0x10



*******************************************************************************
*** MODULE SUMMARY
***

    Module                             ro code  ro data  rw data
    ------                             -------  -------  -------
F:\Firmware\emberZNet\firmware\EmberZNet\EM35x\app\sensor\ewb-em357\build\sensor-cortexm3-iar-em357-em3xx-dev0680-debug\Obj: [1]
    Language.o                                    2 320
    adc.o                                  672                30
    bootload-utils.o                     2 908       44      244
    bootloader-interface-standalone.o      120
    bootloader-interface.o                  12
    button.o                               316                 2
    buzzer.o                               152        8        8
    common.o                             3 416       16       28
    crc.o                                   36
    cstartup-iar-common.o                  144      316    2 042
    diagnostic.o                           592
    ember-configuration.o                  332      141      156
    faults.o                               128
    form-and-join-node-adapter.o           120       14       12
    form-and-join-node-callbacks.o          44
    form-and-join.o                      1 156                20
    isr-stubs.o                              4
    lcd.o                                  460
    led.o                                  158
    mem-util.o                             210
    mfg-token.o                            104       32
    micro-common.o                         164                 1
    micro.o                                688       40       40
    mpu.o                                  108       64       64
    node.o                                  60
    random.o                                72        4        4
    sensor.o                             7 136      228      197
    serial.o                             1 112       52      204
    sim-eeprom.o                           440       44    8 284
    sleep.o                              1 616                12
    token-def.o                                     596
    token.o                                304                 2
    uart.o                                 648
    ------------------------------------------------------------
    Total:                              23 432    3 919   11 350

command line: [2]
    ------------------------------------------------------------
    Total:

alarm-library.a: [3]
    alarm.o                                520                 1
    ------------------------------------------------------------
    Total:                                 520                 1

binding-table-library.a: [4]
    binding-table.o                        940
    zdo-binding-table.o                    452
    ------------------------------------------------------------
    Total:                               1 392

cbke-stub-library.a: [5]
    cbke-crypto-engine-stub.o               20
    ------------------------------------------------------------
    Total:                                  20

dl7M_tln.a: [6]
    abs.o                                    8
    div.o                                   14
    sprintf.o                               52
    xprintffull.o                        3 278
    xsprout.o                               10
    ------------------------------------------------------------
    Total:                               3 362

end-device-bind-stub-library.a: [7]
    end-device-bind-stub.o                   8                 8
    ------------------------------------------------------------
    Total:                                   8                 8

hal-library.a: [8]
    caladc.o                               284
    clocks.o                               954       10       10
    context-switch.o                        80                 8
    cstartup-iar.o                         464
    flash.o                                296                 1
    micro-common-internal.o                338
    micro-internal.o                       408        7        4
    sim-eeprom-internal.o                2 776                 4
    spmr.o                                  62
    system-timer.o                         256                 8
    ------------------------------------------------------------
    Total:                               5 918       17       35

install-code-library-stub.a: [9]
    install-code-stub.o                      4
    ------------------------------------------------------------
    Total:                                   4

m7M_tl.a: [10]
    DblAdd.o                               212
    DblCmpGe.o                              46
    DblCmpLe.o                              46
    DblDiv.o                               582
    DblMul.o                               418
    DblSub.o                               384
    DblToI32.o                              88
    I32ToDbl.o                              48
    xdnorm.o                                66
    xdscale.o                              268
    ------------------------------------------------------------
    Total:                               2 158

multi-network-stub-library.a: [11]
    ember-multi-network-stub.o             504                24
    ------------------------------------------------------------
    Total:                                 504                24

packet-validate-library.a: [12]
    packet-validate.o                      692        1        1
    ------------------------------------------------------------
    Total:                                 692        1        1

rt7M_tl.a: [13]
    ABImemclr.o                              6
    ABImemclr4.o                             6
    ABImemcpy.o                            118
    ABImemset.o                            102
    ABImemset48.o                           50
    I64DivMod.o                            238
    I64DivZer.o                              2
    I64Shl.o                                34
    memchr.o                                88
    strchr.o                                22
    strlen.o                                54
    ------------------------------------------------------------
    Total:                                 720

security-library-core.a: [14]
    aes-mmo.o                              348
    aps-encryption.o                       696
    aps-keys.o                           1 280                 8
    aps-security.o                       3 132
    aps-skke-stub.o                          4        1        8
    high-security-stub.o                     8                 9
    hmac.o                                  98
    security-config-mfg-3xx.o              128
    trust-center-util.o                  1 184        2        2
    ------------------------------------------------------------
    Total:                               6 878        3       27

security-library-link-keys-stub.a: [15]
    aps-keys-full-stub.o                    14
    ------------------------------------------------------------
    Total:                                  14

zigbee-pro-stack.a: [16]
    address-table.o                      1 004
    aes.o                                  174
    analogue-cell-bias.o                   240
    analogue-filter.o                       80
    analogue-lna.o                         426
    analogue-mod-dac.o                     616        8        8
    analogue-vco.o                         212                 3
    analogue.o                           1 468       26       59
    application-support.o                2 240        4        5
    aps-retry.o                          2 300       14       14
    association.o                        5 412       50       61
    broadcast.o                            336               100
    byte-utilities.o                        68
    cal-pads.o                              24                 8
    child-aging.o                          380
    child-table.o                           64
    child.o                              1 844        7        6
    command.o                              974                 1
    crypto.o                             1 522                 4
    debug-jtag.o                           626                17
    debug.o                              1 012        4       17
    ember-stack-common.o                   340
    ember-version.o                                   8
    eui64.o                                 24                 8
    event-control.o                        600                 2
    jit.o                                  644       14       14
    leave.o                                928       16       14
    mac-arbiter.o                        1 048       31       28
    mac-em250.o                            440        2       10
    mac-header.o                           812        5       12
    mac-indirect.o                       1 472       18       34
    mac-receive.o                          716       17       16
    mac.o                                1 024               140
    management.o                           836       16       14
    neighbor-exchange.o                    860                 8
    neighbor.o                           1 608                 9
    network.o                            5 004        6        7
    packet-buffer.o                      1 768        1        1
    packet-header.o                        596
    phy-common.o                         2 204       31       30
    phy-util.o                              18
    phy.o                                1 352               284
    random-id.o                            748        2        3
    retry.o                                658                64
    route-discovery.o                    1 908                 1
    route-error.o                          328
    route-table.o                          960                 4
    scan.o                               1 032       36       36
    symbol-timer.o                          96
    token-cache.o                          240        2        2
    unicast-table.o                        100                20
    zdo-channel.o                          880       22       20
    zigbee-device-util.o                 1 264        1        9
    zigbee-device.o                      2 124       10       10
    zigbee-dispatch.o                      228                13
    zigbee-neighbor.o                      500
    zigbee-packet-header.o               1 408
    zigbee-stack.o                         904       11       10
    ------------------------------------------------------------
    Total:                              56 694      362    1 126

zll-stub-library.a: [17]
    zll-stubs.o                             42                 8
    ------------------------------------------------------------
    Total:                                  42                 8

    Gaps                                    58                60
    Linker created                                    2    1 392
----------------------------------------------------------------
    Grand Total:                       102 416    4 304   14 032


*******************************************************************************
*** ENTRY LIST
***

Entry                      Address    Size  Type      Object
-----                      -------    ----  ----      ------
.bss$$Base              0x20002a48           --   Gb  - Linker created -
.bss$$Length            0x000005a6           --   Gb  - Linker created -
.bss$$Limit             0x20002fee           --   Gb  - Linker created -
.data$$Base             0x20002690           --   Gb  - Linker created -
.data$$Limit            0x20002a44           --   Gb  - Linker created -
.data_init$$Base        0x0801bd80           --   Gb  - Linker created -
.data_init$$Length      0x000003b4           --   Gb  - Linker created -
.data_init$$Limit       0x0801c134           --   Gb  - Linker created -
.noinit$$Base           0x00000000           --   Gb  - Linker created -
.text$$Base             0x08002190           --   Gb  - Linker created -
.text$$Limit            0x0801b1a0           --   Gb  - Linker created -
.textrw$$Base           0x00000000           --   Gb  - Linker created -
.textrw_init$$Base      0x00000000           --   Gb  - Linker created -
.textrw_init$$Length    0x00000000           --   Gb  - Linker created -
ALIGN_CSTACK$$Base      0x20001f38           --   Gb  - Linker created -
ALIGN_CSTACK$$Limit     0x20002690           --   Gb  - Linker created -
APPRO_block$$Base       0x08002100           --   Gb  - Linker created -
APPRO_block$$Limit      0x0801c134           --   Gb  - Linker created -
APPRW_block$$Base       0x20001f38           --   Gb  - Linker created -
APPRW_block$$Limit      0x20002fee           --   Gb  - Linker created -
APP_RAM$$Base           0x00000000           --   Gb  - Linker created -
APP_RAM$$Length         0x00000000           --   Gb  - Linker created -
CSTACK$$Base            0x20001f38           --   Gb  - Linker created -
CSTACK$$Limit           0x20002690           --   Gb  - Linker created -
CharSetASCII_8x16       0x0801b1a0   0x910  Data  Gb  Language.o [1]
DEBUG_CHANNEL$$Base     0x20002ff0           --   Gb  - Linker created -
DEBUG_CHANNEL$$Limit    0x20003000           --   Gb  - Linker created -
DLIB_PERTHREAD_INITIALIZED_DATA$$Base
                        0x20002a44           --   Gb  - Linker created -
DLIB_PERTHREAD_INITIALIZED_DATA$$Limit
                        0x20002a44           --   Gb  - Linker created -
DLIB_PERTHREAD_ZERO_DATA$$Base
                        0x20002a44           --   Gb  - Linker created -
DLIB_PERTHREAD_ZERO_DATA$$Length
                        0x00000000           --   Gb  - Linker created -
DLIB_PERTHREAD_ZERO_DATA$$Limit
                        0x20002a44           --   Gb  - Linker created -
EMHEAP_overlay$$Base    0x20000000           --   Gb  - Linker created -
EMHEAP_overlay$$Limit   0x20000570           --   Gb  - Linker created -
ERASE_CRITICAL_THRESHOLD
                        0x0801bae4     0x2  Data  Gb  sim-eeprom.o [1]
HEADER_block$$Base      0x08002000           --   Gb  - Linker created -
HEADER_block$$Limit     0x080020ac           --   Gb  - Linker created -
ID_COUNT                0x0801bae6     0x2  Data  Gb  sim-eeprom.o [1]
INTERNAL_STORAGE$$Base  0x00000000           --   Gb  - Linker created -
LEFT_BASE               0x0801badc     0x2  Data  Gb  sim-eeprom.o [1]
LEFT_TOP                0x0801bade     0x2  Data  Gb  sim-eeprom.o [1]
Nvdd                    0x20002a5e     0x2  Data  Lc  adc.o [1]
Nvss                    0x20002a74     0x2  Data  Lc  adc.o [1]
PTR_CACHE_SIZE          0x0801bae8     0x2  Data  Gb  sim-eeprom.o [1]
PendSV_Handler          0x0801b151          Code  Gb  context-switch.o [8]
REAL_PAGES_PER_VIRTUAL  0x0801bad8     0x1  Data  Gb  sim-eeprom.o [1]
REAL_PAGE_SIZE          0x0801bada     0x2  Data  Gb  sim-eeprom.o [1]
RESETINFO$$Base         0x20000000           --   Gb  - Linker created -
RESETINFO$$Limit        0x20000098           --   Gb  - Linker created -
RIGHT_BASE              0x0801bae0     0x2  Data  Gb  sim-eeprom.o [1]
RIGHT_TOP               0x0801bae2     0x2  Data  Gb  sim-eeprom.o [1]
Region$$Table$$Base     0x00000000           --   Gb  - Linker created -
Region$$Table$$Limit    0x00000000           --   Gb  - Linker created -
SIMEE$$Base             0x0802e000           --   Gb  - Linker created -
SIMEE$$Limit            0x08030000           --   Gb  - Linker created -
TOKEN_MFG_1V8_REG_VOLTAGE
                        0x0801bd68     0x2  Data  Gb  mfg-token.o [1]
TOKEN_MFG_ANALOG_TRIM_BOOST
                        0x0801bd62     0x2  Data  Gb  mfg-token.o [1]
TOKEN_MFG_ANALOG_TRIM_BOTH
                        0x0801bd64     0x2  Data  Gb  mfg-token.o [1]
TOKEN_MFG_ANALOG_TRIM_NORMAL
                        0x0801bd60     0x2  Data  Gb  mfg-token.o [1]
TOKEN_MFG_BOARD_NAME    0x0801bd6e     0x2  Data  Gb  mfg-token.o [1]
TOKEN_MFG_BOOTLOAD_AES_KEY
                        0x0801bd74     0x2  Data  Gb  mfg-token.o [1]
TOKEN_MFG_CCA_THRESHOLD
                        0x0801bd7c     0x2  Data  Gb  mfg-token.o [1]
TOKEN_MFG_EUI_64        0x0801bd7e     0x2  Data  Gb  mfg-token.o [1]
TOKEN_MFG_FIB_VERSION   0x0801bd6c     0x2  Data  Gb  mfg-token.o [1]
TOKEN_MFG_MANUF_ID      0x0801bd70     0x2  Data  Gb  mfg-token.o [1]
TOKEN_MFG_OSC24M_BIAS_TRIM
                        0x0801bd76     0x2  Data  Gb  mfg-token.o [1]
TOKEN_MFG_PHY_CONFIG    0x0801bd72     0x2  Data  Gb  mfg-token.o [1]
TOKEN_MFG_REG_TRIM      0x0801bd66     0x2  Data  Gb  mfg-token.o [1]
TOKEN_MFG_SECURITY_CONFIG
                        0x0801bd7a     0x2  Data  Gb  mfg-token.o [1]
TOKEN_MFG_SYNTH_FREQ_OFFSET
                        0x0801bd78     0x2  Data  Gb  mfg-token.o [1]
TOKEN_MFG_TEMP_CAL      0x0801bd6a     0x2  Data  Gb  mfg-token.o [1]
TOKEN_MULTI_NETWORK_STACK_ALTERNATE_KEY_DEFAULTS
                        0x0801bc20    0x14  Data  Gb  token-def.o [1]
TOKEN_MULTI_NETWORK_STACK_KEYS_DEFAULTS
                        0x0801bbfc    0x14  Data  Gb  token-def.o [1]
TOKEN_MULTI_NETWORK_STACK_NETWORK_MANAGEMENT_DEFAULTS
                        0x0801bc50     0x8  Data  Gb  token-def.o [1]
TOKEN_MULTI_NETWORK_STACK_NODE_DATA_DEFAULTS
                        0x0801bc10    0x10  Data  Gb  token-def.o [1]
TOKEN_MULTI_NETWORK_STACK_NONCE_COUNTER_DEFAULTS
                        0x0801bc64     0x4  Data  Gb  token-def.o [1]
TOKEN_MULTI_NETWORK_STACK_PARENT_INFO_DEFAULTS
                        0x0801bc58     0xc  Data  Gb  token-def.o [1]
TOKEN_MULTI_NETWORK_STACK_TRUST_CENTER_DEFAULTS
                        0x0801bc34    0x1c  Data  Gb  token-def.o [1]
TOKEN_STACK_ALTERNATE_KEY_DEFAULTS
                        0x0801bb84    0x14  Data  Gb  token-def.o [1]
TOKEN_STACK_ANALYSIS_REBOOT_DEFAULTS
                        0x0801bba0     0x2  Data  Gb  token-def.o [1]
TOKEN_STACK_APS_FRAME_COUNTER_DEFAULTS
                        0x0801bb80     0x4  Data  Gb  token-def.o [1]
TOKEN_STACK_BINDING_TABLE_DEFAULTS
                        0x0801bc68    0x10  Data  Gb  token-def.o [1]
TOKEN_STACK_BOOT_COUNTER_DEFAULTS
                        0x0801bb98     0x2  Data  Gb  token-def.o [1]
TOKEN_STACK_CAL_DATA_DEFAULTS
                        0x0801bbf8     0x4  Data  Gb  token-def.o [1]
TOKEN_STACK_CERTIFICATE_TABLE_DEFAULTS
                        0x0801bca0    0x5c  Data  Gb  token-def.o [1]
TOKEN_STACK_CHILD_TABLE_DEFAULTS
                        0x0801bc78     0xc  Data  Gb  token-def.o [1]
TOKEN_STACK_KEYS_DEFAULTS
                        0x0801bba4    0x14  Data  Gb  token-def.o [1]
TOKEN_STACK_KEY_TABLE_DEFAULTS
                        0x0801bc84    0x1c  Data  Gb  token-def.o [1]
TOKEN_STACK_NETWORK_MANAGEMENT_DEFAULTS
                        0x0801bbe4     0x8  Data  Gb  token-def.o [1]
TOKEN_STACK_NODE_DATA_DEFAULTS
                        0x0801bbb8    0x10  Data  Gb  token-def.o [1]
TOKEN_STACK_NONCE_COUNTER_DEFAULTS
                        0x0801bb9c     0x4  Data  Gb  token-def.o [1]
TOKEN_STACK_NVDATA_VERSION_DEFAULTS
                        0x0801bb7c     0x2  Data  Gb  token-def.o [1]
TOKEN_STACK_PARENT_INFO_DEFAULTS
                        0x0801bbec     0xc  Data  Gb  token-def.o [1]
TOKEN_STACK_TRUST_CENTER_DEFAULTS
                        0x0801bbc8    0x1c  Data  Gb  token-def.o [1]
_GenldFull              0x08019179   0x266  Code  Lc  xprintffull.o [6]
_LdtobFull              0x08018d79   0x3fa  Code  Lc  xprintffull.o [6]
_LitobFull              0x08018c63   0x10e  Code  Lc  xprintffull.o [6]
_PrintfFull             0x08018759   0x504  Code  Gb  xprintffull.o [6]
_PutcharsFull           0x080193df    0x2e  Code  Lc  xprintffull.o [6]
_SProut                 0x08002443     0xa  Code  Gb  xsprout.o [6]
__DLIB_PERTHREAD_init$$Base
                        0x00000000           --   Gb  - Linker created -
__DLIB_PERTHREAD_init$$Length
                        0x00000000           --   Gb  - Linker created -
__aeabi_cdcmple         0x0801a409          Code  Gb  DblCmpLe.o [10]
__aeabi_cdrcmple        0x0801a439          Code  Gb  DblCmpGe.o [10]
__aeabi_d2iz            0x0801a575          Code  Gb  DblToI32.o [10]
__aeabi_d2uiz           0x0801a5a1          Code  Gb  DblToI32.o [10]
__aeabi_ddiv            0x0801a921          Code  Gb  DblDiv.o [10]
__aeabi_dmul            0x0801a77d          Code  Gb  DblMul.o [10]
__aeabi_dsub            0x0801a5fd          Code  Gb  DblSub.o [10]
__aeabi_i2d             0x0801a5cd          Code  Gb  I32ToDbl.o [10]
__aeabi_ldiv0           0x0801ad39          Code  Gb  I64DivZer.o [13]
__aeabi_llsl            0x080092f1          Code  Gb  I64Shl.o [13]
__aeabi_memclr          0x0801b0fd          Code  Gb  ABImemclr.o [13]
__aeabi_memclr4         0x0801b105          Code  Gb  ABImemclr4.o [13]
__aeabi_memcpy          0x080165e5          Code  Gb  ABImemcpy.o [13]
__aeabi_memcpy4         0x08016605          Code  Gb  ABImemcpy.o [13]
__aeabi_memcpy8         0x08016605          Code  Gb  ABImemcpy.o [13]
__aeabi_memset          0x0800879d          Code  Gb  ABImemset.o [13]
__aeabi_ui2d            0x0801a5e1          Code  Gb  I32ToDbl.o [10]
__aeabi_uldivmod        0x0801a2d9          Code  Gb  I64DivMod.o [13]
__iar_Dnorm             0x0801a3c7    0x42  Code  Gb  xdnorm.o [10]
__iar_Dscale            0x0801a469   0x10c  Code  Gb  xdscale.o [10]
__iar_Memchr            0x0801a281          Code  Gb  memchr.o [13]
__iar_Memset            0x0800879d          Code  Gb  ABImemset.o [13]
__iar_Memset4_word      0x0801b11d          Code  Gb  ABImemset48.o [13]
__iar_Memset8_word      0x0801b11d          Code  Gb  ABImemset48.o [13]
__iar_Memset_word       0x080087a5          Code  Gb  ABImemset.o [13]
__iar_Strchr            0x0801a269          Code  Gb  strchr.o [13]
__iar_d2uiz             0x0801a5ad          Code  Gb  DblToI32.o [10]
__iar_dadd              0x0801ad3d          Code  Gb  DblAdd.o [10]
__iar_dsub              0x0801a611          Code  Gb  DblSub.o [10]
__iar_dsubStart         0x0801a623          Code  Gb  DblSub.o [10]
__iar_ui2d              0x0801a5e5          Code  Gb  I32ToDbl.o [10]
__vector_table          0x08002100    0x90  Data  Gb  cstartup-iar-common.o [1]
_basePriIsDisabled      0x08002a09          Code  Gb  spmr.o [8]
_clearPriMask           0x080076dd          Code  Gb  spmr.o [8]
_disableBasePri         0x08002431          Code  Gb  spmr.o [8]
_enableBasePri          0x08007051          Code  Gb  spmr.o [8]
_executeBarrierInstructions
                        0x080076c5          Code  Gb  spmr.o [8]
_macTransmitBuffer      0x20002ebc    0x80  Data  Gb  mac.o [16]
_setPriMask             0x080076c1          Code  Gb  spmr.o [8]
_writeBasePri           0x0800243d          Code  Gb  spmr.o [8]
abs                     0x08006fff     0x8  Code  Gb  abs.o [6]
actionTimer             0x20002695     0x1  Data  Gb  bootload-utils.o [1]
adcCalibrated           0x20002a5b     0x1  Data  Lc  adc.o [1]
adcConfig               0x20002a6c     0x8  Data  Lc  adc.o [1]
adcData                 0x20002a5c     0x2  Data  Lc  adc.o [1]
adcPendingConversion    0x20002a59     0x1  Data  Lc  adc.o [1]
adcPendingRequests      0x20002a58     0x1  Data  Lc  adc.o [1]
adcReadingValid         0x20002a5a     0x1  Data  Lc  adc.o [1]
adcReadings             0x20002a64     0x8  Data  Lc  adc.o [1]
adcStaticConfig         0x20002a60     0x2  Data  Lc  adc.o [1]
adcTemp                 0x200027fc     0x4  Data  Gb  sensor.o [1]
adcTempUnit             0x20002800     0x4  Data  Gb  sensor.o [1]
addMobileChild          0x0800bd6b    0x9a  Code  Lc  child.o [16]
addMulticastGroup       0x0800c849    0x16  Code  Gb  sensor.o [1]
addToApplicationQueue   0x0800a62f    0x32  Code  Lc  network.o [16]
addressIndexIsActive    0x08016527    0x2e  Code  Lc  aps-retry.o [16]
addressMatchingEnabled  0x20002995     0x1  Data  Lc  phy-common.o [16]
adjustLna               0x08004821     0x8  Code  Lc  analogue-lna.o [16]
adjustVco               0x080044e5    0x22  Code  Lc  analogue-vco.o [16]
aesHashNextBlock        0x0801a10d    0x36  Code  Lc  aes-mmo.o [14]
age                     0x20002e2d     0x1  Data  Lc  broadcast.o [16]
allowIdling             0x20002fdb     0x1  Data  Lc  event-control.o [16]
appAddJitForAllChildren
                        0x0800af17    0x66  Code  Gb  common.o [1]
appSendJitToChild       0x0800af7d    0x54  Code  Gb  common.o [1]
appSerial               0x20002696     0x1  Data  Gb  bootload-utils.o [1]
appSetLEDsToInitialState
                        0x0800c289    0x18  Code  Gb  sensor.o [1]
appSetLEDsToRunningState
                        0x0800c2a1    0x12  Code  Gb  sensor.o [1]
applicationProcessIncomingData
                        0x08012ca3   0x178  Code  Lc  application-support.o [16]
apsCommandBaseSizes     0x080140ac    0x10  Data  Lc  packet-validate.o [12]
apsCommandPacketIsValid
                        0x08013fef    0x4e  Code  Lc  packet-validate.o [12]
apsPacketIsValid        0x08013f79    0x6a  Code  Lc  packet-validate.o [12]
arePageCountersOkay     0x08005921    0x3e  Code  Lc  sim-eeprom-internal.o [8]
authBlock               0x200026ac    0x10  Data  Gb  bootload-utils.o [1]
autoAckEnabled          0x20002996     0x1  Data  Lc  phy-common.o [16]
baseHeaderLength        0x08008c70    0x10  Data  Lc  packet-header.o [16]
baudSettings            0x08007940    0x28  Data  Gb  uart.o [1]
biasTrim                0x20002974     0x2  Data  Gb  clocks.o [8]
blMode                  0x20002691     0x1  Data  Gb  bootload-utils.o [1]
blState                 0x20002690     0x1  Data  Gb  bootload-utils.o [1]
blacklistedIdBytes      0x200029ad     0x1  Data  Lc  random-id.o [16]
blacklistedIds          0x200029ae     0x1  Data  Lc  random-id.o [16]
boostTxPowerMax         0x200028dc     0x8  Data  Gb  analogue.o [16]
bootloadBuffer          0x20002af8    0x48  Data  Gb  bootload-utils.o [1]
bootloadInProgressChildId
                        0x20002b42     0x2  Data  Gb  common.o [1]
bootloadInProgressEui   0x20002b44     0x8  Data  Gb  common.o [1]
bootloadMyNeighborRouter
                        0x0800b185    0x3a  Code  Gb  common.o [1]
bootloadMySleepyChild   0x0800b11f    0x66  Code  Gb  common.o [1]
bootloadSendAuthChallenge
                        0x08015251    0xb0  Code  Lc  bootload-utils.o [1]
bootloadSendAuthResponse
                        0x08015301    0x78  Code  Lc  bootload-utils.o [1]
bootloadSendImage       0x080159d3    0xaa  Code  Lc  bootload-utils.o [1]
bootloadSerial          0x20002697     0x1  Data  Gb  bootload-utils.o [1]
bootloadUtilInit        0x0801518d    0x1a  Code  Gb  bootload-utils.o [1]
bootloadUtilLaunchRequestHandler
                        0x0800c31d     0x4  Code  Gb  sensor.o [1]
bootloadUtilQueryResponseHandler
                        0x0800c2e9    0x34  Code  Gb  sensor.o [1]
bootloadUtilSendAuthResponse
                        0x080153eb    0x22  Code  Gb  bootload-utils.o [1]
bootloadUtilSendQuery   0x08015379    0x2e  Code  Gb  bootload-utils.o [1]
bootloadUtilSendRequest
                        0x080151a7    0xaa  Code  Gb  bootload-utils.o [1]
bootloadUtilStartBootload
                        0x080153a7    0x38  Code  Gb  bootload-utils.o [1]
bootloadUtilTick        0x0801540d    0xd2  Code  Gb  bootload-utils.o [1]
bothTokSerialRegId      0x08002e98     0x8  Data  Gb  analogue-cell-bias.o [16]
broadcastEui64          0x2000269c     0x8  Data  Gb  bootload-utils.o [1]
broadcastMessageSent    0x08016429    0xd2  Code  Lc  aps-retry.o [16]
button0State            0x20002fc4     0x1  Data  Gb  button.o [1]
button1State            0x20002fc5     0x1  Data  Gb  button.o [1]
buttonOnePress          0x200027f5     0x1  Data  Gb  sensor.o [1]
buttonZeroPress         0x200027f4     0x1  Data  Gb  sensor.o [1]
cacheBuffer             0x20002a30     0x1  Data  Lc  token-cache.o [16]
cachingNetworkIndex     0x20002a31     0x1  Data  Lc  token-cache.o [16]
calAdcTempOffset        0x20002fdf     0x1  Data  Lc  phy.o [16]
calAdcTempOffsetValid   0x20002fde     0x1  Data  Lc  phy.o [16]
calDisableAdc           0x08004a7b     0xc  Code  Gb  caladc.o [8]
calModDacWithPaEnableMask
                        0x20002988     0x2  Data  Lc  analogue-mod-dac.o [16]
calModDacWithSpreading  0x20002986     0x1  Data  Lc  analogue-mod-dac.o [16]
calReadAdcAtestAWithSpreading
                        0x080045c7    0xb6  Code  Lc  analogue-mod-dac.o [16]
calReadAdcBlocking      0x08004a03    0x6c  Code  Gb  caladc.o [8]
calStartAdcConversion   0x080049cd    0x36  Code  Gb  caladc.o [8]
calStartAndReadAdc      0x08004a6f     0xc  Code  Gb  caladc.o [8]
ccaAttempt              0x2000299e     0x1  Data  Lc  phy-common.o [16]
challenge               0x20002699     0x1  Data  Lc  bootload-utils.o [1]
changeToChannel         0x200029e8     0x1  Data  Lc  zdo-channel.o [16]
channelCache            0x20002b71     0x1  Data  Lc  form-and-join.o [1]
channelMaskCache        0x20002b78     0x4  Data  Lc  form-and-join.o [1]
checkButtonEvents       0x0800c579    0xcc  Code  Gb  sensor.o [1]
checkForMovedChild      0x08009f67    0x22  Code  Lc  network.o [16]
checkMaybeSetParentToken
                        0x0800f765    0x4a  Code  Lc  association.o [16]
childIsExpectingMessageBitField
                        0x20002a50     0x8  Data  Lc  mac-indirect.o [16]
childJitMessage         0x0800fcd9    0xca  Code  Lc  jit.o [16]
childPolledBitField     0x20002a48     0x8  Data  Lc  mac-indirect.o [16]
cleanupEvent            0x20002764     0x8  Data  Lc  form-and-join-node-adapter.o [1]
cleanupEventHandler     0x08016fe7     0xc  Code  Lc  form-and-join-node-adapter.o [1]
clearNetworkSecurityFromMessage
                        0x0800e89f    0x28  Code  Lc  association.o [16]
clear_screen            0x08016e9f    0x38  Code  Gb  lcd.o [1]
continueScanRequest     0x080176e1    0x56  Code  Lc  zdo-channel.o [16]
copyPayload             0x08016c4d    0x40  Code  Lc  alarm.o [3]
copyTokensToOtherPage   0x08005d0f   0x1bc  Code  Lc  sim-eeprom-internal.o [8]
countIncremarks         0x080060f9    0x48  Code  Lc  sim-eeprom-internal.o [8]
createAndStoreJitMessage
                        0x0800aeb5    0x62  Code  Gb  common.o [1]
cryptInternal           0x080183a5   0x25c  Code  Lc  aps-encryption.o [14]
cstackMemory            0x20001f38   0x758  Data  Gb  cstartup-iar-common.o [1]
currentBroadcastLength  0x20002fe6     0x1  Data  Lc  alarm.o [3]
currentDuration         0x200026be     0x2  Data  Gb  buzzer.o [1]
currentJitFlag          0x2000290c     0x2  Data  Lc  jit.o [16]
currentOTABlock         0x20002694     0x1  Data  Gb  bootload-utils.o [1]
currentReceiveChannel   0x20002ced     0x1  Data  Lc  phy.o [16]
currentRetriesRemaining
                        0x20002692     0x1  Data  Gb  bootload-utils.o [1]
currentTune             0x200026c0     0x4  Data  Gb  buzzer.o [1]
dataBuffer              0x2000288c    0x14  Data  Gb  sensor.o [1]
dataCache               0x20002760     0x1  Data  Lc  form-and-join-node-adapter.o [1]
dataContents            0x20002b74     0x4  Data  Lc  form-and-join.o [1]
dataMode                0x200027f2     0x1  Data  Gb  sensor.o [1]
debugChannel            0x20002ff0    0x10  Data  Lc  debug-jtag.o [16]
debugTraceOn            0x20002fda     0x1  Data  Lc  debug.o [16]
decodeShortDestination  0x0800db0d    0x46  Code  Lc  mac-header.o [16]
deferredPanChange       0x0800fb03    0x3c  Code  Lc  management.o [16]
delay                   0x08016ded     0xc  Code  Gb  lcd.o [1]
delayCount              0x20002f4c     0x1  Data  Lc  retry.o [16]
deviceIsCoordinator     0x20002994     0x1  Data  Lc  phy-common.o [16]
display_graphic_8x16    0x08016ee7    0x26  Code  Gb  lcd.o [1]
display_string_8x16     0x08016f23    0x34  Code  Gb  lcd.o [1]
div                     0x0801ab67     0xe  Code  Gb  div.o [6]
dropJoinBeacon          0x0800e3e7    0x1a  Code  Lc  association.o [16]
edCcaThreshold          0x20002997     0x1  Data  Lc  phy-common.o [16]
emActiveAlwaysOnNetworkFound
                        0x080069db     0x4  Code  Gb  ember-multi-network-stub.o [11]
emActiveScanDuration    0x20002935     0x1  Data  Gb  association.o [16]
emActiveTaskCount       0x20002fdc     0x1  Data  Lc  event-control.o [16]
emAddApsFrame           0x08011ee7    0xe0  Code  Gb  zigbee-packet-header.o [16]
emAddBeaconPayload      0x0800f3fd    0x92  Code  Gb  association.o [16]
emAddBlacklistedId      0x080142f3    0x7e  Code  Gb  random-id.o [16]
emAddBroadcastTableEntry
                        0x08010ab7    0x4c  Code  Gb  broadcast.o [16]
emAddCurrentNetworkToPollingQueue
                        0x08006a91     0x2  Code  Gb  ember-multi-network-stub.o [11]
emAddNeighborGuaranteed
                        0x080111a9    0x66  Code  Gb  neighbor.o [16]
emAddPendingAckedMessage
                        0x08015d81    0x5e  Code  Gb  aps-retry.o [16]
emAddRejoinedChild      0x0800b9ff    0xe4  Code  Gb  child.o [16]
emAddTrustCenterRoute   0x080121ed    0x24  Code  Gb  route-discovery.o [16]
emAddTunnelledApsHeader
                        0x0801822d    0x3e  Code  Gb  trust-center-util.o [14]
emAddUnicastTableEntry  0x08010de5    0x26  Code  Gb  unicast-table.o [16]
emAddressTable          0x20002740     0x4  Data  Gb  ember-configuration.o [1]
emAddressTableSize      0x2000273c     0x1  Data  Gb  ember-configuration.o [1]
emAesEncrypt            0x08006fdd    0x22  Code  Gb  aes.o [16]
emAgeBlacklistedIds     0x080143a7    0x1c  Code  Gb  random-id.o [16]
emAgeBroadcastTable     0x08010a5d    0x3e  Code  Gb  broadcast.o [16]
emAgeChildren           0x08015011   0x108  Code  Gb  child-aging.o [16]
emAgeChildrenAllNetworks
                        0x08015119    0x22  Code  Gb  child-aging.o [16]
emAgeRouteTables        0x0801071b    0xf2  Code  Gb  route-table.o [16]
emAllowRelay            0x200026ec     0x1  Data  Gb  ember-configuration.o [1]
emAmMulticastMember     0x08014f8f    0x48  Code  Gb  address-table.o [16]
emAmNetworkManager      0x0800fb81    0x26  Code  Gb  management.o [16]
emAnyChildHasFlagsSet   0x0800b8d9    0x2a  Code  Gb  child.o [16]
emAppZdoConfigurationFlags
                        0x20002fcb     0x1  Data  Gb  ember-configuration.o [1]
emAppendToLinkedBuffers
                        0x08007e03    0x3c  Code  Gb  packet-buffer.o [16]
emApplicationCheckIncomingQueue
                        0x08012b0b    0x2e  Code  Gb  application-support.o [16]
emApplicationProcessIncoming
                        0x08012b39   0x16a  Code  Gb  application-support.o [16]
emApplicationProcessIncomingAck
                        0x08015ddf    0xe6  Code  Gb  aps-retry.o [16]
emApplicationSecurityMessageHandler
                        0x08013157   0x1be  Code  Gb  aps-security.o [14]
emApsBaseFrameSize      0x08011d53    0x30  Code  Gb  zigbee-packet-header.o [16]
emApsCrypt              0x08018601    0x30  Code  Gb  aps-encryption.o [14]
emApsExtendedHeaderSize
                        0x08011d39    0x1a  Code  Gb  zigbee-packet-header.o [16]
emApsFrameSize          0x08011d83    0x38  Code  Gb  zigbee-packet-header.o [16]
emApsFrameToApsStruct   0x08011ddb   0x10c  Code  Gb  zigbee-packet-header.o [16]
emApsHeaderSize         0x08011d1d    0x1c  Code  Gb  zigbee-packet-header.o [16]
emApsPurge              0x08015d31    0x2e  Code  Gb  aps-retry.o [16]
emApsUnicastMessageData
                        0x20002748     0x4  Data  Gb  ember-configuration.o [1]
emAreKeysAuthorizedByDefault
                        0x08017579     0x4  Code  Gb  cbke-crypto-engine-stub.o [5]
emAssociationHandler    0x0800ed0b   0x21e  Code  Gb  association.o [16]
emAssociationInProgress
                        0x080069d7     0x4  Code  Gb  ember-multi-network-stub.o [11]
emAssociationRequestNotSent
                        0x0800eff7     0xa  Code  Gb  association.o [16]
emAssumeSymmetricLink   0x0801120f    0x28  Code  Gb  neighbor.o [16]
emAuthenticatedRoutingOnly
                        0x20002fec     0x1  Data  Gb  high-security-stub.o [14]
emAuxiliaryZdoRequestHandler
                        0x080198b9   0x7c0  Code  Gb  zigbee-device.o [16]
emAvailableMemory       0x20000000   0x570  Data  Gb  ember-configuration.o [1]
[...]
handleSinkAdvertise     0x0800c8eb    0xae  Code  Gb  sensor.o [1]
handleSinkQuery         0x0800ae25    0x8a  Code  Gb  common.o [1]
idleDelayMicroseconds   0x08003e83    0xb0  Code  Gb  clocks.o [8]
ignoreExtendedPanId     0x20002b72     0x1  Data  Lc  form-and-join.o [1]
incomingMfglibMessage   0x08006d35    0x30  Code  Lc  mac-receive.o [16]
indexIntoBuffers        0x08007ee7    0x14  Code  Lc  packet-buffer.o [16]
initial_lcd             0x08016df9    0x86  Code  Gb  lcd.o [1]
initializeChildStatus   0x0800b87d    0x26  Code  Lc  child.o [16]
initializeNonceFromAuxFrame
                        0x08011835    0x56  Code  Lc  crypto.o [16]
initializeNonceFromBuffer
                        0x0801188b    0x44  Code  Lc  crypto.o [16]
initializeRemoteNode    0x0801734d    0x2e  Code  Lc  binding-table.o [4]
insertNeighbor          0x08010f39   0x110  Code  Lc  neighbor.o [16]
isCompatibleStackProfile
                        0x0800e355    0x24  Code  Gb  association.o [16]
isMyChild               0x0800b1f1    0x36  Code  Gb  common.o [1]
isMyNeighbor            0x0800b263     0x4  Code  Gb  common.o [1]
isTheSameEui64          0x080157d1    0x10  Code  Lc  bootload-utils.o [1]
jitMaskMulticastHello   0x200026d2     0x2  Data  Gb  common.o [1]
jitMessageApsFrame      0x200026c4     0xc  Data  Gb  common.o [1]
jitMessageMulticastHello
                        0x200026d0     0x1  Data  Gb  common.o [1]
jitMessageStatus        0x0800b05b    0x2c  Code  Gb  common.o [1]
jitMessageStatusPrintMessageData
                        0x0800b019    0x42  Code  Gb  common.o [1]
joinAttemptFailed       0x0800e4bb    0x62  Code  Lc  association.o [16]
joinData                0x20002910    0x18  Data  Lc  association.o [16]
joinNetworkQuietly      0x0800e71d    0x4a  Code  Lc  association.o [16]
lastAgingTime           0x20002e32     0x2  Data  Lc  broadcast.o [16]
lastAgingTimeQs         0x20002fc2     0x2  Data  Lc  route-table.o [16]
lastEventTimeMS         0x200029e4     0x2  Data  Lc  mac-indirect.o [16]
lastEventTimeMs         0x20002a1c     0x2  Data  Lc  aps-retry.o [16]
lastReportTimeMin       0x200029ef     0x1  Data  Lc  zdo-channel.o [16]
lastTransmitPacketIsDataPoll
                        0x2000299c     0x1  Data  Gb  phy-common.o [16]
lastTxSfdTime           0x200029a8     0x4  Data  Gb  phy-common.o [16]
lastVcoCalChannel       0x20002fe3     0x1  Data  Lc  analogue-vco.o [16]
lastVcoValue            0x20002fe4     0x1  Data  Lc  analogue-vco.o [16]
lcd_address             0x08016e83    0x1c  Code  Gb  lcd.o [1]
leaveReason             0x20002978     0x1  Data  Lc  leave.o [16]
left                    0x20002fbd     0x1  Data  Lc  sim-eeprom-internal.o [8]
libraryEnabled          0x20002a32     0x1  Data  Lc  packet-validate.o [12]
lnaForceReCal           0x200028d2     0x2  Data  Gb  analogue.o [16]
longIndirectPool        0x200029dc     0x4  Data  Lc  mac-indirect.o [16]
macBufferStatus         0x200029ba     0x1  Data  Lc  mac-arbiter.o [16]
macCheckIncomingQueue   0x08006b41   0x1c2  Code  Lc  mac-receive.o [16]
macCommandPacketIsValid
                        0x08013e41    0x48  Code  Lc  packet-validate.o [12]
macCommandSizes         0x08014094     0xc  Data  Lc  packet-validate.o [12]
macIsInactive           0x200029ee     0x1  Data  Lc  zdo-channel.o [16]
macSendShortIdCommand   0x0800fe41    0x36  Code  Lc  command.o [16]
main                    0x0800bf71   0x1d4  Code  Gb  sensor.o [1]
mainSinkFound           0x200027ed     0x1  Data  Gb  sensor.o [1]
managePollTxRxTurnaround
                        0x080035dd    0x1c  Code  Gb  phy-common.o [16]
matchingPoolAddress     0x080066f5    0x52  Code  Lc  mac-indirect.o [16]
maybeSendAddressResponse
                        0x08017a5d   0x180  Code  Lc  zigbee-device-util.o [16]
maybeSendBasicAck       0x08012e8f    0x20  Code  Lc  application-support.o [16]
memchr                  0x0801a281          Code  Gb  memchr.o [13]
mobileChildData         0x200028e9     0x1  Data  Lc  child.o [16]
mobileChildDataIndex    0x0800bd2b    0x40  Code  Lc  child.o [16]
mobileChildDataLength   0x200028ec     0x2  Data  Lc  child.o [16]
mobileJoinApsFrame      0x0800a698     0x8  Data  Lc  network.o [16]
modDacForceReCal        0x200028d0     0x2  Data  Gb  analogue.o [16]
mpuConfig               0x20002794    0x40  Data  Lc  mpu.o [1]
mtorFlags               0x0801a0fc     0x8  Data  Lc  zigbee-device.o [16]
networkCommandBaseSizes
                        0x080140a0     0xc  Data  Lc  packet-validate.o [12]
networkCommandPacketIsValid
                        0x08013ed3    0x9c  Code  Lc  packet-validate.o [12]
networkCount            0x20002b73     0x1  Data  Lc  form-and-join.o [1]
networkDecrypt          0x08009717   0x16e  Code  Lc  network.o [16]
networkInitData         0x20002930     0x4  Data  Lc  association.o [16]
networkPacketIsValid    0x08013e89    0x4a  Code  Lc  packet-validate.o [12]
networkSubmitUnicast    0x0800961b    0x84  Code  Lc  network.o [16]
newChannel              0x20002fd8     0x1  Data  Lc  association.o [16]
newNwkUpdateId          0x200029e9     0x1  Data  Lc  zdo-channel.o [16]
newPanId                0x20002a2c     0x2  Data  Lc  management.o [16]
nextApsFrameCounter     0x20002f9c     0x4  Data  Lc  crypto.o [16]
nextChannel             0x20002949     0x1  Data  Lc  scan.o [16]
nextIncomingRssi        0x20002968     0x4  Data  Lc  scan.o [16]
nextOutgoingRssi        0x20002964     0x4  Data  Lc  scan.o [16]
nodeSecurityInit        0x0801665b    0x3c  Code  Gb  node.o [1]
nodeThatToldUsToLeave   0x20002984     0x2  Data  Lc  leave.o [16]
normalOrBoostTokSerialRegId
                        0x08002ea0     0xc  Data  Gb  analogue-cell-bias.o [16]
noteDiscoveryTimeout    0x08010681    0x6a  Code  Lc  route-table.o [16]
notePreconfiguredKeyType
                        0x08013b9d    0x22  Code  Lc  aps-security.o [14]
notifyTrustCenter       0x08014799    0x28  Code  Lc  leave.o [16]
nullEui                 0x08002f0c     0x8  Data  Lc  mfg-token.o [1]
numberOfFailedDataMessages
                        0x200027f3     0x1  Data  Gb  sensor.o [1]
nwkSequenceNumber       0x20002940     0x1  Data  Lc  application-support.o [16]
oneScanDone             0x200029f0     0x1  Data  Lc  zdo-channel.o [16]
originalChannel         0x2000294c     0x1  Data  Lc  scan.o [16]
originalPanId           0x20002958     0x2  Data  Lc  scan.o [16]
originalRadioIdleMode   0x2000294d     0x1  Data  Lc  scan.o [16]
paPresent               0x200028da     0x1  Data  Lc  analogue.o [16]
packetChecks            0x080140c4    0x30  Data  Lc  packet-validate.o [12]
panConflictMeter        0x20002a20     0x1  Data  Lc  management.o [16]
parentLaunchBootload    0x20002b40     0x1  Data  Gb  common.o [1]
pendingAckedCount       0x20002a11     0x1  Data  Lc  aps-retry.o [16]
permitJoining           0x20002ccc     0x1  Data  Lc  association.o [16]
phyToMacQueueLength     0x20002a00     0x2  Data  Lc  mac-receive.o [16]
phyToMacQueueLengthReached
                        0x20002a04     0x2  Data  Lc  mac-receive.o [16]
pollState               0x200029bc     0x1  Data  Lc  mac-arbiter.o [16]
powerLevelSettings      0x08002a04     0x4  Data  Gb  analogue.o [16]
powers10                0x080053b4    0x24  Data  Lc  serial.o [1]
previousLoValue         0x20002970     0x1  Data  Gb  clocks.o [8]
previousTemperature     0x20002fe0     0x1  Data  Lc  phy.o [16]
previousTemperatureAvailable
                        0x20002fe1     0x1  Data  Lc  phy.o [16]
printAddressTable       0x0800ad1f    0xc2  Code  Gb  common.o [1]
printChildTable         0x0800b087    0x6a  Code  Gb  common.o [1]
printDataMode           0x0800ce49    0x34  Code  Gb  sensor.o [1]
printEUI64              0x0800ade1    0x1e  Code  Gb  common.o [1]
printExtendedPanId      0x0800abfb    0x24  Code  Gb  common.o [1]
printHelp               0x0800cba3   0x112  Code  Gb  sensor.o [1]
printNetInfo            0x0800bf2d    0x26  Code  Gb  sensor.o [1]
printNodeInfo           0x0800ac1f    0xa8  Code  Gb  common.o [1]
processDeviceAnnounceAndFindIdConflict
                        0x08009ea9    0xbe  Code  Lc  network.o [16]
processKeyCommand       0x0801386d   0x2a2  Code  Lc  aps-security.o [14]
processRxAddressReceiveCompleteIsr
                        0x080030f5    0xec  Code  Lc  phy.o [16]
processRxPacketCompleteIsr
                        0x080031e1    0xe4  Code  Lc  phy.o [16]
processScanRequest      0x0801776d   0x118  Code  Lc  zdo-channel.o [16]
processSerialInput      0x0800c9dd   0x1bc  Code  Gb  sensor.o [1]
processZigbeePacket     0x080099e1   0x39a  Code  Lc  network.o [16]
ptiEnabled              0x20002993     0x1  Data  Lc  phy-common.o [16]
ptrCache                0x20002c24    0x5c  Data  Gb  sim-eeprom.o [1]
ptrCacheLoc             0x080058ff    0x22  Code  Lc  sim-eeprom-internal.o [8]
pushInt16u              0x08011b6d     0xc  Code  Lc  zigbee-packet-header.o [16]
quietlyEraseChild       0x0800bc89    0x3a  Code  Lc  child.o [16]
radioCheckCrc           0x200029ac     0x1  Data  Gb  phy-common.o [16]
radioCurrentPowerStatus
                        0x2000299d     0x1  Data  Gb  phy-common.o [16]
radioIdlePowerState     0x20002998     0x1  Data  Lc  phy-common.o [16]
radioTransmitConfig     0x200028f0     0x8  Data  Gb  zigbee-stack.o [16]
reCalibrateVref         0x200028db     0x1  Data  Gb  analogue.o [16]
readAndPrintSensorData  0x0800cd3d    0x9e  Code  Gb  sensor.o [1]
readCounterValue        0x08006141    0x34  Code  Lc  sim-eeprom-internal.o [8]
readNetworkTokens       0x0800f615    0x2e  Code  Lc  association.o [16]
readNodeData            0x0800f643     0xc  Code  Lc  association.o [16]
readTokenData           0x0800587d    0x42  Code  Lc  sim-eeprom-internal.o [8]
recalculateMacDataPendingBitField
                        0x0800674f    0x42  Code  Lc  mac-indirect.o [16]
recyclePendingAckedMessages
                        0x08015ce9    0x48  Code  Lc  aps-retry.o [16]
reenqueueSubmitHead     0x08010d2b    0x82  Code  Lc  retry.o [16]
rejoinUpdateDeviceStatusValues
                        0x0800ebb4     0x8  Data  Lc  association.o [16]
removeFromBuffer        0x08009439    0x2e  Code  Lc  network.o [16]
requestKeyBuffer        0x20002a2f     0x1  Data  Lc  trust-center-util.o [14]
respondTimer            0x200027ec     0x1  Data  Gb  sensor.o [1]
retryEntries            0x20002f5c    0x30  Data  Lc  retry.o [16]
rhoActive               0x20002774     0x1  Data  Lc  micro.o [1]
rhoEnabled              0x20002776     0x1  Data  Lc  micro.o [1]
rmwRadioPowerCfgReg     0x080042b9    0x3e  Code  Lc  micro.o [1]
rmwRadioPowerOutReg     0x080042f7    0x36  Code  Lc  micro.o [1]
routeRequestId          0x20002fed     0x1  Data  Lc  route-discovery.o [16]
routeTableTimer         0x20002fc0     0x1  Data  Lc  route-table.o [16]
runEventHandler         0x08015eed   0x122  Code  Lc  aps-retry.o [16]
rxBuffer                0x20002cf0   0x114  Data  Lc  phy.o [16]
sampleVcoTune           0x0800467d    0x44  Code  Gb  analogue-mod-dac.o [16]
savedMSP                0x20002e08          Data  Gb  context-switch.o [8]
savedResetCause         0x20002a76     0x2  Data  Lc  cstartup-iar-common.o [1]
scanChannelMask         0x20002960     0x4  Data  Lc  scan.o [16]
scanDuration            0x2000294a     0x1  Data  Lc  scan.o [16]
scanFrameCounter        0x2000295c     0x4  Data  Lc  scan.o [16]
scanRequestHeader       0x200029eb     0x1  Data  Lc  zdo-channel.o [16]
scanResults             0x200029ec     0x1  Data  Lc  zdo-channel.o [16]
scanTransmitRetries     0x2000294b     0x1  Data  Lc  scan.o [16]
scansRemaining          0x200029ed     0x1  Data  Lc  zdo-channel.o [16]
seed0                   0x200027d4     0x2  Data  Gb  random.o [1]
seed1                   0x200027d6     0x2  Data  Gb  random.o [1]
sendAckedUnicast        0x0801600f    0xe8  Code  Lc  aps-retry.o [16]
sendApplicationKeys     0x0801812b    0xe6  Code  Lc  trust-center-util.o [14]
sendBootloaderLaunchMessage
                        0x0800b1bf    0x32  Code  Gb  common.o [1]
sendData                0x0800c685   0x1a8  Code  Gb  sensor.o [1]
sendDataCountdown       0x200027f1     0x1  Data  Gb  sensor.o [1]
sendFromSource          0x20002942     0x2  Data  Lc  application-support.o [16]
sendLeaveCommand        0x080147fd    0x72  Code  Lc  leave.o [16]
sendMulticastHello      0x0800c85f    0x76  Code  Gb  sensor.o [1]
sendNeighborExchange    0x080148c9    0xac  Code  Lc  neighbor-exchange.o [16]
sendRadioMessage        0x08015a89    0xcc  Code  Lc  bootload-utils.o [1]
sendSpecialJoinRequest  0x0800e8c7    0xd0  Code  Lc  association.o [16]
sendUpdateDevice        0x0801356d    0x4c  Code  Lc  aps-security.o [14]
sensorCommonPrint16ByteKey
                        0x0800ab5f    0x5e  Code  Gb  common.o [1]
sensorCommonPrintKeys   0x0800accd    0x52  Code  Gb  common.o [1]
sensorCommonSetupSecurity
                        0x0800abc5    0x36  Code  Gb  common.o [1]
sensorInit              0x0800c9c7    0x12  Code  Gb  sensor.o [1]
sensorPrintKeyOptions   0x0800aaa1    0xbe  Code  Gb  common.o [1]
sequenceNumber          0x20002feb     0x1  Data  Lc  debug-jtag.o [16]
serialRegData           0x20002c8c    0x24  Data  Gb  analogue.o [16]
setChildTokenData       0x0800be4b    0xa2  Code  Lc  child.o [16]
setNonvolatileBinding   0x080171eb    0x2e  Code  Lc  binding-table.o [4]
setOrOverrideTrustCenterEui64
                        0x080168d3    0x22  Code  Lc  aps-keys.o [14]
setRadioParameters      0x0800f4c7    0x52  Code  Lc  association.o [16]
setTxStepTime           0x0800248f    0x34  Code  Lc  analogue.o [16]
shift                   0x08007021    0x10  Code  Lc  random.o [1]
shortIndirectPool       0x200029e0     0x4  Data  Lc  mac-indirect.o [16]
signingKey              0x20002698     0x1  Data  Lc  bootload-utils.o [1]
simEeErasePage          0x080058c7    0x16  Code  Lc  sim-eeprom-internal.o [8]
simEeSetDataActiveSemaphore
                        0x20002fd4     0x1  Data  Gb  token.o [1]
simulatedEepromStorage  0x0802e000  0x2000  Data  Gb  sim-eeprom.o [1]
sinkEUI                 0x20002804     0x8  Data  Gb  sensor.o [1]
sinkShortAddress        0x200027f6     0x2  Data  Gb  sensor.o [1]
sizeCache               0x0801baec    0x18  Data  Gb  sim-eeprom.o [1]
sleepTimerInterruptOccurred
                        0x20002cc4     0x1  Data  Gb  system-timer.o [8]
sleepTmrArtificalCnt    0x20002cc8     0x4  Data  Gb  system-timer.o [8]
spreadModDac1           0x2000298a     0x2  Data  Gb  analogue-mod-dac.o [16]
spreadModDac2           0x2000298c     0x2  Data  Gb  analogue-mod-dac.o [16]
sprintf                 0x08016f6d    0x34  Code  Gb  sprintf.o [6]
stackEvents             0x0800e294    0xc0  Data  Gb  zigbee-stack.o [16]
stackTokenInfo          0x0801836c    0x38  Data  Lc  token-cache.o [16]
startChannelScan        0x08010535    0x64  Code  Lc  scan.o [16]
startNetworkOperation   0x0800e48f    0x2c  Code  Lc  association.o [16]
startNextConversion     0x080021f3    0x52  Code  Gb  adc.o [1]
startPanIdScan          0x0801949b    0x44  Code  Lc  form-and-join.o [1]
startScan               0x08019781    0x22  Code  Lc  form-and-join.o [1]
statsTable              0x20002ce0     0xc  Data  Lc  debug.o [16]
strchr                  0x0801a269          Code  Gb  strchr.o [13]
strlen                  0x080170fd          Code  Gb  strlen.o [13]
submitCount             0x20002f4d     0x1  Data  Lc  retry.o [16]
swoOutput               0x0800829d    0xcc  Code  Lc  debug-jtag.o [16]
targetAddress           0x200026a4     0x8  Data  Gb  bootload-utils.o [1]
terminateScanRequest    0x08017737    0x26  Code  Lc  zdo-channel.o [16]
timeToWaitForSinkReadyMessage
                        0x200027f0     0x1  Data  Gb  sensor.o [1]
timeoutPools            0x08006791    0xde  Code  Lc  mac-indirect.o [16]
toBCD                   0x0800ce11    0x38  Code  Gb  sensor.o [1]
tokenArraySize          0x0801bb64    0x18  Data  Gb  token-def.o [1]
tokenCreators           0x0801bb04    0x30  Data  Gb  token-def.o [1]
tokenDefaults           0x0801bcfc    0x5c  Data  Gb  token-def.o [1]
tokenIsCnt              0x0801bb34    0x18  Data  Gb  token-def.o [1]
tokenSize               0x0801bb4c    0x18  Data  Gb  token-def.o [1]
tokensActive            0x20002fd3     0x1  Data  Gb  token.o [1]
transfer_command_lcd    0x08016da1    0x26  Code  Gb  lcd.o [1]
transfer_data_lcd       0x08016dc7    0x26  Code  Gb  lcd.o [1]
transmitQueue           0x200029c0     0x8  Data  Lc  mac-arbiter.o [16]
transportKeyFrameSizes  0x080140bc     0x8  Data  Lc  packet-validate.o [12]
tuneDone                0x200026bd     0x1  Data  Gb  buzzer.o [1]
tunePos                 0x200026bc     0x1  Data  Gb  buzzer.o [1]
txPower                 0x080029b8    0x28  Data  Gb  analogue.o [16]
txStepTimeSnapshot      0x200029a4     0x2  Data  Lc  phy-common.o [16]
unicastHead             0x20002fa0     0x1  Data  Lc  unicast-table.o [16]
uninitializedIsr        0x0801aeb5          Code  Gb  faults.o [1]
unsentMessageCount      0x200029bb     0x1  Data  Lc  mac-arbiter.o [16]
unsolicitedChannelReport
                        0x200029ea     0x1  Data  Lc  zdo-channel.o [16]
updateParentToken       0x0800f7af    0x62  Code  Lc  association.o [16]
useOsc32k               0x20002fd2     0x1  Data  Gb  micro-common.o [1]
useXtalAsIs             0x2000296f     0x1  Data  Lc  clocks.o [8]
vcoLastTuneValueAvailable
                        0x20002fe2     0x1  Data  Gb  analogue-vco.o [16]
vcoTuneModDacError      0x080046c1    0x24  Code  Lc  analogue-mod-dac.o [16]
verifyFib               0x08008805    0x24  Code  Lc  flash.o [8]
waitingForSinkReadyMessage
                        0x200027ef     0x1  Data  Gb  sensor.o [1]
waitingToRespond        0x200027ee     0x1  Data  Gb  sensor.o [1]
wakeupSleepTmrCnt       0x20002c88     0x4  Data  Gb  sleep.o [1]
wakeupXtalState         0x2000296e     0x1  Data  Gb  clocks.o [8]
walkDelayQueue          0x08010b29    0xd0  Code  Lc  retry.o [16]
writeMessage            0x08007ff1    0xb0  Code  Lc  packet-buffer.o [16]
writePageCounters       0x08005ed3    0x7e  Code  Lc  sim-eeprom-internal.o [8]
writeTokenBlockData     0x08005825    0x58  Code  Lc  sim-eeprom-internal.o [8]
xmodemBlock             0x20002a78    0x80  Data  Gb  bootload-utils.o [1]
xmodemReadSerialByte    0x080157e1    0x46  Code  Lc  bootload-utils.o [1]
xmodemReceiveAndForward
                        0x080158ff    0xce  Code  Lc  bootload-utils.o [1]
xmodemReceiveBlock      0x08015827    0xd4  Code  Lc  bootload-utils.o [1]
xorBufferBytesIntoBlock
                        0x08011583    0x82  Code  Lc  crypto.o [16]
xtalAboveLoThresholdUs  0x20002972     0x2  Data  Gb  clocks.o [8]
xtalUnstable            0x2000296d     0x1  Data  Gb  clocks.o [8]
zigDevApsStruct         0x20002eac     0x4  Data  Lc  zigbee-device-util.o [16]
zigDevRequestSequence   0x20002ea8     0x1  Data  Lc  zigbee-device-util.o [16]


[1] = F:\Firmware\emberZNet\firmware\EmberZNet\EM35x\app\sensor\ewb-em357\build\sensor-cortexm3-iar-em357-em3xx-dev0680-debug\Obj
[2] = command line
[3] = alarm-library.a
[4] = binding-table-library.a
[5] = cbke-stub-library.a
[6] = dl7M_tln.a
[7] = end-device-bind-stub-library.a
[8] = hal-library.a
[9] = install-code-library-stub.a
[10] = m7M_tl.a
[11] = multi-network-stub-library.a
[12] = packet-validate-library.a
[13] = rt7M_tl.a
[14] = security-library-core.a
[15] = security-library-link-keys-stub.a
[16] = zigbee-pro-stack.a
[17] = zll-stub-library.a

  102 416 bytes of readonly  code memory
    4 304 bytes of readonly  data memory
   14 032 bytes of readwrite data memory

Errors: none
Warnings: none
