###############################################################################
#                                                                             #
# IAR ELF Linker V6.40.4.54170/W32 for ARM              07/Aug/2013  13:00:07 #
# Copyright 2007-2012 IAR Systems AB.                                         #
#                                                                             #
#    Output file  =  D:\Firmware\EZ\EZ\firmware\EmberZNet\EM35x\app\sensor\ew #
#                    b-em357\build\sensor-cortexm3-iar-em357-em3xx-dev0680-de #
#                    bug\Exe\sensor.out                                       #
#    Map file     =  D:\Firmware\EZ\EZ\firmware\EmberZNet\EM35x\app\sensor\ew #
#                    b-em357\build\sensor-cortexm3-iar-em357-em3xx-dev0680-de #
#                    bug\Lst\sensor.map                                       #
#    Command line =  D:\Firmware\EZ\EZ\firmware\EmberZNet\EM35x\app\sensor\ew #
#                    b-em357\build\sensor-cortexm3-iar-em357-em3xx-dev0680-de #
#                    bug\Obj\Language.o D:\Firmware\EZ\EZ\firmware\EmberZNet\ #
#                    EM35x\app\sensor\ewb-em357\build\sensor-cortexm3-iar-em3 #
#                    57-em3xx-dev0680-debug\Obj\adc.o                         #
#                    D:\Firmware\EZ\EZ\firmware\EmberZNet\EM35x\app\sensor\ew #
#                    b-em357\build\sensor-cortexm3-iar-em357-em3xx-dev0680-de #
#                    bug\Obj\bootload-utils.o D:\Firmware\EZ\EZ\firmware\Embe #
#                    rZNet\EM35x\app\sensor\ewb-em357\build\sensor-cortexm3-i #
#                    ar-em357-em3xx-dev0680-debug\Obj\bootloader-interface-ap #
#                    p.o D:\Firmware\EZ\EZ\firmware\EmberZNet\EM35x\app\senso #
#                    r\ewb-em357\build\sensor-cortexm3-iar-em357-em3xx-dev068 #
#                    0-debug\Obj\bootloader-interface-standalone.o            #
#                    D:\Firmware\EZ\EZ\firmware\EmberZNet\EM35x\app\sensor\ew #
#                    b-em357\build\sensor-cortexm3-iar-em357-em3xx-dev0680-de #
#                    bug\Obj\bootloader-interface.o                           #
#                    D:\Firmware\EZ\EZ\firmware\EmberZNet\EM35x\app\sensor\ew #
#                    b-em357\build\sensor-cortexm3-iar-em357-em3xx-dev0680-de #
#                    bug\Obj\button.o D:\Firmware\EZ\EZ\firmware\EmberZNet\EM #
#                    35x\app\sensor\ewb-em357\build\sensor-cortexm3-iar-em357 #
#                    -em3xx-dev0680-debug\Obj\buzzer.o                        #
#                    D:\Firmware\EZ\EZ\firmware\EmberZNet\EM35x\app\sensor\ew #
#                    b-em357\build\sensor-cortexm3-iar-em357-em3xx-dev0680-de #
#                    bug\Obj\common.o D:\Firmware\EZ\EZ\firmware\EmberZNet\EM #
#                    35x\app\sensor\ewb-em357\build\sensor-cortexm3-iar-em357 #
#                    -em3xx-dev0680-debug\Obj\crc.o                           #
#                    D:\Firmware\EZ\EZ\firmware\EmberZNet\EM35x\app\sensor\ew #
#                    b-em357\build\sensor-cortexm3-iar-em357-em3xx-dev0680-de #
#                    bug\Obj\cstartup-iar-common.o                            #
#                    D:\Firmware\EZ\EZ\firmware\EmberZNet\EM35x\app\sensor\ew #
#                    b-em357\build\sensor-cortexm3-iar-em357-em3xx-dev0680-de #
#                    bug\Obj\diagnostic.o D:\Firmware\EZ\EZ\firmware\EmberZNe #
#                    t\EM35x\app\sensor\ewb-em357\build\sensor-cortexm3-iar-e #
#                    m357-em3xx-dev0680-debug\Obj\ember-configuration.o       #
#                    D:\Firmware\EZ\EZ\firmware\EmberZNet\EM35x\app\sensor\ew #
#                    b-em357\build\sensor-cortexm3-iar-em357-em3xx-dev0680-de #
#                    bug\Obj\endian.o D:\Firmware\EZ\EZ\firmware\EmberZNet\EM #
#                    35x\app\sensor\ewb-em357\build\sensor-cortexm3-iar-em357 #
#                    -em3xx-dev0680-debug\Obj\faults.o                        #
#                    D:\Firmware\EZ\EZ\firmware\EmberZNet\EM35x\app\sensor\ew #
#                    b-em357\build\sensor-cortexm3-iar-em357-em3xx-dev0680-de #
#                    bug\Obj\form-and-join-node-adapter.o                     #
#                    D:\Firmware\EZ\EZ\firmware\EmberZNet\EM35x\app\sensor\ew #
#                    b-em357\build\sensor-cortexm3-iar-em357-em3xx-dev0680-de #
#                    bug\Obj\form-and-join-node-callbacks.o                   #
#                    D:\Firmware\EZ\EZ\firmware\EmberZNet\EM35x\app\sensor\ew #
#                    b-em357\build\sensor-cortexm3-iar-em357-em3xx-dev0680-de #
#                    bug\Obj\form-and-join.o D:\Firmware\EZ\EZ\firmware\Ember #
#                    ZNet\EM35x\app\sensor\ewb-em357\build\sensor-cortexm3-ia #
#                    r-em357-em3xx-dev0680-debug\Obj\isr-stubs.o              #
#                    D:\Firmware\EZ\EZ\firmware\EmberZNet\EM35x\app\sensor\ew #
#                    b-em357\build\sensor-cortexm3-iar-em357-em3xx-dev0680-de #
#                    bug\Obj\lcd.o D:\Firmware\EZ\EZ\firmware\EmberZNet\EM35x #
#                    \app\sensor\ewb-em357\build\sensor-cortexm3-iar-em357-em #
#                    3xx-dev0680-debug\Obj\led.o                              #
#                    D:\Firmware\EZ\EZ\firmware\EmberZNet\EM35x\app\sensor\ew #
#                    b-em357\build\sensor-cortexm3-iar-em357-em3xx-dev0680-de #
#                    bug\Obj\mem-util.o D:\Firmware\EZ\EZ\firmware\EmberZNet\ #
#                    EM35x\app\sensor\ewb-em357\build\sensor-cortexm3-iar-em3 #
#                    57-em3xx-dev0680-debug\Obj\mfg-token.o                   #
#                    D:\Firmware\EZ\EZ\firmware\EmberZNet\EM35x\app\sensor\ew #
#                    b-em357\build\sensor-cortexm3-iar-em357-em3xx-dev0680-de #
#                    bug\Obj\micro-common.o D:\Firmware\EZ\EZ\firmware\EmberZ #
#                    Net\EM35x\app\sensor\ewb-em357\build\sensor-cortexm3-iar #
#                    -em357-em3xx-dev0680-debug\Obj\micro.o                   #
#                    D:\Firmware\EZ\EZ\firmware\EmberZNet\EM35x\app\sensor\ew #
#                    b-em357\build\sensor-cortexm3-iar-em357-em3xx-dev0680-de #
#                    bug\Obj\mpu.o D:\Firmware\EZ\EZ\firmware\EmberZNet\EM35x #
#                    \app\sensor\ewb-em357\build\sensor-cortexm3-iar-em357-em #
#                    3xx-dev0680-debug\Obj\node.o                             #
#                    D:\Firmware\EZ\EZ\firmware\EmberZNet\EM35x\app\sensor\ew #
#                    b-em357\build\sensor-cortexm3-iar-em357-em3xx-dev0680-de #
#                    bug\Obj\random.o D:\Firmware\EZ\EZ\firmware\EmberZNet\EM #
#                    35x\app\sensor\ewb-em357\build\sensor-cortexm3-iar-em357 #
#                    -em3xx-dev0680-debug\Obj\security-common.o               #
#                    D:\Firmware\EZ\EZ\firmware\EmberZNet\EM35x\app\sensor\ew #
#                    b-em357\build\sensor-cortexm3-iar-em357-em3xx-dev0680-de #
#                    bug\Obj\sensor.o D:\Firmware\EZ\EZ\firmware\EmberZNet\EM #
#                    35x\app\sensor\ewb-em357\build\sensor-cortexm3-iar-em357 #
#                    -em3xx-dev0680-debug\Obj\serial.o                        #
#                    D:\Firmware\EZ\EZ\firmware\EmberZNet\EM35x\app\sensor\ew #
#                    b-em357\build\sensor-cortexm3-iar-em357-em3xx-dev0680-de #
#                    bug\Obj\sim-eeprom.o D:\Firmware\EZ\EZ\firmware\EmberZNe #
#                    t\EM35x\app\sensor\ewb-em357\build\sensor-cortexm3-iar-e #
#                    m357-em3xx-dev0680-debug\Obj\sleep.o                     #
#                    D:\Firmware\EZ\EZ\firmware\EmberZNet\EM35x\app\sensor\ew #
#                    b-em357\build\sensor-cortexm3-iar-em357-em3xx-dev0680-de #
#                    bug\Obj\token-def.o D:\Firmware\EZ\EZ\firmware\EmberZNet #
#                    \EM35x\app\sensor\ewb-em357\build\sensor-cortexm3-iar-em #
#                    357-em3xx-dev0680-debug\Obj\token.o                      #
#                    D:\Firmware\EZ\EZ\firmware\EmberZNet\EM35x\app\sensor\ew #
#                    b-em357\build\sensor-cortexm3-iar-em357-em3xx-dev0680-de #
#                    bug\Obj\uart.o D:\Firmware\EZ\EZ\firmware\EmberZNet\EM35 #
#                    x\build\alarm-library-cortexm3-iar-em357-em3xx-debug\ala #
#                    rm-library.a D:\Firmware\EZ\EZ\firmware\EmberZNet\EM35x\ #
#                    build\binding-table-library-cortexm3-iar-em357-em3xx-deb #
#                    ug\binding-table-library.a D:\Firmware\EZ\EZ\firmware\Em #
#                    berZNet\EM35x\build\cbke-stub-library-cortexm3-iar-em357 #
#                    -em3xx\cbke-stub-library.a D:\Firmware\EZ\EZ\firmware\Em #
#                    berZNet\EM35x\build\end-device-bind-stub-library-cortexm #
#                    3-iar-em357-em3xx\end-device-bind-stub-library.a         #
#                    D:\Firmware\EZ\EZ\firmware\EmberZNet\EM35x\build\hal-lib #
#                    rary-cortexm3-iar-em357-em3xx-debug\hal-library.a        #
#                    D:\Firmware\EZ\EZ\firmware\EmberZNet\EM35x\build\install #
#                    -code-library-stub-cortexm3-iar-em357-em3xx\install-code #
#                    -library-stub.a D:\Firmware\EZ\EZ\firmware\EmberZNet\EM3 #
#                    5x\build\multi-network-stub-library-cortexm3-iar-em357-e #
#                    m3xx\multi-network-stub-library.a                        #
#                    D:\Firmware\EZ\EZ\firmware\EmberZNet\EM35x\build\packet- #
#                    validate-library-cortexm3-iar-em357-em3xx-debug\packet-v #
#                    alidate-library.a D:\Firmware\EZ\EZ\firmware\EmberZNet\E #
#                    M35x\build\security-library-core-cortexm3-iar-em357-em3x #
#                    x-debug\security-library-core.a                          #
#                    D:\Firmware\EZ\EZ\firmware\EmberZNet\EM35x\build\securit #
#                    y-library-link-keys-stub-cortexm3-iar-em357-em3xx\securi #
#                    ty-library-link-keys-stub.a                              #
#                    D:\Firmware\EZ\EZ\firmware\EmberZNet\EM35x\build\zigbee- #
#                    pro-stack-cortexm3-iar-em357-em3xx-debug\zigbee-pro-stac #
#                    k.a D:\Firmware\EZ\EZ\firmware\EmberZNet\EM35x\build\zll #
#                    -stub-library-cortexm3-iar-em357-em3xx\zll-stub-library. #
#                    a --redirect _Printf=_PrintfFull --redirect              #
#                    _Scanf=_ScanfFull -o D:\Firmware\EZ\EZ\firmware\EmberZNe #
#                    t\EM35x\app\sensor\ewb-em357\build\sensor-cortexm3-iar-e #
#                    m357-em3xx-dev0680-debug\Exe\sensor.out --map            #
#                    D:\Firmware\EZ\EZ\firmware\EmberZNet\EM35x\app\sensor\ew #
#                    b-em357\build\sensor-cortexm3-iar-em357-em3xx-dev0680-de #
#                    bug\Lst\sensor.map --log initialization,modules,sections #
#                    ,veneers --log_file D:\Firmware\EZ\EZ\firmware\EmberZNet #
#                    \EM35x\app\sensor\ewb-em357\build\sensor-cortexm3-iar-em #
#                    357-em3xx-dev0680-debug\Lst\sensor.log --config          #
#                    D:\Firmware\EZ\EZ\firmware\EmberZNet\EM35x\app\sensor\ew #
#                    b-em357/../../../hal/micro/cortexm3/em35x/em357/iar-cfg. #
#                    icf --diag_suppress Lp012 --entry halEntryPoint --vfe    #
#                                                                             #
#                                                                             #
###############################################################################

*******************************************************************************
*** RUNTIME MODEL ATTRIBUTES
***

CppFlavor       = *
__SystemLibrary = DLib


*******************************************************************************
*** PLACEMENT SUMMARY
***

"BAT": place at 0x08000000 { section BAT };
"HEADERS":
       place at start of [0x08002000-0x080020ff] { block HEADER_block };
"APP ro":
       place at start of [0x08002100-0x0802ffff] { block APPRO_block };
"NVM&SIMEE":
       place at end of [0x08002100-0x0802ffff] {
          zi section NVM, zi section SIMEE, zi section INTERNAL_STORAGE };
"FAT": place at 0x08040000 { section FAT };
"DEBUGCHAN":
       place at start of [0x20002ff0-0x20002fff] { rw section DEBUG_CHANNEL };
"APP rw":
       place at end of [0x20000000-0x20002fef] { block APPRW_block };
"Heap":
       place at start of [0x20000000-0x20002fef] { overlay EMHEAP_overlay };
"Guard":
       place in [from 0x20000000 to 0x20002fef] { rw section GUARD_REGION };

  Section                 Kind        Address     Size  Object
  -------                 ----        -------     ----  ------
"BAT":                                            0x54
  BAT                     uninit   0x08000000     0x54  cstartup-iar-common.o [1]
                                 - 0x08000054     0x54

"HEADERS":                                        0xac
  HEADER_block                     0x08002000     0xac  <Block>
    AAT                   const    0x08002000     0xac  cstartup-iar-common.o [1]
                                 - 0x080020ac     0xac

"APP ro":                                      0x1beac
  APPRO_block                      0x08002100  0x1beac  <Block>
    .intvec               const    0x08002100     0x90  cstartup-iar-common.o [1]
    .text                          0x08002190  0x19754  <Block>
      .text               ro code  0x08002190    0x400  adc.o [1]
      .text               ro code  0x08002590      0xc  spmr.o [8]
      .text               ro code  0x0800259c      0x6  spmr.o [8]
      .text               ro code  0x080025a2      0xa  xsprout.o [6]
      .text               ro code  0x080025ac    0x5bc  analogue.o [16]
      .text               ro code  0x08002b68      0xe  spmr.o [8]
      .text               ro code  0x08002b78    0x2fc  diagnostic.o [1]
      .text               ro code  0x08002e74    0x152  micro-common-internal.o [8]
      .text               ro code  0x08002fc8     0xf0  analogue-cell-bias.o [16]
      .text               ro code  0x080030b8     0x90  mfg-token.o [1]
      .text               ro code  0x08003148    0x1c0  token.o [1]
      .text               ro code  0x08003308    0x548  phy.o [16]
      .text               ro code  0x08003850     0x50  analogue-filter.o [16]
      .text               ro code  0x080038a0    0x89c  phy-common.o [16]
      .text               ro code  0x0800413c    0x3ba  clocks.o [8]
      .text               ro code  0x080044f8    0x35c  micro.o [1]
      .text               ro code  0x08004854     0xd4  analogue-vco.o [16]
      .text               ro code  0x08004928    0x268  analogue-mod-dac.o [16]
      .text               ro code  0x08004b90    0x1aa  analogue-lna.o [16]
      .text               ro code  0x08004d3c    0x11c  caladc.o [8]
      .text               ro code  0x08004e58     0xcc  micro-common.o [1]
      .text               ro code  0x08004f24    0x3f4  debug.o [16]
      .text               ro code  0x08005318    0x61e  serial.o [1]
      .text               ro code  0x08005938    0x198  micro-internal.o [8]
      .text               ro code  0x08005ad0    0x100  mem-util.o [1]
      .text               ro code  0x08005bd0    0x144  sim-eeprom.o [1]
      .text               ro code  0x08005d14    0xad8  sim-eeprom-internal.o [8]
      .text               ro code  0x080067ec    0x5c0  mac-indirect.o [16]
      .text               ro code  0x08006dac     0x40  child-table.o [16]
      .text               ro code  0x08006dec    0x1f8  ember-multi-network-stub.o [11]
      .text               ro code  0x08006fe4    0x2cc  mac-receive.o [16]
      .text               ro code  0x080072b0    0x1b8  mac-em250.o [16]
      .text               ro code  0x08007468     0xae  aes.o [16]
      .text               ro code  0x08007516      0x8  abs.o [6]
      .text               ro code  0x08007520     0x64  random.o [1]
      .text               ro code  0x08007584      0x8  spmr.o [8]
      .text               ro code  0x0800758c    0x940  sleep.o [1]
      .text               ro code  0x08007ecc     0x18  eui64.o [16]
      .text               ro code  0x08007ee4      0x4  spmr.o [8]
      .text               ro code  0x08007ee8      0xe  spmr.o [8]
      .text               ro code  0x08007ef8      0x8  context-switch.o [8]
      .text               ro code  0x08007f00      0x4  spmr.o [8]
      .text               ro code  0x08007f04    0x320  uart.o [1]
      .text               ro code  0x08008224    0x1cc  button.o [1]
      .text               ro code  0x080083f0     0xc8  cstartup-iar-common.o [1]
      .text               ro code  0x080084b8    0x6e8  packet-buffer.o [16]
      .text               ro code  0x08008ba0    0x272  debug-jtag.o [16]
      .text               ro code  0x08008e14    0x154  ember-stack-common.o [16]
      .text               ro code  0x08008f68    0x19c  ember-configuration.o [1]
      .text               ro code  0x08009104     0x94  mpu.o [1]
      .text               ro code  0x08009198    0x128  flash.o [8]
      .text               ro code  0x080092c0    0x100  system-timer.o [8]
      .text               ro code  0x080093c0    0x254  packet-header.o [16]
      .text               ro code  0x08009614    0x258  event-control.o [16]
      .text               ro code  0x0800986c    0x418  mac-arbiter.o [16]
      .text               ro code  0x08009c84     0x22  I64Shl.o [13]
      .text               ro code  0x08009ca8   0x138c  network.o [16]
      .text               ro code  0x0800b034    0x400  mac.o [16]
      .text               ro code  0x0800b434    0xb1e  common.o [1]
      .text               ro code  0x0800bf54    0x734  child.o [16]
      .text               ro code  0x0800c688   0x1338  sensor.o [1]
      .text               ro code  0x0800d9c0    0x32c  mac-header.o [16]
      .text               ro code  0x0800dcec     0xfe  led.o [1]
      .text               ro code  0x0800ddec     0x60  symbol-timer.o [16]
      .text               ro code  0x0800de4c     0x44  byte-utilities.o [16]
      .text               ro code  0x0800de90     0x32  crc.o [1]
      .text               ro code  0x0800dec2     0x2a  zll-stubs.o [17]
      .text               ro code  0x0800deec    0x388  zigbee-stack.o [16]
      .text               ro code  0x0800e274   0x1524  association.o [16]
      .text               ro code  0x0800f798    0x344  management.o [16]
      .text               ro code  0x0800fadc    0x284  jit.o [16]
      .text               ro code  0x0800fd60    0x3ce  command.o [16]
      .text               ro code  0x08010130    0x408  scan.o [16]
      .text               ro code  0x08010538    0x3c0  route-table.o [16]
      .text               ro code  0x080108f8    0x150  broadcast.o [16]
      .text               ro code  0x08010a48    0x292  retry.o [16]
      .text               ro code  0x08010cdc     0x64  unicast-table.o [16]
      .text               ro code  0x08010d40    0x648  neighbor.o [16]
      .text               ro code  0x08011388    0x5f2  crypto.o [16]
      .text               ro code  0x0801197c    0x580  zigbee-packet-header.o [16]
      .text               ro code  0x08011efc    0x774  route-discovery.o [16]
      .text               ro code  0x08012670    0x8c0  application-support.o [16]
      .text               ro code  0x08012f30    0xc3c  aps-security.o [14]
      .text               ro code  0x08013b6c    0x1f4  zigbee-neighbor.o [16]
      .text               ro code  0x08013d60    0x2b4  packet-validate.o [12]
      .text               ro code  0x08014014    0x2ec  random-id.o [16]
      .text               ro code  0x08014300    0x148  route-error.o [16]
      .text               ro code  0x08014448    0x3a0  leave.o [16]
      .text               ro code  0x080147e8    0x35c  neighbor-exchange.o [16]
      .text               ro code  0x08014b44    0x3ec  address-table.o [16]
      .text               ro code  0x08014f30    0x17c  child-aging.o [16]
      .text               ro code  0x080150ac   0x1106  bootload-utils.o [1]
      .text               ro code  0x080161b4    0x8fc  aps-retry.o [16]
      .text               ro code  0x08016ab0     0x76  ABImemcpy.o [13]
      .text               ro code  0x08016b26     0x48  node.o [1]
      .text               ro code  0x08016b70    0x500  aps-keys.o [14]
      .text               ro code  0x08017070    0x208  alarm.o [3]
      .text               ro code  0x08017278    0x264  lcd.o [1]
      .text               ro code  0x080174dc     0x8c  form-and-join-node-adapter.o [1]
      .text               ro code  0x08017568     0x34  sprintf.o [6]
      .text               ro code  0x0801759c     0xe4  zigbee-dispatch.o [16]
      .text               ro code  0x08017680     0x36  strlen.o [13]
      .text               ro code  0x080176b8     0xa4  bootloader-interface-standalone.o [1]
      .text               ro code  0x0801775c     0x12  phy-util.o [16]
      .text               ro code  0x08017770    0x3ac  binding-table.o [4]
      .text               ro code  0x08017b1c     0x14  cbke-crypto-engine-stub.o [5]
      .text               ro code  0x08017b30    0x370  zdo-channel.o [16]
      .text               ro code  0x08017ea0      0x8  high-security-stub.o [14]
      .text               ro code  0x08017ea8    0x4f0  zigbee-device-util.o [16]
      .text               ro code  0x08018398    0x4a0  trust-center-util.o [14]
      .text               ro code  0x08018838     0x4c  form-and-join-node-callbacks.o [1]
      .text               ro code  0x08018884     0xf0  token-cache.o [16]
      .text               ro code  0x08018974    0x2b8  aps-encryption.o [14]
      .text               ro code  0x08018c2c      0x4  install-code-stub.o [9]
      .text               ro code  0x08018c30      0x4  aps-skke-stub.o [14]
      .text               ro code  0x08018c34      0xe  aps-keys-full-stub.o [15]
      .text               ro code  0x08018c44     0x80  security-config-mfg-3xx.o [14]
      .text               ro code  0x08018cc4     0x62  hmac.o [14]
      .text               ro code  0x08018d28    0x520  form-and-join.o [1]
      .text               ro code  0x08019248    0xcce  xprintffull.o [6]
      .text               ro code  0x08019f18      0xc  bootloader-interface.o [1]
      .text               ro code  0x08019f24    0x84c  zigbee-device.o [16]
      .text               ro code  0x0801a770      0x8  end-device-bind-stub.o [7]
      .text               ro code  0x0801a778    0x15c  aes-mmo.o [14]
      .text               ro code  0x0801a8d4     0x16  strchr.o [13]
      .text               ro code  0x0801a8ec     0x58  memchr.o [13]
      .text               ro code  0x0801a944     0xee  I64DivMod.o [13]
      .text               ro code  0x0801aa32     0x42  xdnorm.o [10]
      .text               ro code  0x0801aa74     0x2e  DblCmpLe.o [10]
      .text               ro code  0x0801aaa4     0x2e  DblCmpGe.o [10]
      .text               ro code  0x0801aad4    0x10c  xdscale.o [10]
      .text               ro code  0x0801abe0     0x58  DblToI32.o [10]
      .text               ro code  0x0801ac38     0x30  I32ToDbl.o [10]
      .text               ro code  0x0801ac68    0x180  DblSub.o [10]
      .text               ro code  0x0801ade8    0x1a2  DblMul.o [10]
      .text               ro code  0x0801af8c    0x246  DblDiv.o [10]
      .text               ro code  0x0801b1d2      0xe  div.o [6]
      .text               ro code  0x0801b1e0    0x1c4  zdo-binding-table.o [4]
      .text               ro code  0x0801b3a4      0x2  I64DivZer.o [13]
      .text               ro code  0x0801b3a8     0xd4  DblAdd.o [10]
      .text               ro code  0x0801b47c    0x110  buzzer.o [1]
      .text               ro code  0x0801b58c     0x80  faults.o [1]
      .text               ro code  0x0801b60c      0x0  isr-stubs.o [1]
      .text               ro code  0x0801b60c      0x0  isr-stubs.o [1]
      .text               ro code  0x0801b60c      0x0  isr-stubs.o [1]
      .text               ro code  0x0801b60c      0x0  isr-stubs.o [1]
      .text               ro code  0x0801b60c      0x0  isr-stubs.o [1]
      .text               ro code  0x0801b60c      0x0  isr-stubs.o [1]
      .text               ro code  0x0801b60c      0x0  isr-stubs.o [1]
      .text               ro code  0x0801b60c      0x0  isr-stubs.o [1]
      .text               ro code  0x0801b60c      0x0  isr-stubs.o [1]
      .text               ro code  0x0801b60c      0x0  isr-stubs.o [1]
      .text               ro code  0x0801b60c      0x0  isr-stubs.o [1]
      .text               ro code  0x0801b60c      0x0  isr-stubs.o [1]
      .text               ro code  0x0801b60c      0x0  isr-stubs.o [1]
      .text               ro code  0x0801b60c      0x4  isr-stubs.o [1]
      .text               ro code  0x0801b610    0x1d0  cstartup-iar.o [8]
      .text               ro code  0x0801b7e0      0x6  ABImemclr.o [13]
      .text               ro code  0x0801b7e8      0x6  ABImemclr4.o [13]
      .text               ro code  0x0801b7f0     0x10  context-switch.o [8]
      .text               ro code  0x0801b800     0x5e  ABImemset.o [13]
      .text               ro code  0x0801b860     0x32  ABImemset48.o [13]
      .text               ro code  0x0801b894     0x38  context-switch.o [8]
      .text               ro code  0x0801b8cc     0x18  cal-pads.o [16]
    .rodata               const    0x0801b8e4    0x910  Language.o [1]
    .rodata               const    0x0801c1f4      0x8  adc.o [1]
    .rodata               const    0x0801c1fc     0x14  bootload-utils.o [1]
    .rodata               const    0x0801c210     0x10  bootload-utils.o [1]
    .rodata               const    0x0801c220     0x28  bootload-utils.o [1]
    .rodata               const    0x0801c248     0x14  bootload-utils.o [1]
    .rodata               const    0x0801c25c     0x24  bootload-utils.o [1]
    .rodata               const    0x0801c280     0x24  bootload-utils.o [1]
    .rodata               const    0x0801c2a4     0x2c  bootload-utils.o [1]
    .rodata               const    0x0801c2d0     0x38  bootload-utils.o [1]
    .rodata               const    0x0801c308     0x18  bootload-utils.o [1]
    .rodata               const    0x0801c320     0x18  bootload-utils.o [1]
    .rodata               const    0x0801c338     0x14  bootload-utils.o [1]
    .rodata               const    0x0801c34c     0x20  bootload-utils.o [1]
    .rodata               const    0x0801c36c     0x10  common.o [1]
    .rodata               const    0x0801c37c      0x8  common.o [1]
    .rodata               const    0x0801c384      0x8  common.o [1]
    .rodata               const    0x0801c38c     0x10  common.o [1]
    .rodata               const    0x0801c39c      0x8  common.o [1]
    .rodata               const    0x0801c3a4     0x10  common.o [1]
    .rodata               const    0x0801c3b4     0x10  common.o [1]
    .rodata               const    0x0801c3c4      0x8  common.o [1]
    .rodata               const    0x0801c3cc     0x10  common.o [1]
    .rodata               const    0x0801c3dc     0x1c  common.o [1]
    .rodata               const    0x0801c3f8     0x10  common.o [1]
    .rodata               const    0x0801c408     0x20  common.o [1]
    .rodata               const    0x0801c428     0x1c  common.o [1]
    .rodata               const    0x0801c444     0x10  common.o [1]
    .rodata               const    0x0801c454      0x8  common.o [1]
    .rodata               const    0x0801c45c      0x8  common.o [1]
    .rodata               const    0x0801c464     0x14  common.o [1]
    .rodata               const    0x0801c478     0x30  common.o [1]
    .rodata               const    0x0801c4a8     0x2c  common.o [1]
    .rodata               const    0x0801c4d4     0x14  common.o [1]
    .rodata               const    0x0801c4e8     0x1c  common.o [1]
    .rodata               const    0x0801c504     0x18  common.o [1]
    .rodata               const    0x0801c51c     0x10  common.o [1]
    .rodata               const    0x0801c52c     0x20  common.o [1]
    .rodata               const    0x0801c54c     0x20  common.o [1]
    .rodata               const    0x0801c56c     0x38  common.o [1]
    .rodata               const    0x0801c5a4     0x20  common.o [1]
    .rodata               const    0x0801c5c4      0x8  common.o [1]
    .rodata               const    0x0801c5cc      0x8  common.o [1]
    .rodata               const    0x0801c5d4      0x8  common.o [1]
    .rodata               const    0x0801c5dc      0xc  common.o [1]
    .rodata               const    0x0801c5e8      0xc  common.o [1]
    .rodata               const    0x0801c5f4      0xc  common.o [1]
    .rodata               const    0x0801c600      0xc  common.o [1]
    .rodata               const    0x0801c60c     0x2c  common.o [1]
    .rodata               const    0x0801c638     0x2c  common.o [1]
    .rodata               const    0x0801c664      0xc  common.o [1]
    .rodata               const    0x0801c670     0x20  common.o [1]
    .rodata               const    0x0801c690     0x30  common.o [1]
    .rodata               const    0x0801c6c0     0x28  common.o [1]
    .rodata               const    0x0801c6e8     0x28  common.o [1]
    .rodata               const    0x0801c710     0x1c  common.o [1]
    .rodata               const    0x0801c72c      0xc  common.o [1]
    .rodata               const    0x0801c738     0x2c  common.o [1]
    .rodata               const    0x0801c764     0x28  common.o [1]
    .rodata               const    0x0801c78c      0x8  common.o [1]
    .rodata               const    0x0801c794      0x8  common.o [1]
    .rodata               const    0x0801c79c      0xc  common.o [1]
    .rodata               const    0x0801c7a8      0x8  common.o [1]
    .rodata               const    0x0801c7b0     0x24  common.o [1]
    .rodata               const    0x0801c7d4     0x28  common.o [1]
    .rodata               const    0x0801c7fc     0x1c  common.o [1]
    .rodata               const    0x0801c818     0x30  common.o [1]
    .rodata               const    0x0801c848     0x28  common.o [1]
    .rodata               const    0x0801c870     0x1c  common.o [1]
    .rodata               const    0x0801c88c     0x10  common.o [1]
    .rodata               const    0x0801c89c      0x8  common.o [1]
    .rodata               const    0x0801c8a4     0x10  cstartup-iar-common.o [1]
    .rodata               const    0x0801c8b4     0x14  diagnostic.o [1]
    .rodata               const    0x0801c8c8     0x18  ember-configuration.o [1]
    .rodata               const    0x0801c8e0     0x10  form-and-join-node-adapter.o [1]
    .rodata               const    0x0801c8f0     0x18  form-and-join.o [1]
    .rodata               const    0x0801c908     0x18  form-and-join.o [1]
    .rodata               const    0x0801c920     0x14  form-and-join.o [1]
    .rodata               const    0x0801c934     0x14  form-and-join.o [1]
    .rodata               const    0x0801c948      0xc  form-and-join.o [1]
    .rodata               const    0x0801c954     0x10  form-and-join.o [1]
    .rodata               const    0x0801c964      0xc  form-and-join.o [1]
    .rodata               const    0x0801c970      0xc  form-and-join.o [1]
    .rodata               const    0x0801c97c     0x10  form-and-join.o [1]
    .rodata               const    0x0801c98c     0x20  form-and-join.o [1]
    .rodata               const    0x0801c9ac     0x10  form-and-join.o [1]
    .rodata               const    0x0801c9bc     0x1c  form-and-join.o [1]
    .rodata               const    0x0801c9d8     0x20  form-and-join.o [1]
    .rodata               const    0x0801c9f8      0x8  mfg-token.o [1]
    .rodata               const    0x0801ca00     0x2c  micro.o [1]
    .rodata               const    0x0801ca2c      0xc  sensor.o [1]
    .rodata               const    0x0801ca38      0x8  sensor.o [1]
    .rodata               const    0x0801ca40     0x1c  sensor.o [1]
    .rodata               const    0x0801ca5c      0xc  sensor.o [1]
    .rodata               const    0x0801ca68      0x8  sensor.o [1]
    .rodata               const    0x0801ca70     0x24  sensor.o [1]
    .rodata               const    0x0801ca94     0x18  sensor.o [1]
    .rodata               const    0x0801caac      0xc  sensor.o [1]
    .rodata               const    0x0801cab8     0x1c  sensor.o [1]
    .rodata               const    0x0801cad4     0x14  sensor.o [1]
    .rodata               const    0x0801cae8     0x20  sensor.o [1]
    .rodata               const    0x0801cb08     0x30  sensor.o [1]
    .rodata               const    0x0801cb38     0x1c  sensor.o [1]
    .rodata               const    0x0801cb54     0x18  sensor.o [1]
    .rodata               const    0x0801cb6c     0x1c  sensor.o [1]
    .rodata               const    0x0801cb88      0xc  sensor.o [1]
    .rodata               const    0x0801cb94      0x8  sensor.o [1]
    .rodata               const    0x0801cb9c     0x3c  sensor.o [1]
    .rodata               const    0x0801cbd8     0x3c  sensor.o [1]
    .rodata               const    0x0801cc14     0x1c  sensor.o [1]
    .rodata               const    0x0801cc30     0x10  sensor.o [1]
    .rodata               const    0x0801cc40      0xc  sensor.o [1]
    .rodata               const    0x0801cc4c      0x8  sensor.o [1]
    .rodata               const    0x0801cc54     0x30  sensor.o [1]
    .rodata               const    0x0801cc84     0x20  sensor.o [1]
    .rodata               const    0x0801cca4     0x1c  sensor.o [1]
    .rodata               const    0x0801ccc0     0x18  sensor.o [1]
    .rodata               const    0x0801ccd8     0x2c  sensor.o [1]
    .rodata               const    0x0801cd04     0x10  sensor.o [1]
    .rodata               const    0x0801cd14     0x20  sensor.o [1]
    .rodata               const    0x0801cd34     0x18  sensor.o [1]
    .rodata               const    0x0801cd4c     0x18  sensor.o [1]
    .rodata               const    0x0801cd64     0x1c  sensor.o [1]
    .rodata               const    0x0801cd80     0x18  sensor.o [1]
    .rodata               const    0x0801cd98     0x14  sensor.o [1]
    .rodata               const    0x0801cdac     0x18  sensor.o [1]
    .rodata               const    0x0801cdc4     0x1c  sensor.o [1]
    .rodata               const    0x0801cde0     0x1c  sensor.o [1]
    .rodata               const    0x0801cdfc     0x2c  sensor.o [1]
    .rodata               const    0x0801ce28     0x2c  sensor.o [1]
    .rodata               const    0x0801ce54     0x2c  sensor.o [1]
    .rodata               const    0x0801ce80     0x30  sensor.o [1]
    .rodata               const    0x0801ceb0     0x40  sensor.o [1]
    .rodata               const    0x0801cef0     0x48  sensor.o [1]
    .rodata               const    0x0801cf38     0x20  sensor.o [1]
    .rodata               const    0x0801cf58     0x2c  sensor.o [1]
    .rodata               const    0x0801cf84     0x3c  sensor.o [1]
    .rodata               const    0x0801cfc0     0x48  sensor.o [1]
    .rodata               const    0x0801d008     0x14  sensor.o [1]
    .rodata               const    0x0801d01c      0x8  sensor.o [1]
    .rodata               const    0x0801d024     0x18  sensor.o [1]
    .rodata               const    0x0801d03c     0x30  sensor.o [1]
    .rodata               const    0x0801d06c     0x1c  sensor.o [1]
    .rodata               const    0x0801d088     0x28  sensor.o [1]
    .rodata               const    0x0801d0b0     0x30  sensor.o [1]
    .rodata               const    0x0801d0e0     0x24  sensor.o [1]
    .rodata               const    0x0801d104     0x28  sensor.o [1]
    .rodata               const    0x0801d12c     0x20  sensor.o [1]
    .rodata               const    0x0801d14c     0x38  sensor.o [1]
    .rodata               const    0x0801d184     0x18  sensor.o [1]
    .rodata               const    0x0801d19c     0x24  sensor.o [1]
    .rodata               const    0x0801d1c0     0x38  sensor.o [1]
    .rodata               const    0x0801d1f8     0x34  sensor.o [1]
    .rodata               const    0x0801d22c     0x28  sensor.o [1]
    .rodata               const    0x0801d254      0x8  sensor.o [1]
    .rodata               const    0x0801d25c     0x30  sensor.o [1]
    .rodata               const    0x0801d28c     0x28  sensor.o [1]
    .rodata               const    0x0801d2b4     0x48  sensor.o [1]
    .rodata               const    0x0801d2fc     0x34  sensor.o [1]
    .rodata               const    0x0801d330     0x3c  sensor.o [1]
    .rodata               const    0x0801d36c     0x28  sensor.o [1]
    .rodata               const    0x0801d394     0x14  sensor.o [1]
    .rodata               const    0x0801d3a8     0x14  sensor.o [1]
    .rodata               const    0x0801d3bc     0x14  sensor.o [1]
    .rodata               const    0x0801d3d0     0x18  sensor.o [1]
    .rodata               const    0x0801d3e8     0x1c  sensor.o [1]
    .rodata               const    0x0801d404     0x34  sensor.o [1]
    .rodata               const    0x0801d438     0x14  sensor.o [1]
    .rodata               const    0x0801d44c     0x74  sensor.o [1]
    .rodata               const    0x0801d4c0     0x2c  sensor.o [1]
    .rodata               const    0x0801d4ec      0x8  sensor.o [1]
    .rodata               const    0x0801d4f4     0x24  sensor.o [1]
    .rodata               const    0x0801d518     0x14  sensor.o [1]
    .rodata               const    0x0801d52c     0x10  sensor.o [1]
    .rodata               const    0x0801d53c     0x10  sensor.o [1]
    .rodata               const    0x0801d54c      0xc  sensor.o [1]
    .rodata               const    0x0801d558     0x18  sensor.o [1]
    .rodata               const    0x0801d570     0x14  sensor.o [1]
    .rodata               const    0x0801d584     0x20  sensor.o [1]
    .rodata               const    0x0801d5a4     0x20  sensor.o [1]
    .rodata               const    0x0801d5c4     0x10  sensor.o [1]
    .rodata               const    0x0801d5d4     0x1c  sensor.o [1]
    .rodata               const    0x0801d5f0     0x1c  sensor.o [1]
    .rodata               const    0x0801d60c     0x40  sensor.o [1]
    .rodata               const    0x0801d64c     0x28  sensor.o [1]
    .rodata               const    0x0801d674     0x30  sensor.o [1]
    .rodata               const    0x0801d6a4     0x14  sensor.o [1]
    .rodata               const    0x0801d6b8     0x18  sensor.o [1]
    .rodata               const    0x0801d6d0     0x18  sensor.o [1]
    .rodata               const    0x0801d6e8     0x20  sensor.o [1]
    .rodata               const    0x0801d708     0x5c  sensor.o [1]
    .rodata               const    0x0801d764     0x40  sensor.o [1]
    .rodata               const    0x0801d7a4     0x2c  sensor.o [1]
    .rodata               const    0x0801d7d0     0x18  sensor.o [1]
    .rodata               const    0x0801d7e8     0x18  sensor.o [1]
    .rodata               const    0x0801d800     0x18  sensor.o [1]
    .rodata               const    0x0801d818     0x18  sensor.o [1]
    .rodata               const    0x0801d830     0x1c  sensor.o [1]
    .rodata               const    0x0801d84c     0x1c  sensor.o [1]
    .rodata               const    0x0801d868      0xc  sensor.o [1]
    .rodata               const    0x0801d874     0x18  sensor.o [1]
    .rodata               const    0x0801d88c     0x18  sensor.o [1]
    .rodata               const    0x0801d8a4     0x14  sensor.o [1]
    .rodata               const    0x0801d8b8     0x14  sensor.o [1]
    .rodata               const    0x0801d8cc     0x18  sensor.o [1]
    .rodata               const    0x0801d8e4     0x18  sensor.o [1]
    .rodata               const    0x0801d8fc      0x8  sensor.o [1]
    .rodata               const    0x0801d904      0x8  serial.o [1]
    .rodata               const    0x0801d90c      0x8  serial.o [1]
    .rodata               const    0x0801d914      0x4  serial.o [1]
    .rodata               const    0x0801d918      0x8  serial.o [1]
    .rodata               const    0x0801d920      0x8  serial.o [1]
    .rodata               const    0x0801d928     0x24  serial.o [1]
    .rodata               const    0x0801d94c     0x10  sim-eeprom.o [1]
    .rodata               const    0x0801d95c     0x1c  sim-eeprom.o [1]
    .rodata               const    0x0801d978     0x38  sim-eeprom.o [1]
    .rodata               const    0x0801d9b0      0xc  sim-eeprom.o [1]
    .rodata               const    0x0801d9bc     0x58  sim-eeprom.o [1]
    .rodata               const    0x0801da14     0x18  sim-eeprom.o [1]
    .rodata               const    0x0801da2c      0x8  sleep.o [1]
    .rodata               const    0x0801da34     0x30  token-def.o [1]
    .rodata               const    0x0801da64     0x18  token-def.o [1]
    .rodata               const    0x0801da7c     0x18  token-def.o [1]
    .rodata               const    0x0801da94     0x18  token-def.o [1]
    .rodata               const    0x0801daac      0x4  token-def.o [1]
    .rodata               const    0x0801dab0     0x14  token-def.o [1]
    .rodata               const    0x0801dac4      0x4  token-def.o [1]
    .rodata               const    0x0801dac8     0x14  token-def.o [1]
    .rodata               const    0x0801dadc     0x10  token-def.o [1]
    .rodata               const    0x0801daec     0x1c  token-def.o [1]
    .rodata               const    0x0801db08      0x8  token-def.o [1]
    .rodata               const    0x0801db10      0xc  token-def.o [1]
    .rodata               const    0x0801db1c      0x4  token-def.o [1]
    .rodata               const    0x0801db20     0x14  token-def.o [1]
    .rodata               const    0x0801db34     0x10  token-def.o [1]
    .rodata               const    0x0801db44     0x14  token-def.o [1]
    .rodata               const    0x0801db58     0x1c  token-def.o [1]
    .rodata               const    0x0801db74      0x8  token-def.o [1]
    .rodata               const    0x0801db7c      0xc  token-def.o [1]
    .rodata               const    0x0801db88      0x4  token-def.o [1]
    .rodata               const    0x0801db8c     0x10  token-def.o [1]
    .rodata               const    0x0801db9c      0xc  token-def.o [1]
    .rodata               const    0x0801dba8     0x1c  token-def.o [1]
    .rodata               const    0x0801dbc4     0x5c  token-def.o [1]
    .rodata               const    0x0801dc20     0x5c  token-def.o [1]
    .rodata               const    0x0801dc7c      0x4  token.o [1]
    .rodata               const    0x0801dc80      0x8  token.o [1]
    .rodata               const    0x0801dc88     0x28  uart.o [1]
    .rodata               const    0x0801dcb0      0x8  ember-version.o [16]
    .rodata               const    0x0801dcb8      0x2  mfg-token.o [1]
    .rodata               const    0x0801dcba      0x2  mfg-token.o [1]
    .rodata               const    0x0801dcbc      0x2  mfg-token.o [1]
    .rodata               const    0x0801dcbe      0x2  mfg-token.o [1]
    .rodata               const    0x0801dcc0      0x2  mfg-token.o [1]
    .rodata               const    0x0801dcc2      0x2  mfg-token.o [1]
    .rodata               const    0x0801dcc4      0x2  mfg-token.o [1]
    .rodata               const    0x0801dcc6      0x2  mfg-token.o [1]
    .rodata               const    0x0801dcc8      0x2  mfg-token.o [1]
    .rodata               const    0x0801dcca      0x2  mfg-token.o [1]
    .rodata               const    0x0801dccc      0x2  mfg-token.o [1]
    .rodata               const    0x0801dcce      0x2  mfg-token.o [1]
    .rodata               const    0x0801dcd0      0x2  mfg-token.o [1]
    .rodata               const    0x0801dcd2      0x2  mfg-token.o [1]
    .rodata               const    0x0801dcd4      0x2  mfg-token.o [1]
    .rodata               const    0x0801dcd6      0x2  mfg-token.o [1]
    .rodata               const    0x0801dcd8      0x2  mfg-token.o [1]
    .rodata               const    0x0801dcda      0x2  mfg-token.o [1]
    .rodata               const    0x0801dcdc      0x2  sim-eeprom.o [1]
    .rodata               const    0x0801dcde      0x2  sim-eeprom.o [1]
    .rodata               const    0x0801dce0      0x2  sim-eeprom.o [1]
    .rodata               const    0x0801dce2      0x2  sim-eeprom.o [1]
    .rodata               const    0x0801dce4      0x2  sim-eeprom.o [1]
    .rodata               const    0x0801dce6      0x2  sim-eeprom.o [1]
    .rodata               const    0x0801dce8      0x2  sim-eeprom.o [1]
    .rodata               const    0x0801dcea      0x2  sim-eeprom.o [1]
    .rodata               const    0x0801dcec      0x2  token-def.o [1]
    .rodata               const    0x0801dcee      0x2  token-def.o [1]
    .rodata               const    0x0801dcf0      0x2  token-def.o [1]
    .rodata               const    0x0801dcf2      0x1  ember-configuration.o [1]
    .rodata               const    0x0801dcf3      0x1  sim-eeprom.o [1]
    .rodata               const    0x0801dcf4      0x1  aps-skke-stub.o [14]
    .data_init                     0x0801dcf8    0x2b4  <Block>
      Initializer bytes   ro data  0x0801dcf8    0x2b4  <for .data-1>
                                 - 0x0801dfac  0x1beac

"NVM&SIMEE":                                    0x2000
  SIMEE                            0x0802e000   0x2000  <Block>
    SIMEE                 uninit   0x0802e000   0x2000  sim-eeprom.o [1]
                                 - 0x08030000   0x2000

"FAT":                                            0x2c
  FAT                     uninit   0x08040000     0x2c  cstartup-iar-common.o [1]
                                 - 0x0804002c     0x2c

"Heap":                                          0x580
  EMHEAP_overlay                   0x20000000    0x570  <Overlay>
    part 1:
      EMHEAP              uninit   0x20000000    0x570  ember-configuration.o [1]
    part 2:
      RESETINFO                    0x20000000     0x98  <Block>
        RESETINFO         const    0x20000000      0x0  faults.o [1]
        RESETINFO         const    0x20000000      0x0  isr-stubs.o [1]
        RESETINFO         const    0x20000000      0x0  spmr.o [8]
        RESETINFO         const    0x20000000      0x0  context-switch.o [8]
        RESETINFO         uninit   0x20000000     0x98  cstartup-iar-common.o [1]
                                 - 0x20000570    0x570

"Guard":                                          0x20
  GUARD_REGION            uninit   0x20000580     0x20  cstartup-iar-common.o [1]
                                 - 0x200005a0     0x20

"APP rw":                                       0x10a9
  APPRW_block                      0x20001f40   0x10a9  <Block>
    ALIGN_CSTACK                   0x20001f40    0x758  <Block>
      CSTACK                       0x20001f40    0x758  <Block>
        CSTACK            const    0x20001f40      0x0  faults.o [1]
        CSTACK            const    0x20001f40      0x0  isr-stubs.o [1]
        CSTACK            const    0x20001f40      0x0  spmr.o [8]
        CSTACK            const    0x20001f40      0x0  context-switch.o [8]
        CSTACK            uninit   0x20001f40    0x758  cstartup-iar-common.o [1]
    .data                          0x20002698    0x2b4  <Block>
      .data-1                      0x20002698    0x2b2  <Init block>
        .data             inited   0x20002698      0x8  bootload-utils.o [1]
        .data             inited   0x200026a0      0x1  bootload-utils.o [1]
        .data             inited   0x200026a1      0x1  bootload-utils.o [1]
        .data             inited   0x200026a2      0x1  bootload-utils.o [1]
        .data             inited   0x200026a3      0x1  bootload-utils.o [1]
        .data             inited   0x200026a4      0x1  buzzer.o [1]
        .data             inited   0x200026a5      0x1  common.o [1]
        .data             inited   0x200026a6      0x1  ember-configuration.o [1]
        .data             inited   0x200026a7      0x1  ember-configuration.o [1]
        .data             inited   0x200026a8      0x4  ember-configuration.o [1]
        .data             inited   0x200026ac      0x4  ember-configuration.o [1]
        .data             inited   0x200026b0      0x4  ember-configuration.o [1]
        .data             inited   0x200026b4      0x4  ember-configuration.o [1]
        .data             inited   0x200026b8      0x4  ember-configuration.o [1]
        .data             inited   0x200026bc      0x1  ember-configuration.o [1]
        .data             inited   0x200026c0      0x4  ember-configuration.o [1]
        .data             inited   0x200026c4      0x1  ember-configuration.o [1]
        .data             inited   0x200026c8      0x4  ember-configuration.o [1]
        .data             inited   0x200026cc      0x4  ember-configuration.o [1]
        .data             inited   0x200026d0      0x4  ember-configuration.o [1]
        .data             inited   0x200026d4      0x4  ember-configuration.o [1]
        .data             inited   0x200026d8      0x4  ember-configuration.o [1]
        .data             inited   0x200026dc      0x1  ember-configuration.o [1]
        .data             inited   0x200026e0      0x4  ember-configuration.o [1]
        .data             inited   0x200026e4      0x1  ember-configuration.o [1]
        .data             inited   0x200026e8      0x4  ember-configuration.o [1]
        .data             inited   0x200026ec      0x1  ember-configuration.o [1]
        .data             inited   0x200026f0      0x4  ember-configuration.o [1]
        .data             inited   0x200026f4      0x1  ember-configuration.o [1]
        .data             inited   0x200026f8      0x4  ember-configuration.o [1]
        .data             inited   0x200026fc      0x1  ember-configuration.o [1]
        .data             inited   0x20002700      0x4  ember-configuration.o [1]
        .data             inited   0x20002704      0x4  ember-configuration.o [1]
        .data             inited   0x20002708      0x4  ember-configuration.o [1]
        .data             inited   0x2000270c      0x1  ember-configuration.o [1]
        .data             inited   0x20002710      0x4  ember-configuration.o [1]
        .data             inited   0x20002714      0x1  ember-configuration.o [1]
        .data             inited   0x20002718      0x4  ember-configuration.o [1]
        .data             inited   0x2000271c      0x2  ember-configuration.o [1]
        .data             inited   0x2000271e      0x1  ember-configuration.o [1]
        .data             inited   0x20002720      0x4  ember-configuration.o [1]
        .data             inited   0x20002724      0x1  ember-configuration.o [1]
        .data             inited   0x20002725      0x1  ember-configuration.o [1]
        .data             inited   0x20002726      0x1  ember-configuration.o [1]
        .data             inited   0x20002727      0x1  ember-configuration.o [1]
        .data             inited   0x20002728      0x2  ember-configuration.o [1]
        .data             inited   0x2000272a      0x1  ember-configuration.o [1]
        .data             inited   0x2000272b      0x1  ember-configuration.o [1]
        .data             inited   0x2000272c      0x1  ember-configuration.o [1]
        .data             inited   0x2000272d      0x1  ember-configuration.o [1]
        .data             inited   0x2000272e      0x1  form-and-join-node-adapter.o [1]
        .data             inited   0x20002730      0xc  micro.o [1]
        .data             inited   0x2000273c      0x4  micro.o [1]
        .data             inited   0x20002740      0xc  micro.o [1]
        .data             inited   0x2000274c      0x4  micro.o [1]
        .data             inited   0x20002750     0x40  mpu.o [1]
        .data             inited   0x20002790      0x2  random.o [1]
        .data             inited   0x20002792      0x2  random.o [1]
        .data             inited   0x20002794      0x1  sensor.o [1]
        .data             inited   0x20002798     0x10  sensor.o [1]
        .data             inited   0x200027a8      0x1  sensor.o [1]
        .data             inited   0x200027a9      0x1  sensor.o [1]
        .data             inited   0x200027aa      0x1  sensor.o [1]
        .data             inited   0x200027ac      0x4  sensor.o [1]
        .data             inited   0x200027b0      0x4  sensor.o [1]
        .data             inited   0x200027b4     0x10  serial.o [1]
        .data             inited   0x200027c4     0x10  serial.o [1]
        .data             inited   0x200027d4      0x9  analogue.o [16]
        .data             inited   0x200027e0      0xe  analogue.o [16]
        .data             inited   0x200027ee      0x1  packet-buffer.o [16]
        .data             inited   0x200027f0      0x6  child.o [16]
        .data             inited   0x200027f8      0x8  zigbee-stack.o [16]
        .data             inited   0x20002800      0x1  zigbee-stack.o [16]
        .data             inited   0x20002804      0x4  micro-internal.o [8]
        .data             inited   0x20002808      0xe  jit.o [16]
        .data             inited   0x20002818     0x24  association.o [16]
        .data             inited   0x2000283c      0xc  association.o [16]
        .data             inited   0x20002848      0x4  application-support.o [16]
        .data             inited   0x2000284c      0x4  debug.o [16]
        .data             inited   0x20002850     0x24  scan.o [16]
        .data             inited   0x20002874      0xa  clocks.o [8]
        .data             inited   0x20002880      0xe  leave.o [16]
        .data             inited   0x2000288e      0x8  analogue-mod-dac.o [16]
        .data             inited   0x20002898     0x1c  phy-common.o [16]
        .data             inited   0x200028b4      0x1  phy-common.o [16]
        .data             inited   0x200028b5      0x2  random-id.o [16]
        .data             inited   0x200028b8      0x4  network.o [16]
        .data             inited   0x200028bc      0x1  network.o [16]
        .data             inited   0x200028c0     0x14  mac-arbiter.o [16]
        .data             inited   0x200028d4      0x8  mac-arbiter.o [16]
        .data             inited   0x200028dc     0x12  mac-indirect.o [16]
        .data             inited   0x200028f0     0x14  zdo-channel.o [16]
        .data             inited   0x20002904      0x2  mac-em250.o [16]
        .data             inited   0x20002906      0x1  zigbee-device-util.o [16]
        .data             inited   0x20002908     0x10  mac-receive.o [16]
        .data             inited   0x20002918      0xe  aps-retry.o [16]
        .data             inited   0x20002928      0xe  management.o [16]
        .data             inited   0x20002936      0x2  trust-center-util.o [14]
        .data             inited   0x20002938      0x2  token-cache.o [16]
        .data             inited   0x2000293a      0x1  packet-validate.o [12]
        .data             inited   0x2000293c      0x4  mac-header.o [16]
        .data             inited   0x20002940      0xa  zigbee-device.o [16]
    DLIB_PERTHREAD_INITIALIZED_DATA
                                   0x2000294c      0x0  <Block>
    DLIB_PERTHREAD_ZERO_DATA
                                   0x2000294c      0x0  <Block>
    .bss                           0x20002950    0x699  <Block>
      .bss                uninit   0x20002950     0x10  mac-indirect.o [16]
      .bss                uninit   0x20002960      0x8  adc.o [1]
      .bss                uninit   0x20002968      0x8  adc.o [1]
      .bss                uninit   0x20002970     0x80  bootload-utils.o [1]
      .bss                uninit   0x200029f0     0x48  bootload-utils.o [1]
      .bss                uninit   0x20002a38      0x8  bootload-utils.o [1]
      .bss                uninit   0x20002a40     0x10  bootload-utils.o [1]
      .bss                uninit   0x20002a50      0x4  buzzer.o [1]
      .bss                uninit   0x20002a54      0x8  common.o [1]
      .bss                uninit   0x20002a5c      0xc  common.o [1]
      .bss                uninit   0x20002a68     0x24  ember-configuration.o [1]
      .bss                uninit   0x20002a8c      0x8  form-and-join-node-adapter.o [1]
      .bss                uninit   0x20002a94      0x4  form-and-join.o [1]
      .bss                uninit   0x20002a98      0x8  form-and-join.o [1]
      .bss                uninit   0x20002aa0      0x4  form-and-join.o [1]
      .bss                uninit   0x20002aa4      0x4  micro.o [1]
      .bss                uninit   0x20002aa8      0x8  sensor.o [1]
      .bss                uninit   0x20002ab0     0x80  sensor.o [1]
      .bss                uninit   0x20002b30     0x14  sensor.o [1]
      .bss                uninit   0x20002b44     0x88  serial.o [1]
      .bss                uninit   0x20002bcc     0x18  serial.o [1]
      .bss                uninit   0x20002be4      0x4  serial.o [1]
      .bss                uninit   0x20002be8      0x8  serial.o [1]
      .bss                uninit   0x20002bf0     0x5c  sim-eeprom.o [1]
      .bss                uninit   0x20002c4c      0x4  sleep.o [1]
      .bss                uninit   0x20002c50      0x4  sleep.o [1]
      .bss                uninit   0x20002c54     0x24  analogue.o [16]
      .bss                uninit   0x20002c78      0x8  eui64.o [16]
      .bss                uninit   0x20002c80      0xc  zigbee-dispatch.o [16]
      .bss                uninit   0x20002c8c      0x8  system-timer.o [8]
      .bss                uninit   0x20002c94      0xc  association.o [16]
      .bss                uninit   0x20002ca0      0x8  aps-keys.o [14]
      .bss                uninit   0x20002ca8      0xc  debug.o [16]
      .bss                uninit   0x20002cb4    0x118  phy.o [16]
      .bss                uninit   0x20002dcc      0x8  context-switch.o [8]
      .bss                uninit   0x20002dd4      0x8  ember-multi-network-stub.o [11]
      .bss                uninit   0x20002ddc      0x8  ember-multi-network-stub.o [11]
      .bss                uninit   0x20002de4      0x8  ember-multi-network-stub.o [11]
      .bss                uninit   0x20002dec      0x8  neighbor.o [16]
      .bss                uninit   0x20002df4     0x64  broadcast.o [16]
      .bss                uninit   0x20002e58      0x8  cal-pads.o [16]
      .bss                uninit   0x20002e60      0x8  mac-em250.o [16]
      .bss                uninit   0x20002e68      0x8  high-security-stub.o [14]
      .bss                uninit   0x20002e70      0x8  zigbee-device-util.o [16]
      .bss                uninit   0x20002e78      0xc  mac.o [16]
      .bss                uninit   0x20002e84     0x80  mac.o [16]
      .bss                uninit   0x20002f04      0x8  aps-skke-stub.o [14]
      .bss                uninit   0x20002f0c      0x8  neighbor-exchange.o [16]
      .bss                uninit   0x20002f14     0x10  retry.o [16]
      .bss                uninit   0x20002f24     0x30  retry.o [16]
      .bss                uninit   0x20002f54      0x8  end-device-bind-stub.o [7]
      .bss                uninit   0x20002f5c      0x8  zll-stubs.o [17]
      .bss                uninit   0x20002f64      0x4  crypto.o [16]
      .bss                uninit   0x20002f68     0x14  unicast-table.o [16]
      .bss                uninit   0x20002f7c      0x8  mac-header.o [16]
      .bss                uninit   0x20002f84      0x2  adc.o [1]
      .bss                uninit   0x20002f86      0x2  adc.o [1]
      .bss                uninit   0x20002f88      0x2  adc.o [1]
      .bss                uninit   0x20002f8a      0x2  adc.o [1]
      .bss                uninit   0x20002f8c      0x2  bootload-utils.o [1]
      .bss                uninit   0x20002f8e      0x2  buzzer.o [1]
      .bss                uninit   0x20002f90      0x2  common.o [1]
      .bss                uninit   0x20002f92      0x2  common.o [1]
      .bss                uninit   0x20002f94      0x2  cstartup-iar-common.o [1]
      .bss                uninit   0x20002f96      0x2  sensor.o [1]
      .bss                uninit   0x20002f98      0x2  sensor.o [1]
      .bss                uninit   0x20002f9a      0x2  sensor.o [1]
      .bss                uninit   0x20002f9c      0x4  sim-eeprom-internal.o [8]
      .bss                uninit   0x20002fa0      0x4  route-table.o [16]
      .bss                uninit   0x20002fa4      0x1  adc.o [1]
      .bss                uninit   0x20002fa5      0x1  adc.o [1]
      .bss                uninit   0x20002fa6      0x1  adc.o [1]
      .bss                uninit   0x20002fa7      0x1  adc.o [1]
      .bss                uninit   0x20002fa8      0x1  bootload-utils.o [1]
      .bss                uninit   0x20002fa9      0x1  bootload-utils.o [1]
      .bss                uninit   0x20002faa      0x1  bootload-utils.o [1]
      .bss                uninit   0x20002fab      0x1  bootload-utils.o [1]
      .bss                uninit   0x20002fac      0x1  bootload-utils.o [1]
      .bss                uninit   0x20002fad      0x1  bootload-utils.o [1]
      .bss                uninit   0x20002fae      0x1  button.o [1]
      .bss                uninit   0x20002faf      0x1  button.o [1]
      .bss                uninit   0x20002fb0      0x1  buzzer.o [1]
      .bss                uninit   0x20002fb1      0x1  common.o [1]
      .bss                uninit   0x20002fb2      0x1  ember-configuration.o [1]
      .bss                uninit   0x20002fb3      0x1  ember-configuration.o [1]
      .bss                uninit   0x20002fb4      0x1  ember-configuration.o [1]
      .bss                uninit   0x20002fb5      0x1  ember-configuration.o [1]
      .bss                uninit   0x20002fb6      0x1  ember-configuration.o [1]
      .bss                uninit   0x20002fb7      0x1  ember-configuration.o [1]
      .bss                uninit   0x20002fb8      0x1  ember-configuration.o [1]
      .bss                uninit   0x20002fb9      0x1  ember-configuration.o [1]
      .bss                uninit   0x20002fba      0x1  ember-configuration.o [1]
      .bss                uninit   0x20002fbb      0x1  ember-configuration.o [1]
      .bss                uninit   0x20002fbc      0x1  ember-configuration.o [1]
      .bss                uninit   0x20002fbd      0x1  ember-configuration.o [1]
      .bss                uninit   0x20002fbe      0x1  form-and-join.o [1]
      .bss                uninit   0x20002fbf      0x1  form-and-join.o [1]
      .bss                uninit   0x20002fc0      0x1  form-and-join.o [1]
      .bss                uninit   0x20002fc1      0x1  form-and-join.o [1]
      .bss                uninit   0x20002fc2      0x1  micro-common.o [1]
      .bss                uninit   0x20002fc3      0x1  micro.o [1]
      .bss                uninit   0x20002fc4      0x1  micro.o [1]
      .bss                uninit   0x20002fc5      0x1  micro.o [1]
      .bss                uninit   0x20002fc6      0x1  sensor.o [1]
      .bss                uninit   0x20002fc7      0x1  sensor.o [1]
      .bss                uninit   0x20002fc8      0x1  sensor.o [1]
      .bss                uninit   0x20002fc9      0x1  sensor.o [1]
      .bss                uninit   0x20002fca      0x1  sensor.o [1]
      .bss                uninit   0x20002fcb      0x1  sensor.o [1]
      .bss                uninit   0x20002fcc      0x1  sensor.o [1]
      .bss                uninit   0x20002fcd      0x1  sleep.o [1]
      .bss                uninit   0x20002fce      0x1  token.o [1]
      .bss                uninit   0x20002fcf      0x1  token.o [1]
      .bss                uninit   0x20002fd0      0x1  zigbee-dispatch.o [16]
      .bss                uninit   0x20002fd1      0x1  command.o [16]
      .bss                uninit   0x20002fd2      0x1  zigbee-stack.o [16]
      .bss                uninit   0x20002fd3      0x1  association.o [16]
      .bss                uninit   0x20002fd4      0x1  application-support.o [16]
      .bss                uninit   0x20002fd5      0x1  debug.o [16]
      .bss                uninit   0x20002fd6      0x2  event-control.o [16]
      .bss                uninit   0x20002fd8      0x1  flash.o [8]
      .bss                uninit   0x20002fd9      0x2  phy.o [16]
      .bss                uninit   0x20002fdb      0x2  phy.o [16]
      .bss                uninit   0x20002fdd      0x3  analogue-vco.o [16]
      .bss                uninit   0x20002fe0      0x1  phy-common.o [16]
      .bss                uninit   0x20002fe1      0x1  alarm.o [3]
      .bss                uninit   0x20002fe2      0x1  neighbor.o [16]
      .bss                uninit   0x20002fe3      0x1  random-id.o [16]
      .bss                uninit   0x20002fe4      0x2  network.o [16]
      .bss                uninit   0x20002fe6      0x1  debug-jtag.o [16]
      .bss                uninit   0x20002fe7      0x1  high-security-stub.o [14]
      .bss                uninit   0x20002fe8      0x1  route-discovery.o [16]
                                 - 0x20002fe9   0x10a9

"DEBUGCHAN":                                      0x10
  DEBUG_CHANNEL                    0x20002ff0     0x10  <Block>
    DEBUG_CHANNEL         uninit   0x20002ff0     0x10  debug-jtag.o [16]
                                 - 0x20003000     0x10



*******************************************************************************
*** MODULE SUMMARY
***

    Module                             ro code  ro data  rw data
    ------                             -------  -------  -------
D:\Firmware\EZ\EZ\firmware\EmberZNet\EM35x\app\sensor\ewb-em357\build\sensor-cortexm3-iar-em357-em3xx-dev0680-debug\Obj: [1]
    Language.o                                    2 320
    adc.o                                1 024        8       28
    bootload-utils.o                     4 358      380      244
    bootloader-interface-standalone.o      164
    bootloader-interface.o                  12
    button.o                               460                 2
    buzzer.o                               272        1        8
    common.o                             2 846    1 337       26
    crc.o                                   50
    cstartup-iar-common.o                  200      332    2 042
    diagnostic.o                           764       20
    ember-configuration.o                  412      161      156
    faults.o                               128
    form-and-join-node-adapter.o           140       17        9
    form-and-join-node-callbacks.o          76
    form-and-join.o                      1 312      264       20
    isr-stubs.o                              4
    lcd.o                                  612
    led.o                                  254
    mem-util.o                             256
    mfg-token.o                            144       44
    micro-common.o                         204                 1
    micro.o                                860       77       39
    mpu.o                                  148       64       64
    node.o                                  72
    random.o                               100        4        4
    sensor.o                             4 920    3 832      197
    serial.o                             1 566      104      204
    sim-eeprom.o                           324      241    8 284
    sleep.o                              2 368        8        9
    token-def.o                                     590
    token.o                                448       12        2
    uart.o                                 800       40
    ------------------------------------------------------------
    Total:                              25 298    9 856   11 339

command line: [2]
    ------------------------------------------------------------
    Total:

alarm-library.a: [3]
    alarm.o                                520                 1
    ------------------------------------------------------------
    Total:                                 520                 1

binding-table-library.a: [4]
    binding-table.o                        940
    zdo-binding-table.o                    452
    ------------------------------------------------------------
    Total:                               1 392

cbke-stub-library.a: [5]
    cbke-crypto-engine-stub.o               20
    ------------------------------------------------------------
    Total:                                  20

dl7M_tln.a: [6]
    abs.o                                    8
    div.o                                   14
    sprintf.o                               52
    xprintffull.o                        3 278
    xsprout.o                               10
    ------------------------------------------------------------
    Total:                               3 362

end-device-bind-stub-library.a: [7]
    end-device-bind-stub.o                   8                 8
    ------------------------------------------------------------
    Total:                                   8                 8

hal-library.a: [8]
    caladc.o                               284
    clocks.o                               954       10       10
    context-switch.o                        80                 8
    cstartup-iar.o                         464
    flash.o                                296                 1
    micro-common-internal.o                338
    micro-internal.o                       408        7        4
    sim-eeprom-internal.o                2 776                 4
    spmr.o                                  62
    system-timer.o                         256                 8
    ------------------------------------------------------------
    Total:                               5 918       17       35

install-code-library-stub.a: [9]
    install-code-stub.o                      4
    ------------------------------------------------------------
    Total:                                   4

m7M_tl.a: [10]
    DblAdd.o                               212
    DblCmpGe.o                              46
    DblCmpLe.o                              46
    DblDiv.o                               582
    DblMul.o                               418
    DblSub.o                               384
    DblToI32.o                              88
    I32ToDbl.o                              48
    xdnorm.o                                66
    xdscale.o                              268
    ------------------------------------------------------------
    Total:                               2 158

multi-network-stub-library.a: [11]
    ember-multi-network-stub.o             504                24
    ------------------------------------------------------------
    Total:                                 504                24

packet-validate-library.a: [12]
    packet-validate.o                      692        1        1
    ------------------------------------------------------------
    Total:                                 692        1        1

rt7M_tl.a: [13]
    ABImemclr.o                              6
    ABImemclr4.o                             6
    ABImemcpy.o                            118
    ABImemset.o                             94
    ABImemset48.o                           50
    I64DivMod.o                            238
    I64DivZer.o                              2
    I64Shl.o                                34
    memchr.o                                88
    strchr.o                                22
    strlen.o                                54
    ------------------------------------------------------------
    Total:                                 712

security-library-core.a: [14]
    aes-mmo.o                              348
    aps-encryption.o                       696
    aps-keys.o                           1 280                 8
    aps-security.o                       3 132
    aps-skke-stub.o                          4        1        8
    high-security-stub.o                     8                 9
    hmac.o                                  98
    security-config-mfg-3xx.o              128
    trust-center-util.o                  1 184        2        2
    ------------------------------------------------------------
    Total:                               6 878        3       27

security-library-link-keys-stub.a: [15]
    aps-keys-full-stub.o                    14
    ------------------------------------------------------------
    Total:                                  14

zigbee-pro-stack.a: [16]
    address-table.o                      1 004
    aes.o                                  174
    analogue-cell-bias.o                   240
    analogue-filter.o                       80
    analogue-lna.o                         426
    analogue-mod-dac.o                     616        8        8
    analogue-vco.o                         212                 3
    analogue.o                           1 468       26       59
    application-support.o                2 240        4        5
    aps-retry.o                          2 300       14       14
    association.o                        5 412       50       61
    broadcast.o                            336               100
    byte-utilities.o                        68
    cal-pads.o                              24                 8
    child-aging.o                          380
    child-table.o                           64
    child.o                              1 844        7        6
    command.o                              974                 1
    crypto.o                             1 522                 4
    debug-jtag.o                           626                17
    debug.o                              1 012        4       17
    ember-stack-common.o                   340
    ember-version.o                                   8
    eui64.o                                 24                 8
    event-control.o                        600                 2
    jit.o                                  644       14       14
    leave.o                                928       16       14
    mac-arbiter.o                        1 048       31       28
    mac-em250.o                            440        2       10
    mac-header.o                           812        5       12
    mac-indirect.o                       1 472       18       34
    mac-receive.o                          716       17       16
    mac.o                                1 024               140
    management.o                           836       16       14
    neighbor-exchange.o                    860                 8
    neighbor.o                           1 608                 9
    network.o                            5 004        6        7
    packet-buffer.o                      1 768        1        1
    packet-header.o                        596
    phy-common.o                         2 204       31       30
    phy-util.o                              18
    phy.o                                1 352               284
    random-id.o                            748        2        3
    retry.o                                658                64
    route-discovery.o                    1 908                 1
    route-error.o                          328
    route-table.o                          960                 4
    scan.o                               1 032       36       36
    symbol-timer.o                          96
    token-cache.o                          240        2        2
    unicast-table.o                        100                20
    zdo-channel.o                          880       22       20
    zigbee-device-util.o                 1 264        1        9
    zigbee-device.o                      2 124       10       10
    zigbee-dispatch.o                      228                13
    zigbee-neighbor.o                      500
    zigbee-packet-header.o               1 408
    zigbee-stack.o                         904       11       10
    ------------------------------------------------------------
    Total:                              56 694      362    1 126

zll-stub-library.a: [17]
    zll-stubs.o                             42                 8
    ------------------------------------------------------------
    Total:                                  42                 8

    Gaps                                    60                58
    Linker created                                    2    1 392
----------------------------------------------------------------
    Grand Total:                       104 276   10 241   14 019


*******************************************************************************
*** ENTRY LIST
***

Entry                      Address    Size  Type      Object
-----                      -------    ----  ----      ------
.bss$$Base              0x20002950           --   Gb  - Linker created -
.bss$$Length            0x00000699           --   Gb  - Linker created -
.bss$$Limit             0x20002fe9           --   Gb  - Linker created -
.data$$Base             0x20002698           --   Gb  - Linker created -
.data$$Limit            0x2000294c           --   Gb  - Linker created -
.data_init$$Base        0x0801dcf8           --   Gb  - Linker created -
.data_init$$Length      0x000002b4           --   Gb  - Linker created -
.data_init$$Limit       0x0801dfac           --   Gb  - Linker created -
.noinit$$Base           0x00000000           --   Gb  - Linker created -
.text$$Base             0x08002190           --   Gb  - Linker created -
.text$$Limit            0x0801b8e4           --   Gb  - Linker created -
.textrw$$Base           0x00000000           --   Gb  - Linker created -
.textrw_init$$Base      0x00000000           --   Gb  - Linker created -
.textrw_init$$Length    0x00000000           --   Gb  - Linker created -
ALIGN_CSTACK$$Base      0x20001f40           --   Gb  - Linker created -
ALIGN_CSTACK$$Limit     0x20002698           --   Gb  - Linker created -
APPRO_block$$Base       0x08002100           --   Gb  - Linker created -
APPRO_block$$Limit      0x0801dfac           --   Gb  - Linker created -
[...]
initializeNonceFromAuxFrame
                        0x08011755    0x56  Code  Lc  crypto.o [16]
initializeNonceFromBuffer
                        0x080117ab    0x44  Code  Lc  crypto.o [16]
initializeRemoteNode    0x080178fd    0x2e  Code  Lc  binding-table.o [4]
insertNeighbor          0x08010e59   0x110  Code  Lc  neighbor.o [16]
isCompatibleStackProfile
                        0x0800e275    0x24  Code  Gb  association.o [16]
isMyChild               0x0800bd61    0x44  Code  Gb  common.o [1]
isMyNeighbor            0x0800becd     0x6  Code  Gb  common.o [1]
isSleepy                0x0801617b    0x38  Code  Lc  bootload-utils.o [1]
isTheSameEui64          0x08015b55    0x1e  Code  Lc  bootload-utils.o [1]
jitMaskMulticastHello   0x20002f92     0x2  Data  Gb  common.o [1]
jitMessageApsFrame      0x20002a5c     0xc  Data  Gb  common.o [1]
jitMessageMulticastHello
                        0x200026a5     0x1  Data  Gb  common.o [1]
jitMessageStatus        0x0800bb87    0x34  Code  Gb  common.o [1]
jitMessageStatusPrintMessageData
                        0x0800bb37    0x50  Code  Gb  common.o [1]
joinAttemptFailed       0x0800e3db    0x62  Code  Lc  association.o [16]
joinData                0x20002818    0x18  Data  Lc  association.o [16]
joinNetworkQuietly      0x0800e63d    0x4a  Code  Lc  association.o [16]
lastAgingTime           0x20002dfa     0x2  Data  Lc  broadcast.o [16]
lastAgingTimeQs         0x20002fa2     0x2  Data  Lc  route-table.o [16]
lastEventTimeMS         0x200028ec     0x2  Data  Lc  mac-indirect.o [16]
lastEventTimeMs         0x20002924     0x2  Data  Lc  aps-retry.o [16]
lastReportTimeMin       0x200028f7     0x1  Data  Lc  zdo-channel.o [16]
lastTransmitPacketIsDataPoll
                        0x200028a4     0x1  Data  Gb  phy-common.o [16]
lastTxSfdTime           0x200028b0     0x4  Data  Gb  phy-common.o [16]
lastVcoCalChannel       0x20002fde     0x1  Data  Lc  analogue-vco.o [16]
lastVcoValue            0x20002fdf     0x1  Data  Lc  analogue-vco.o [16]
lcd_address             0x080173b5    0x28  Code  Gb  lcd.o [1]
leaveReason             0x20002880     0x1  Data  Lc  leave.o [16]
left                    0x20002f9d     0x1  Data  Lc  sim-eeprom-internal.o [8]
libraryEnabled          0x2000293a     0x1  Data  Lc  packet-validate.o [12]
lnaForceReCal           0x200027da     0x2  Data  Gb  analogue.o [16]
longIndirectPool        0x200028e4     0x4  Data  Lc  mac-indirect.o [16]
macBufferStatus         0x200028c2     0x1  Data  Lc  mac-arbiter.o [16]
macCheckIncomingQueue   0x08007059   0x1c2  Code  Lc  mac-receive.o [16]
macCommandPacketIsValid
                        0x08013d61    0x48  Code  Lc  packet-validate.o [12]
macCommandSizes         0x08013fb4     0xc  Data  Lc  packet-validate.o [12]
macIsInactive           0x200028f6     0x1  Data  Lc  zdo-channel.o [16]
macSendShortIdCommand   0x0800fd61    0x36  Code  Lc  command.o [16]
main                    0x0800c6b5   0x208  Code  Gb  sensor.o [1]
mainSinkFound           0x20002fc7     0x1  Data  Gb  sensor.o [1]
managePollTxRxTurnaround
                        0x080038a1    0x1c  Code  Gb  phy-common.o [16]
matchingPoolAddress     0x08006c0d    0x52  Code  Lc  mac-indirect.o [16]
maybeSendAddressResponse
                        0x0801800d   0x180  Code  Lc  zigbee-device-util.o [16]
maybeSendBasicAck       0x08012daf    0x20  Code  Lc  application-support.o [16]
memchr                  0x0801a8ed          Code  Gb  memchr.o [13]
mobileChildData         0x200027f1     0x1  Data  Lc  child.o [16]
mobileChildDataIndex    0x0800c487    0x40  Code  Lc  child.o [16]
mobileChildDataLength   0x200027f4     0x2  Data  Lc  child.o [16]
mobileJoinApsFrame      0x0800b02c     0x8  Data  Lc  network.o [16]
modDacForceReCal        0x200027d8     0x2  Data  Gb  analogue.o [16]
mpuConfig               0x20002750    0x40  Data  Lc  mpu.o [1]
mtorFlags               0x0801a768     0x8  Data  Lc  zigbee-device.o [16]
networkCommandBaseSizes
                        0x08013fc0     0xc  Data  Lc  packet-validate.o [12]
networkCommandPacketIsValid
                        0x08013df3    0x9c  Code  Lc  packet-validate.o [12]
networkCount            0x20002fc1     0x1  Data  Lc  form-and-join.o [1]
networkDecrypt          0x0800a0ab   0x16e  Code  Lc  network.o [16]
networkInitData         0x20002838     0x4  Data  Lc  association.o [16]
networkPacketIsValid    0x08013da9    0x4a  Code  Lc  packet-validate.o [12]
networkSubmitUnicast    0x08009faf    0x84  Code  Lc  network.o [16]
newChannel              0x20002fd3     0x1  Data  Lc  association.o [16]
newNwkUpdateId          0x200028f1     0x1  Data  Lc  zdo-channel.o [16]
newPanId                0x20002934     0x2  Data  Lc  management.o [16]
nextApsFrameCounter     0x20002f64     0x4  Data  Lc  crypto.o [16]
nextChannel             0x20002851     0x1  Data  Lc  scan.o [16]
nextIncomingRssi        0x20002870     0x4  Data  Lc  scan.o [16]
nextOutgoingRssi        0x2000286c     0x4  Data  Lc  scan.o [16]
nodeSecurityInit        0x08016b27    0x48  Code  Gb  node.o [1]
nodeThatToldUsToLeave   0x2000288c     0x2  Data  Lc  leave.o [16]
normalOrBoostTokSerialRegId
                        0x080030ac     0xc  Data  Gb  analogue-cell-bias.o [16]
noteDiscoveryTimeout    0x080105a1    0x6a  Code  Lc  route-table.o [16]
notePreconfiguredKeyType
                        0x08013abd    0x22  Code  Lc  aps-security.o [14]
notifyTrustCenter       0x080146b9    0x28  Code  Lc  leave.o [16]
nullEui                 0x0801c9f8     0x8  Data  Lc  mfg-token.o [1]
numberOfFailedDataMessages
                        0x20002fca     0x1  Data  Gb  sensor.o [1]
nwkSequenceNumber       0x20002848     0x1  Data  Lc  application-support.o [16]
oneScanDone             0x200028f8     0x1  Data  Lc  zdo-channel.o [16]
originalChannel         0x20002854     0x1  Data  Lc  scan.o [16]
originalPanId           0x20002860     0x2  Data  Lc  scan.o [16]
originalRadioIdleMode   0x20002855     0x1  Data  Lc  scan.o [16]
paPresent               0x200027e2     0x1  Data  Lc  analogue.o [16]
packetChecks            0x08013fe4    0x30  Data  Lc  packet-validate.o [12]
panConflictMeter        0x20002928     0x1  Data  Lc  management.o [16]
panIdScanComplete       0x08018e33    0x4c  Code  Lc  form-and-join.o [1]
parentLaunchBootload    0x20002fb1     0x1  Data  Gb  common.o [1]
pendingAckedCount       0x20002919     0x1  Data  Lc  aps-retry.o [16]
permitJoining           0x20002c94     0x1  Data  Lc  association.o [16]
phyToMacQueueLength     0x20002908     0x2  Data  Lc  mac-receive.o [16]
phyToMacQueueLengthReached
                        0x2000290c     0x2  Data  Lc  mac-receive.o [16]
pollState               0x200028c4     0x1  Data  Lc  mac-arbiter.o [16]
powerLevelSettings      0x08002b64     0x4  Data  Gb  analogue.o [16]
powers10                0x0801d928    0x24  Data  Lc  serial.o [1]
previousLoValue         0x20002878     0x1  Data  Gb  clocks.o [8]
previousTemperature     0x20002fdb     0x1  Data  Lc  phy.o [16]
previousTemperatureAvailable
                        0x20002fdc     0x1  Data  Lc  phy.o [16]
printAddressTable       0x0800b745   0x10c  Code  Gb  common.o [1]
printChildTable         0x0800bbbb    0x7c  Code  Gb  common.o [1]
printDataMode           0x0800d82b    0x48  Code  Gb  sensor.o [1]
printEUI64              0x0800b855    0x2a  Code  Gb  common.o [1]
printEui                0x08016179     0x2  Code  Lc  bootload-utils.o [1]
printExtendedPanId      0x0800b5cf    0x30  Code  Gb  common.o [1]
printHelp               0x0800d575   0x150  Code  Gb  sensor.o [1]
printNetInfo            0x0800c689    0x2a  Code  Gb  sensor.o [1]
printNodeInfo           0x0800b5ff    0xca  Code  Gb  common.o [1]
processDeviceAnnounceAndFindIdConflict
                        0x0800a83d    0xbe  Code  Lc  network.o [16]
processKeyCommand       0x0801378d   0x2a2  Code  Lc  aps-security.o [14]
processRxAddressReceiveCompleteIsr
                        0x080033b9    0xec  Code  Lc  phy.o [16]
processRxPacketCompleteIsr
                        0x080034a5    0xe4  Code  Lc  phy.o [16]
processScanRequest      0x08017d1d   0x118  Code  Lc  zdo-channel.o [16]
processSerialInput      0x0800d2d9   0x23a  Code  Gb  sensor.o [1]
processZigbeePacket     0x0800a375   0x39a  Code  Lc  network.o [16]
ptiEnabled              0x2000289b     0x1  Data  Lc  phy-common.o [16]
ptrCache                0x20002bf0    0x5c  Data  Gb  sim-eeprom.o [1]
ptrCacheLoc             0x08005e17    0x22  Code  Lc  sim-eeprom-internal.o [8]
pushInt16u              0x08011a8d     0xc  Code  Lc  zigbee-packet-header.o [16]
quietlyEraseChild       0x0800c3e5    0x3a  Code  Lc  child.o [16]
radioCheckCrc           0x200028b4     0x1  Data  Gb  phy-common.o [16]
radioCurrentPowerStatus
                        0x200028a5     0x1  Data  Gb  phy-common.o [16]
radioIdlePowerState     0x200028a0     0x1  Data  Lc  phy-common.o [16]
radioTransmitConfig     0x200027f8     0x8  Data  Gb  zigbee-stack.o [16]
reCalibrateVref         0x200027e3     0x1  Data  Gb  analogue.o [16]
readAndPrintSensorData  0x0800d6e1    0xe2  Code  Gb  sensor.o [1]
readCounterValue        0x08006659    0x34  Code  Lc  sim-eeprom-internal.o [8]
readNetworkTokens       0x0800f535    0x2e  Code  Lc  association.o [16]
readNodeData            0x0800f563     0xc  Code  Lc  association.o [16]
readTokenData           0x08005d95    0x42  Code  Lc  sim-eeprom-internal.o [8]
recalculateMacDataPendingBitField
                        0x08006c67    0x42  Code  Lc  mac-indirect.o [16]
recyclePendingAckedMessages
                        0x080161b5    0x48  Code  Lc  aps-retry.o [16]
reenqueueSubmitHead     0x08010c4b    0x82  Code  Lc  retry.o [16]
rejoinUpdateDeviceStatusValues
                        0x0800ead4     0x8  Data  Lc  association.o [16]
removeFromBuffer        0x08009dcd    0x2e  Code  Lc  network.o [16]
requestKeyBuffer        0x20002937     0x1  Data  Lc  trust-center-util.o [14]
respondTimer            0x20002fc6     0x1  Data  Gb  sensor.o [1]
retryEntries            0x20002f24    0x30  Data  Lc  retry.o [16]
rhoActive               0x20002fc3     0x1  Data  Lc  micro.o [1]
rhoEnabled              0x20002fc5     0x1  Data  Lc  micro.o [1]
rmwRadioPowerCfgReg     0x080045c3    0x5a  Code  Lc  micro.o [1]
rmwRadioPowerOutReg     0x0800461d    0x50  Code  Lc  micro.o [1]
routeRequestId          0x20002fe8     0x1  Data  Lc  route-discovery.o [16]
routeTableTimer         0x20002fa0     0x1  Data  Lc  route-table.o [16]
runEventHandler         0x080163b9   0x122  Code  Lc  aps-retry.o [16]
rxBuffer                0x20002cb8   0x114  Data  Lc  phy.o [16]
sampleVcoTune           0x080049ed    0x44  Code  Gb  analogue-mod-dac.o [16]
saveNetwork             0x08019109    0x6e  Code  Lc  form-and-join.o [1]
savedMSP                0x20002dd0          Data  Gb  context-switch.o [8]
savedResetCause         0x20002f94     0x2  Data  Lc  cstartup-iar-common.o [1]
scanChannelMask         0x20002868     0x4  Data  Lc  scan.o [16]
scanDuration            0x20002852     0x1  Data  Lc  scan.o [16]
scanFrameCounter        0x20002864     0x4  Data  Lc  scan.o [16]
scanRequestHeader       0x200028f3     0x1  Data  Lc  zdo-channel.o [16]
scanResults             0x200028f4     0x1  Data  Lc  zdo-channel.o [16]
scanTransmitRetries     0x20002853     0x1  Data  Lc  scan.o [16]
scansRemaining          0x200028f5     0x1  Data  Lc  zdo-channel.o [16]
seed0                   0x20002790     0x2  Data  Gb  random.o [1]
seed1                   0x20002792     0x2  Data  Gb  random.o [1]
sendAckedUnicast        0x080164db    0xe8  Code  Lc  aps-retry.o [16]
sendApplicationKeys     0x080186db    0xe6  Code  Lc  trust-center-util.o [14]
sendBootloaderLaunchMessage
                        0x0800bd27    0x36  Code  Gb  common.o [1]
sendData                0x0800ce79   0x212  Code  Gb  sensor.o [1]
sendDataCountdown       0x200027a9     0x1  Data  Gb  sensor.o [1]
sendFromSource          0x2000284a     0x2  Data  Lc  application-support.o [16]
sendLeaveCommand        0x0801471d    0x72  Code  Lc  leave.o [16]
sendMulticastHello      0x0800d0a9    0x9a  Code  Gb  sensor.o [1]
sendNeighborExchange    0x080147e9    0xac  Code  Lc  neighbor-exchange.o [16]
sendRadioMessage        0x08015f51   0x1be  Code  Lc  bootload-utils.o [1]
sendSpecialJoinRequest  0x0800e7e7    0xd0  Code  Lc  association.o [16]
sendUpdateDevice        0x0801348d    0x4c  Code  Lc  aps-security.o [14]
sensorCommonPrint16ByteKey
                        0x0800b529    0x68  Code  Gb  common.o [1]
sensorCommonPrintKeys   0x0800b6c9    0x70  Code  Gb  common.o [1]
sensorCommonSetupSecurity
                        0x0800b591    0x3e  Code  Gb  common.o [1]
sensorInit              0x0800d27b    0x16  Code  Gb  sensor.o [1]
sensorPrintKeyOptions   0x0800b435    0xf4  Code  Gb  common.o [1]
sequenceNumber          0x20002fe6     0x1  Data  Lc  debug-jtag.o [16]
serialRegData           0x20002c54    0x24  Data  Gb  analogue.o [16]
setChildTokenData       0x0800c5a7    0xa2  Code  Lc  child.o [16]
setNonvolatileBinding   0x0801779b    0x2e  Code  Lc  binding-table.o [4]
setOrOverrideTrustCenterEui64
                        0x08016dab    0x22  Code  Lc  aps-keys.o [14]
setRadioParameters      0x0800f3e7    0x52  Code  Lc  association.o [16]
setTxStepTime           0x080025ef    0x34  Code  Lc  analogue.o [16]
shift                   0x0800754d    0x12  Code  Lc  random.o [1]
shortIndirectPool       0x200028e8     0x4  Data  Lc  mac-indirect.o [16]
signingKey              0x200026a2     0x1  Data  Lc  bootload-utils.o [1]
simEeErasePage          0x08005ddf    0x16  Code  Lc  sim-eeprom-internal.o [8]
simEeSetDataActiveSemaphore
                        0x20002fcf     0x1  Data  Gb  token.o [1]
simulatedEepromStorage  0x0802e000  0x2000  Data  Gb  sim-eeprom.o [1]
sinkEUI                 0x20002aa8     0x8  Data  Gb  sensor.o [1]
sinkShortAddress        0x20002f96     0x2  Data  Gb  sensor.o [1]
sizeCache               0x0801da14    0x18  Data  Gb  sim-eeprom.o [1]
sleepTimerInterruptOccurred
                        0x20002c8c     0x1  Data  Gb  system-timer.o [8]
sleepTmrArtificalCnt    0x20002c90     0x4  Data  Gb  system-timer.o [8]
spreadModDac1           0x20002892     0x2  Data  Gb  analogue-mod-dac.o [16]
spreadModDac2           0x20002894     0x2  Data  Gb  analogue-mod-dac.o [16]
sprintf                 0x08017569    0x34  Code  Gb  sprintf.o [6]
stackEvents             0x0800e1b4    0xc0  Data  Gb  zigbee-stack.o [16]
stackTokenInfo          0x0801893c    0x38  Data  Lc  token-cache.o [16]
startChannelScan        0x08010455    0x64  Code  Lc  scan.o [16]
startNetworkOperation   0x0800e3af    0x2c  Code  Lc  association.o [16]
startNextConversion     0x08002235    0x74  Code  Gb  adc.o [1]
startPanIdScan          0x08018dd5    0x5e  Code  Lc  form-and-join.o [1]
startScan               0x080191b5    0x3e  Code  Lc  form-and-join.o [1]
statsTable              0x20002ca8     0xc  Data  Lc  debug.o [16]
strchr                  0x0801a8d5          Code  Gb  strchr.o [13]
strlen                  0x08017681          Code  Gb  strlen.o [13]
submitCount             0x20002f15     0x1  Data  Lc  retry.o [16]
swoOutput               0x08008c21    0xcc  Code  Lc  debug-jtag.o [16]
targetAddress           0x20002a38     0x8  Data  Gb  bootload-utils.o [1]
terminateScanRequest    0x08017ce7    0x26  Code  Lc  zdo-channel.o [16]
timeToWaitForSinkReadyMessage
                        0x200027a8     0x1  Data  Gb  sensor.o [1]
timeoutPools            0x08006ca9    0xde  Code  Lc  mac-indirect.o [16]
toBCD                   0x0800d7dd    0x4e  Code  Gb  sensor.o [1]
tokenArraySize          0x0801da94    0x18  Data  Gb  token-def.o [1]
tokenCreators           0x0801da34    0x30  Data  Gb  token-def.o [1]
tokenDefaults           0x0801dc20    0x5c  Data  Gb  token-def.o [1]
tokenIsCnt              0x0801da64    0x18  Data  Gb  token-def.o [1]
tokenSize               0x0801da7c    0x18  Data  Gb  token-def.o [1]
tokensActive            0x20002fce     0x1  Data  Gb  token.o [1]
transfer_command_lcd    0x08017279    0x40  Code  Gb  lcd.o [1]
transfer_data_lcd       0x080172b9    0x40  Code  Gb  lcd.o [1]
transmitQueue           0x200028c8     0x8  Data  Lc  mac-arbiter.o [16]
transportKeyFrameSizes  0x08013fdc     0x8  Data  Lc  packet-validate.o [12]
tuneDone                0x200026a4     0x1  Data  Gb  buzzer.o [1]
tunePos                 0x20002fb0     0x1  Data  Gb  buzzer.o [1]
txPower                 0x08002b18    0x28  Data  Gb  analogue.o [16]
txStepTimeSnapshot      0x200028ac     0x2  Data  Lc  phy-common.o [16]
uartErrorMark           0x08008181    0x5e  Code  Lc  uart.o [1]
unicastHead             0x20002f68     0x1  Data  Lc  unicast-table.o [16]
uninitializedIsr        0x0801b599          Code  Gb  faults.o [1]
unsentMessageCount      0x200028c3     0x1  Data  Lc  mac-arbiter.o [16]
unsolicitedChannelReport
                        0x200028f2     0x1  Data  Lc  zdo-channel.o [16]
updateParentToken       0x0800f6cf    0x62  Code  Lc  association.o [16]
useOsc32k               0x20002fc2     0x1  Data  Gb  micro-common.o [1]
useXtalAsIs             0x20002877     0x1  Data  Lc  clocks.o [8]
vcoLastTuneValueAvailable
                        0x20002fdd     0x1  Data  Gb  analogue-vco.o [16]
vcoTuneModDacError      0x08004a31    0x24  Code  Lc  analogue-mod-dac.o [16]
verifyFib               0x08009199    0x24  Code  Lc  flash.o [8]
voltsToCelsius          0x0800d7c3     0xc  Code  Gb  sensor.o [1]
waitingForSinkReadyMessage
                        0x20002fc9     0x1  Data  Gb  sensor.o [1]
waitingToRespond        0x20002fc8     0x1  Data  Gb  sensor.o [1]
wakeupSleepTmrCnt       0x20002c50     0x4  Data  Gb  sleep.o [1]
wakeupXtalState         0x20002876     0x1  Data  Gb  clocks.o [8]
walkDelayQueue          0x08010a49    0xd0  Code  Lc  retry.o [16]
writeMessage            0x08008975    0xb0  Code  Lc  packet-buffer.o [16]
writePageCounters       0x080063eb    0x7e  Code  Lc  sim-eeprom-internal.o [8]
writeTokenBlockData     0x08005d3d    0x58  Code  Lc  sim-eeprom-internal.o [8]
xmodemBlock             0x20002970    0x80  Data  Gb  bootload-utils.o [1]
xmodemReadSerialByte    0x08015b7f    0x4c  Code  Lc  bootload-utils.o [1]
xmodemReceiveAndForward
                        0x08015d2d   0x124  Code  Lc  bootload-utils.o [1]
xmodemReceiveBlock      0x08015bcb   0x134  Code  Lc  bootload-utils.o [1]
xmodemSendReady         0x08015cff    0x16  Code  Lc  bootload-utils.o [1]
xorBufferBytesIntoBlock
                        0x080114a3    0x82  Code  Lc  crypto.o [16]
xtalAboveLoThresholdUs  0x2000287a     0x2  Data  Gb  clocks.o [8]
xtalUnstable            0x20002875     0x1  Data  Gb  clocks.o [8]
zigDevApsStruct         0x20002e74     0x4  Data  Lc  zigbee-device-util.o [16]
zigDevRequestSequence   0x20002e70     0x1  Data  Lc  zigbee-device-util.o [16]


[1] = D:\Firmware\EZ\EZ\firmware\EmberZNet\EM35x\app\sensor\ewb-em357\build\sensor-cortexm3-iar-em357-em3xx-dev0680-debug\Obj
[2] = command line
[3] = alarm-library.a
[4] = binding-table-library.a
[5] = cbke-stub-library.a
[6] = dl7M_tln.a
[7] = end-device-bind-stub-library.a
[8] = hal-library.a
[9] = install-code-library-stub.a
[10] = m7M_tl.a
[11] = multi-network-stub-library.a
[12] = packet-validate-library.a
[13] = rt7M_tl.a
[14] = security-library-core.a
[15] = security-library-link-keys-stub.a
[16] = zigbee-pro-stack.a
[17] = zll-stub-library.a

  104 276 bytes of readonly  code memory
   10 241 bytes of readonly  data memory
   14 019 bytes of readwrite data memory

Errors: none
Warnings: none
