###############################################################################
#                                                                             #
# IAR ELF Linker V6.40.4.54170/W32 for ARM              17/Jul/2013  12:28:12 #
# Copyright 2007-2012 IAR Systems AB.                                         #
#                                                                             #
#    Output file  =  D:\Firmware\EZ\EZ\firmware\EmberZNet\EM35x\app\sensor\ew #
#                    b-em357\build\sensor-cortexm3-iar-em357-em3xx-dev0680-de #
#                    bug\Exe\sensor.out                                       #
#    Map file     =  D:\Firmware\EZ\EZ\firmware\EmberZNet\EM35x\app\sensor\ew #
#                    b-em357\build\sensor-cortexm3-iar-em357-em3xx-dev0680-de #
#                    bug\Lst\sensor.map                                       #
#    Command line =  D:\Firmware\EZ\EZ\firmware\EmberZNet\EM35x\app\sensor\ew #
#                    b-em357\build\sensor-cortexm3-iar-em357-em3xx-dev0680-de #
#                    bug\Obj\adc.o D:\Firmware\EZ\EZ\firmware\EmberZNet\EM35x #
#                    \app\sensor\ewb-em357\build\sensor-cortexm3-iar-em357-em #
#                    3xx-dev0680-debug\Obj\bootload-utils.o                   #
#                    D:\Firmware\EZ\EZ\firmware\EmberZNet\EM35x\app\sensor\ew #
#                    b-em357\build\sensor-cortexm3-iar-em357-em3xx-dev0680-de #
#                    bug\Obj\bootloader-interface-app.o                       #
#                    D:\Firmware\EZ\EZ\firmware\EmberZNet\EM35x\app\sensor\ew #
#                    b-em357\build\sensor-cortexm3-iar-em357-em3xx-dev0680-de #
#                    bug\Obj\bootloader-interface-standalone.o                #
#                    D:\Firmware\EZ\EZ\firmware\EmberZNet\EM35x\app\sensor\ew #
#                    b-em357\build\sensor-cortexm3-iar-em357-em3xx-dev0680-de #
#                    bug\Obj\bootloader-interface.o                           #
#                    D:\Firmware\EZ\EZ\firmware\EmberZNet\EM35x\app\sensor\ew #
#                    b-em357\build\sensor-cortexm3-iar-em357-em3xx-dev0680-de #
#                    bug\Obj\button.o D:\Firmware\EZ\EZ\firmware\EmberZNet\EM #
#                    35x\app\sensor\ewb-em357\build\sensor-cortexm3-iar-em357 #
#                    -em3xx-dev0680-debug\Obj\buzzer.o                        #
#                    D:\Firmware\EZ\EZ\firmware\EmberZNet\EM35x\app\sensor\ew #
#                    b-em357\build\sensor-cortexm3-iar-em357-em3xx-dev0680-de #
#                    bug\Obj\common.o D:\Firmware\EZ\EZ\firmware\EmberZNet\EM #
#                    35x\app\sensor\ewb-em357\build\sensor-cortexm3-iar-em357 #
#                    -em3xx-dev0680-debug\Obj\crc.o                           #
#                    D:\Firmware\EZ\EZ\firmware\EmberZNet\EM35x\app\sensor\ew #
#                    b-em357\build\sensor-cortexm3-iar-em357-em3xx-dev0680-de #
#                    bug\Obj\cstartup-iar-common.o                            #
#                    D:\Firmware\EZ\EZ\firmware\EmberZNet\EM35x\app\sensor\ew #
#                    b-em357\build\sensor-cortexm3-iar-em357-em3xx-dev0680-de #
#                    bug\Obj\diagnostic.o D:\Firmware\EZ\EZ\firmware\EmberZNe #
#                    t\EM35x\app\sensor\ewb-em357\build\sensor-cortexm3-iar-e #
#                    m357-em3xx-dev0680-debug\Obj\ember-configuration.o       #
#                    D:\Firmware\EZ\EZ\firmware\EmberZNet\EM35x\app\sensor\ew #
#                    b-em357\build\sensor-cortexm3-iar-em357-em3xx-dev0680-de #
#                    bug\Obj\endian.o D:\Firmware\EZ\EZ\firmware\EmberZNet\EM #
#                    35x\app\sensor\ewb-em357\build\sensor-cortexm3-iar-em357 #
#                    -em3xx-dev0680-debug\Obj\faults.o                        #
#                    D:\Firmware\EZ\EZ\firmware\EmberZNet\EM35x\app\sensor\ew #
#                    b-em357\build\sensor-cortexm3-iar-em357-em3xx-dev0680-de #
#                    bug\Obj\form-and-join-node-adapter.o                     #
#                    D:\Firmware\EZ\EZ\firmware\EmberZNet\EM35x\app\sensor\ew #
#                    b-em357\build\sensor-cortexm3-iar-em357-em3xx-dev0680-de #
#                    bug\Obj\form-and-join-node-callbacks.o                   #
#                    D:\Firmware\EZ\EZ\firmware\EmberZNet\EM35x\app\sensor\ew #
#                    b-em357\build\sensor-cortexm3-iar-em357-em3xx-dev0680-de #
#                    bug\Obj\form-and-join.o D:\Firmware\EZ\EZ\firmware\Ember #
#                    ZNet\EM35x\app\sensor\ewb-em357\build\sensor-cortexm3-ia #
#                    r-em357-em3xx-dev0680-debug\Obj\isr-stubs.o              #
#                    D:\Firmware\EZ\EZ\firmware\EmberZNet\EM35x\app\sensor\ew #
#                    b-em357\build\sensor-cortexm3-iar-em357-em3xx-dev0680-de #
#                    bug\Obj\lcd.o D:\Firmware\EZ\EZ\firmware\EmberZNet\EM35x #
#                    \app\sensor\ewb-em357\build\sensor-cortexm3-iar-em357-em #
#                    3xx-dev0680-debug\Obj\led.o                              #
#                    D:\Firmware\EZ\EZ\firmware\EmberZNet\EM35x\app\sensor\ew #
#                    b-em357\build\sensor-cortexm3-iar-em357-em3xx-dev0680-de #
#                    bug\Obj\mem-util.o D:\Firmware\EZ\EZ\firmware\EmberZNet\ #
#                    EM35x\app\sensor\ewb-em357\build\sensor-cortexm3-iar-em3 #
#                    57-em3xx-dev0680-debug\Obj\mfg-token.o                   #
#                    D:\Firmware\EZ\EZ\firmware\EmberZNet\EM35x\app\sensor\ew #
#                    b-em357\build\sensor-cortexm3-iar-em357-em3xx-dev0680-de #
#                    bug\Obj\micro-common.o D:\Firmware\EZ\EZ\firmware\EmberZ #
#                    Net\EM35x\app\sensor\ewb-em357\build\sensor-cortexm3-iar #
#                    -em357-em3xx-dev0680-debug\Obj\micro.o                   #
#                    D:\Firmware\EZ\EZ\firmware\EmberZNet\EM35x\app\sensor\ew #
#                    b-em357\build\sensor-cortexm3-iar-em357-em3xx-dev0680-de #
#                    bug\Obj\mpu.o D:\Firmware\EZ\EZ\firmware\EmberZNet\EM35x #
#                    \app\sensor\ewb-em357\build\sensor-cortexm3-iar-em357-em #
#                    3xx-dev0680-debug\Obj\node.o                             #
#                    D:\Firmware\EZ\EZ\firmware\EmberZNet\EM35x\app\sensor\ew #
#                    b-em357\build\sensor-cortexm3-iar-em357-em3xx-dev0680-de #
#                    bug\Obj\random.o D:\Firmware\EZ\EZ\firmware\EmberZNet\EM #
#                    35x\app\sensor\ewb-em357\build\sensor-cortexm3-iar-em357 #
#                    -em3xx-dev0680-debug\Obj\security-common.o               #
#                    D:\Firmware\EZ\EZ\firmware\EmberZNet\EM35x\app\sensor\ew #
#                    b-em357\build\sensor-cortexm3-iar-em357-em3xx-dev0680-de #
#                    bug\Obj\sensor.o D:\Firmware\EZ\EZ\firmware\EmberZNet\EM #
#                    35x\app\sensor\ewb-em357\build\sensor-cortexm3-iar-em357 #
#                    -em3xx-dev0680-debug\Obj\serial.o                        #
#                    D:\Firmware\EZ\EZ\firmware\EmberZNet\EM35x\app\sensor\ew #
#                    b-em357\build\sensor-cortexm3-iar-em357-em3xx-dev0680-de #
#                    bug\Obj\sim-eeprom.o D:\Firmware\EZ\EZ\firmware\EmberZNe #
#                    t\EM35x\app\sensor\ewb-em357\build\sensor-cortexm3-iar-e #
#                    m357-em3xx-dev0680-debug\Obj\sleep.o                     #
#                    D:\Firmware\EZ\EZ\firmware\EmberZNet\EM35x\app\sensor\ew #
#                    b-em357\build\sensor-cortexm3-iar-em357-em3xx-dev0680-de #
#                    bug\Obj\token-def.o D:\Firmware\EZ\EZ\firmware\EmberZNet #
#                    \EM35x\app\sensor\ewb-em357\build\sensor-cortexm3-iar-em #
#                    357-em3xx-dev0680-debug\Obj\token.o                      #
#                    D:\Firmware\EZ\EZ\firmware\EmberZNet\EM35x\app\sensor\ew #
#                    b-em357\build\sensor-cortexm3-iar-em357-em3xx-dev0680-de #
#                    bug\Obj\uart.o D:\Firmware\EZ\EZ\firmware\EmberZNet\EM35 #
#                    x\build\alarm-library-cortexm3-iar-em357-em3xx-debug\ala #
#                    rm-library.a D:\Firmware\EZ\EZ\firmware\EmberZNet\EM35x\ #
#                    build\binding-table-library-cortexm3-iar-em357-em3xx-deb #
#                    ug\binding-table-library.a D:\Firmware\EZ\EZ\firmware\Em #
#                    berZNet\EM35x\build\cbke-stub-library-cortexm3-iar-em357 #
#                    -em3xx\cbke-stub-library.a D:\Firmware\EZ\EZ\firmware\Em #
#                    berZNet\EM35x\build\end-device-bind-stub-library-cortexm #
#                    3-iar-em357-em3xx\end-device-bind-stub-library.a         #
#                    D:\Firmware\EZ\EZ\firmware\EmberZNet\EM35x\build\hal-lib #
#                    rary-cortexm3-iar-em357-em3xx-debug\hal-library.a        #
#                    D:\Firmware\EZ\EZ\firmware\EmberZNet\EM35x\build\install #
#                    -code-library-stub-cortexm3-iar-em357-em3xx\install-code #
#                    -library-stub.a D:\Firmware\EZ\EZ\firmware\EmberZNet\EM3 #
#                    5x\build\multi-network-stub-library-cortexm3-iar-em357-e #
#                    m3xx\multi-network-stub-library.a                        #
#                    D:\Firmware\EZ\EZ\firmware\EmberZNet\EM35x\build\packet- #
#                    validate-library-cortexm3-iar-em357-em3xx-debug\packet-v #
#                    alidate-library.a D:\Firmware\EZ\EZ\firmware\EmberZNet\E #
#                    M35x\build\security-library-core-cortexm3-iar-em357-em3x #
#                    x-debug\security-library-core.a                          #
#                    D:\Firmware\EZ\EZ\firmware\EmberZNet\EM35x\build\securit #
#                    y-library-link-keys-stub-cortexm3-iar-em357-em3xx\securi #
#                    ty-library-link-keys-stub.a                              #
#                    D:\Firmware\EZ\EZ\firmware\EmberZNet\EM35x\build\zigbee- #
#                    pro-stack-cortexm3-iar-em357-em3xx-debug\zigbee-pro-stac #
#                    k.a D:\Firmware\EZ\EZ\firmware\EmberZNet\EM35x\build\zll #
#                    -stub-library-cortexm3-iar-em357-em3xx\zll-stub-library. #
#                    a --redirect _Printf=_PrintfFull --redirect              #
#                    _Scanf=_ScanfFull -o D:\Firmware\EZ\EZ\firmware\EmberZNe #
#                    t\EM35x\app\sensor\ewb-em357\build\sensor-cortexm3-iar-e #
#                    m357-em3xx-dev0680-debug\Exe\sensor.out --map            #
#                    D:\Firmware\EZ\EZ\firmware\EmberZNet\EM35x\app\sensor\ew #
#                    b-em357\build\sensor-cortexm3-iar-em357-em3xx-dev0680-de #
#                    bug\Lst\sensor.map --log initialization,modules,sections #
#                    ,veneers --log_file D:\Firmware\EZ\EZ\firmware\EmberZNet #
#                    \EM35x\app\sensor\ewb-em357\build\sensor-cortexm3-iar-em #
#                    357-em3xx-dev0680-debug\Lst\sensor.log --config          #
#                    D:\Firmware\EZ\EZ\firmware\EmberZNet\EM35x\app\sensor\ew #
#                    b-em357/../../../hal/micro/cortexm3/em35x/em357/iar-cfg. #
#                    icf --diag_suppress Lp012 --entry halEntryPoint --vfe    #
#                                                                             #
#                                                                             #
###############################################################################

*******************************************************************************
*** RUNTIME MODEL ATTRIBUTES
***

CppFlavor       = *
__SystemLibrary = DLib


*******************************************************************************
*** PLACEMENT SUMMARY
***

"BAT": place at 0x08000000 { section BAT };
"HEADERS":
       place at start of [0x08002000-0x080020ff] { block HEADER_block };
"APP ro":
       place at start of [0x08002100-0x0802ffff] { block APPRO_block };
"NVM&SIMEE":
       place at end of [0x08002100-0x0802ffff] {
          zi section NVM, zi section SIMEE, zi section INTERNAL_STORAGE };
"FAT": place at 0x08040000 { section FAT };
"DEBUGCHAN":
       place at start of [0x20002ff0-0x20002fff] { rw section DEBUG_CHANNEL };
"APP rw":
       place at end of [0x20000000-0x20002fef] { block APPRW_block };
"Heap":
       place at start of [0x20000000-0x20002fef] { overlay EMHEAP_overlay };
"Guard":
       place in [from 0x20000000 to 0x20002fef] { rw section GUARD_REGION };

  Section                 Kind        Address     Size  Object
  -------                 ----        -------     ----  ------
"BAT":                                            0x54
  BAT                     uninit   0x08000000     0x54  cstartup-iar-common.o [1]
                                 - 0x08000054     0x54

"HEADERS":                                        0xac
  HEADER_block                     0x08002000     0xac  <Block>
    AAT                   const    0x08002000     0xac  cstartup-iar-common.o [1]
                                 - 0x080020ac     0xac

"APP ro":                                      0x188c8
  APPRO_block                      0x08002100  0x188c8  <Block>
    .intvec               const    0x08002100     0x90  cstartup-iar-common.o [1]
    .text                          0x08002190  0x181b4  <Block>
      .text               ro code  0x08002190    0x2a0  adc.o [1]
      .text               ro code  0x08002430      0xc  spmr.o [8]
      .text               ro code  0x0800243c      0x6  spmr.o [8]
      .text               ro code  0x08002444    0x5bc  analogue.o [15]
      .text               ro code  0x08002a00      0xe  spmr.o [8]
      .text               ro code  0x08002a10    0x250  diagnostic.o [1]
      .text               ro code  0x08002c60    0x152  micro-common-internal.o [8]
      .text               ro code  0x08002db4     0xf0  analogue-cell-bias.o [15]
      .text               ro code  0x08002ea4     0x68  mfg-token.o [1]
      .text               ro code  0x08002f0c    0x130  token.o [1]
      .text               ro code  0x0800303c    0x548  phy.o [15]
      .text               ro code  0x08003584     0x50  analogue-filter.o [15]
      .text               ro code  0x080035d4    0x89c  phy-common.o [15]
      .text               ro code  0x08003e70    0x3ba  clocks.o [8]
      .text               ro code  0x0800422c    0x2b0  micro.o [1]
      .text               ro code  0x080044dc     0xd4  analogue-vco.o [15]
      .text               ro code  0x080045b0    0x268  analogue-mod-dac.o [15]
      .text               ro code  0x08004818    0x1aa  analogue-lna.o [15]
      .text               ro code  0x080049c4    0x11c  caladc.o [8]
      .text               ro code  0x08004ae0     0xa4  micro-common.o [1]
      .text               ro code  0x08004b84    0x3f4  debug.o [15]
      .text               ro code  0x08004f78    0x458  serial.o [1]
      .text               ro code  0x080053d0    0x198  micro-internal.o [8]
      .text               ro code  0x08005568     0xd2  mem-util.o [1]
      .text               ro code  0x0800563c    0x1b8  sim-eeprom.o [1]
      .text               ro code  0x080057f4    0xad8  sim-eeprom-internal.o [8]
      .text               ro code  0x080062cc    0x5c0  mac-indirect.o [15]
      .text               ro code  0x0800688c     0x40  child-table.o [15]
      .text               ro code  0x080068cc    0x1f8  ember-multi-network-stub.o [10]
      .text               ro code  0x08006ac4    0x2cc  mac-receive.o [15]
      .text               ro code  0x08006d90    0x1b8  mac-em250.o [15]
      .text               ro code  0x08006f48     0xae  aes.o [15]
      .text               ro code  0x08006ff6      0x8  abs.o [6]
      .text               ro code  0x08007000     0x48  random.o [1]
      .text               ro code  0x08007048      0x8  spmr.o [8]
      .text               ro code  0x08007050    0x650  sleep.o [1]
      .text               ro code  0x080076a0     0x18  eui64.o [15]
      .text               ro code  0x080076b8      0x4  spmr.o [8]
      .text               ro code  0x080076bc      0xe  spmr.o [8]
      .text               ro code  0x080076cc      0x8  context-switch.o [8]
      .text               ro code  0x080076d4      0x4  spmr.o [8]
      .text               ro code  0x080076d8    0x288  uart.o [1]
      .text               ro code  0x08007960    0x13c  button.o [1]
      .text               ro code  0x08007a9c     0x90  cstartup-iar-common.o [1]
      .text               ro code  0x08007b2c    0x6e8  packet-buffer.o [15]
      .text               ro code  0x08008214    0x272  debug-jtag.o [15]
      .text               ro code  0x08008488    0x154  ember-stack-common.o [15]
      .text               ro code  0x080085dc    0x14c  ember-configuration.o [1]
      .text               ro code  0x08008728     0x6c  mpu.o [1]
      .text               ro code  0x08008794     0x66  ABImemset.o [12]
      .text               ro code  0x080087fc    0x128  flash.o [8]
      .text               ro code  0x08008924    0x100  system-timer.o [8]
      .text               ro code  0x08008a24    0x254  packet-header.o [15]
      .text               ro code  0x08008c78    0x258  event-control.o [15]
      .text               ro code  0x08008ed0    0x418  mac-arbiter.o [15]
      .text               ro code  0x080092e8     0x22  I64Shl.o [12]
      .text               ro code  0x0800930c   0x138c  network.o [15]
      .text               ro code  0x0800a698    0x400  mac.o [15]
      .text               ro code  0x0800aa98    0xd58  common.o [1]
      .text               ro code  0x0800b7f0    0x734  child.o [15]
      .text               ro code  0x0800bf24   0x1b68  sensor.o [1]
      .text               ro code  0x0800da8c    0x32c  mac-header.o [15]
      .text               ro code  0x0800ddb8     0x9e  led.o [1]
      .text               ro code  0x0800de58     0x60  symbol-timer.o [15]
      .text               ro code  0x0800deb8     0x44  byte-utilities.o [15]
      .text               ro code  0x0800defc     0x24  crc.o [1]
      .text               ro code  0x0800df20     0x2a  zll-stubs.o [16]
      .text               ro code  0x0800df4c    0x388  zigbee-stack.o [15]
      .text               ro code  0x0800e2d4   0x1524  association.o [15]
      .text               ro code  0x0800f7f8    0x344  management.o [15]
      .text               ro code  0x0800fb3c    0x284  jit.o [15]
      .text               ro code  0x0800fdc0    0x3ce  command.o [15]
      .text               ro code  0x08010190    0x408  scan.o [15]
      .text               ro code  0x08010598    0x3c0  route-table.o [15]
      .text               ro code  0x08010958    0x150  broadcast.o [15]
      .text               ro code  0x08010aa8    0x292  retry.o [15]
      .text               ro code  0x08010d3c     0x64  unicast-table.o [15]
      .text               ro code  0x08010da0    0x648  neighbor.o [15]
      .text               ro code  0x080113e8    0x5f2  crypto.o [15]
      .text               ro code  0x080119dc    0x580  zigbee-packet-header.o [15]
      .text               ro code  0x08011f5c    0x774  route-discovery.o [15]
      .text               ro code  0x080126d0    0x8c0  application-support.o [15]
      .text               ro code  0x08012f90    0xc3c  aps-security.o [13]
      .text               ro code  0x08013bcc    0x1f4  zigbee-neighbor.o [15]
      .text               ro code  0x08013dc0    0x2b4  packet-validate.o [11]
      .text               ro code  0x08014074    0x2ec  random-id.o [15]
      .text               ro code  0x08014360    0x148  route-error.o [15]
      .text               ro code  0x080144a8    0x3a0  leave.o [15]
      .text               ro code  0x08014848    0x35c  neighbor-exchange.o [15]
      .text               ro code  0x08014ba4    0x3ec  address-table.o [15]
      .text               ro code  0x08014f90    0x17c  child-aging.o [15]
      .text               ro code  0x0801510c    0xb5c  bootload-utils.o [1]
      .text               ro code  0x08015c68    0x8fc  aps-retry.o [15]
      .text               ro code  0x08016564     0x76  ABImemcpy.o [12]
      .text               ro code  0x080165da     0x3c  node.o [1]
      .text               ro code  0x08016618    0x500  aps-keys.o [13]
      .text               ro code  0x08016b18    0x208  alarm.o [3]
      .text               ro code  0x08016d20    0xad8  lcd.o [1]
      .text               ro code  0x080177f8     0x78  form-and-join-node-adapter.o [1]
      .text               ro code  0x08017870     0xe4  zigbee-dispatch.o [15]
      .text               ro code  0x08017954     0x36  strlen.o [12]
      .text               ro code  0x0801798c     0x78  bootloader-interface-standalone.o [1]
      .text               ro code  0x08017a04     0x12  phy-util.o [15]
      .text               ro code  0x08017a18    0x3ac  binding-table.o [4]
      .text               ro code  0x08017dc4     0x14  cbke-crypto-engine-stub.o [5]
      .text               ro code  0x08017dd8    0x370  zdo-channel.o [15]
      .text               ro code  0x08018148      0x8  high-security-stub.o [13]
      .text               ro code  0x08018150    0x4f0  zigbee-device-util.o [15]
      .text               ro code  0x08018640    0x4a0  trust-center-util.o [13]
      .text               ro code  0x08018ae0     0x2c  form-and-join-node-callbacks.o [1]
      .text               ro code  0x08018b0c     0xf0  token-cache.o [15]
      .text               ro code  0x08018bfc    0x2b8  aps-encryption.o [13]
      .text               ro code  0x08018eb4      0x4  install-code-stub.o [9]
      .text               ro code  0x08018eb8      0x4  aps-skke-stub.o [13]
      .text               ro code  0x08018ebc      0xe  aps-keys-full-stub.o [14]
      .text               ro code  0x08018ecc     0x80  security-config-mfg-3xx.o [13]
      .text               ro code  0x08018f4c     0x62  hmac.o [13]
      .text               ro code  0x08018fb0    0x484  form-and-join.o [1]
      .text               ro code  0x08019434      0xc  bootloader-interface.o [1]
      .text               ro code  0x08019440    0x84c  zigbee-device.o [15]
      .text               ro code  0x08019c8c      0x8  end-device-bind-stub.o [7]
      .text               ro code  0x08019c94    0x15c  aes-mmo.o [13]
      .text               ro code  0x08019df0    0x1c4  zdo-binding-table.o [4]
      .text               ro code  0x08019fb4     0x98  buzzer.o [1]
      .text               ro code  0x0801a04c     0x80  faults.o [1]
      .text               ro code  0x0801a0cc      0x0  isr-stubs.o [1]
      .text               ro code  0x0801a0cc      0x0  isr-stubs.o [1]
      .text               ro code  0x0801a0cc      0x0  isr-stubs.o [1]
      .text               ro code  0x0801a0cc      0x0  isr-stubs.o [1]
      .text               ro code  0x0801a0cc      0x0  isr-stubs.o [1]
      .text               ro code  0x0801a0cc      0x0  isr-stubs.o [1]
      .text               ro code  0x0801a0cc      0x0  isr-stubs.o [1]
      .text               ro code  0x0801a0cc      0x0  isr-stubs.o [1]
      .text               ro code  0x0801a0cc      0x0  isr-stubs.o [1]
      .text               ro code  0x0801a0cc      0x0  isr-stubs.o [1]
      .text               ro code  0x0801a0cc      0x0  isr-stubs.o [1]
      .text               ro code  0x0801a0cc      0x0  isr-stubs.o [1]
      .text               ro code  0x0801a0cc      0x0  isr-stubs.o [1]
      .text               ro code  0x0801a0cc      0x4  isr-stubs.o [1]
      .text               ro code  0x0801a0d0    0x1d0  cstartup-iar.o [8]
      .text               ro code  0x0801a2a0      0x6  ABImemclr.o [12]
      .text               ro code  0x0801a2a8      0x6  ABImemclr4.o [12]
      .text               ro code  0x0801a2b0     0x10  context-switch.o [8]
      .text               ro code  0x0801a2c0     0x32  ABImemset48.o [12]
      .text               ro code  0x0801a2f4     0x38  context-switch.o [8]
      .text               ro code  0x0801a32c     0x18  cal-pads.o [15]
    .rodata               const    0x0801a344      0x3  ember-configuration.o [1]
    .rodata               const    0x0801a347      0x1  aps-skke-stub.o [13]
    .rodata               const    0x0801a348     0x1c  sensor.o [1]
    .rodata               const    0x0801a364      0x8  serial.o [1]
    .rodata               const    0x0801a36c     0x2c  sim-eeprom.o [1]
    .rodata               const    0x0801a398    0x254  token-def.o [1]
    .rodata               const    0x0801a5ec      0x8  ember-version.o [15]
    .rodata               const    0x0801a5f4     0x20  mfg-token.o [1]
    .data_init                     0x0801a614    0x3b4  <Block>
      Initializer bytes   ro data  0x0801a614    0x3b4  <for .data-1>
                                 - 0x0801a9c8  0x188c8

"NVM&SIMEE":                                    0x2000
  SIMEE                            0x0802e000   0x2000  <Block>
    SIMEE                 uninit   0x0802e000   0x2000  sim-eeprom.o [1]
                                 - 0x08030000   0x2000

"FAT":                                            0x2c
  FAT                     uninit   0x08040000     0x2c  cstartup-iar-common.o [1]
                                 - 0x0804002c     0x2c

"Heap":                                          0x580
  EMHEAP_overlay                   0x20000000    0x570  <Overlay>
    part 1:
      EMHEAP              uninit   0x20000000    0x570  ember-configuration.o [1]
    part 2:
      RESETINFO                    0x20000000     0x98  <Block>
        RESETINFO         const    0x20000000      0x0  faults.o [1]
        RESETINFO         const    0x20000000      0x0  isr-stubs.o [1]
        RESETINFO         const    0x20000000      0x0  spmr.o [8]
        RESETINFO         const    0x20000000      0x0  context-switch.o [8]
        RESETINFO         uninit   0x20000000     0x98  cstartup-iar-common.o [1]
                                 - 0x20000570    0x570

"Guard":                                          0x20
  GUARD_REGION            uninit   0x20000580     0x20  cstartup-iar-common.o [1]
                                 - 0x200005a0     0x20

"APP rw":                                       0x10b6
  APPRW_block                      0x20001f38   0x10b6  <Block>
    ALIGN_CSTACK                   0x20001f38    0x758  <Block>
      CSTACK                       0x20001f38    0x758  <Block>
        CSTACK            const    0x20001f38      0x0  faults.o [1]
        CSTACK            const    0x20001f38      0x0  isr-stubs.o [1]
        CSTACK            const    0x20001f38      0x0  spmr.o [8]
        CSTACK            const    0x20001f38      0x0  context-switch.o [8]
        CSTACK            uninit   0x20001f38    0x758  cstartup-iar-common.o [1]
    .data                          0x20002690    0x3b4  <Block>
      .data-1                      0x20002690    0x3b2  <Init block>
        .data             inited   0x20002690     0x2c  bootload-utils.o [1]
        .data             inited   0x200026bc      0x8  buzzer.o [1]
        .data             inited   0x200026c4     0x10  common.o [1]
        .data             inited   0x200026d4      0x1  ember-configuration.o [1]
        .data             inited   0x200026d5      0x1  ember-configuration.o [1]
        .data             inited   0x200026d8      0x4  ember-configuration.o [1]
        .data             inited   0x200026dc      0x4  ember-configuration.o [1]
        .data             inited   0x200026e0      0x4  ember-configuration.o [1]
        .data             inited   0x200026e4      0x4  ember-configuration.o [1]
        .data             inited   0x200026e8      0x4  ember-configuration.o [1]
        .data             inited   0x200026ec      0x1  ember-configuration.o [1]
        .data             inited   0x200026f0      0x4  ember-configuration.o [1]
        .data             inited   0x200026f4      0x1  ember-configuration.o [1]
        .data             inited   0x200026f8      0x4  ember-configuration.o [1]
        .data             inited   0x200026fc      0x4  ember-configuration.o [1]
        .data             inited   0x20002700      0x4  ember-configuration.o [1]
        .data             inited   0x20002704      0x4  ember-configuration.o [1]
        .data             inited   0x20002708      0x4  ember-configuration.o [1]
        .data             inited   0x2000270c      0x1  ember-configuration.o [1]
        .data             inited   0x20002710      0x4  ember-configuration.o [1]
        .data             inited   0x20002714      0x1  ember-configuration.o [1]
        .data             inited   0x20002718      0x4  ember-configuration.o [1]
        .data             inited   0x2000271c      0x1  ember-configuration.o [1]
        .data             inited   0x20002720      0x4  ember-configuration.o [1]
        .data             inited   0x20002724      0x1  ember-configuration.o [1]
        .data             inited   0x20002728      0x4  ember-configuration.o [1]
        .data             inited   0x2000272c      0x1  ember-configuration.o [1]
        .data             inited   0x20002730      0x4  ember-configuration.o [1]
        .data             inited   0x20002734      0x4  ember-configuration.o [1]
        .data             inited   0x20002738      0x4  ember-configuration.o [1]
        .data             inited   0x2000273c      0x1  ember-configuration.o [1]
        .data             inited   0x20002740      0x4  ember-configuration.o [1]
        .data             inited   0x20002744      0x1  ember-configuration.o [1]
        .data             inited   0x20002748      0x4  ember-configuration.o [1]
        .data             inited   0x2000274c      0x2  ember-configuration.o [1]
        .data             inited   0x2000274e      0x1  ember-configuration.o [1]
        .data             inited   0x20002750      0x4  ember-configuration.o [1]
        .data             inited   0x20002754      0x1  ember-configuration.o [1]
        .data             inited   0x20002755      0x1  ember-configuration.o [1]
        .data             inited   0x20002756      0x1  ember-configuration.o [1]
        .data             inited   0x20002757      0x1  ember-configuration.o [1]
        .data             inited   0x20002758      0x2  ember-configuration.o [1]
        .data             inited   0x2000275a      0x1  ember-configuration.o [1]
        .data             inited   0x2000275b      0x1  ember-configuration.o [1]
        .data             inited   0x2000275c      0x1  ember-configuration.o [1]
        .data             inited   0x2000275d      0x1  ember-configuration.o [1]
        .data             inited   0x20002760      0xc  form-and-join-node-adapter.o [1]
        .data             inited   0x2000276c     0x28  micro.o [1]
        .data             inited   0x20002794     0x40  mpu.o [1]
        .data             inited   0x200027d4      0x4  random.o [1]
        .data             inited   0x200027d8      0x1  sensor.o [1]
        .data             inited   0x200027dc     0x10  sensor.o [1]
        .data             inited   0x200027ec     0xb4  sensor.o [1]
        .data             inited   0x200028a0     0x2c  serial.o [1]
        .data             inited   0x200028cc      0x9  analogue.o [15]
        .data             inited   0x200028d8      0xe  analogue.o [15]
        .data             inited   0x200028e6      0x1  packet-buffer.o [15]
        .data             inited   0x200028e8      0x6  child.o [15]
        .data             inited   0x200028f0      0x8  zigbee-stack.o [15]
        .data             inited   0x200028f8      0x1  zigbee-stack.o [15]
        .data             inited   0x200028fc      0x4  micro-internal.o [8]
        .data             inited   0x20002900      0xe  jit.o [15]
        .data             inited   0x20002910     0x24  association.o [15]
        .data             inited   0x20002934      0xc  association.o [15]
        .data             inited   0x20002940      0x4  application-support.o [15]
        .data             inited   0x20002944      0x4  debug.o [15]
        .data             inited   0x20002948     0x24  scan.o [15]
        .data             inited   0x2000296c      0xa  clocks.o [8]
        .data             inited   0x20002978      0xe  leave.o [15]
        .data             inited   0x20002986      0x8  analogue-mod-dac.o [15]
        .data             inited   0x20002990     0x1c  phy-common.o [15]
        .data             inited   0x200029ac      0x1  phy-common.o [15]
        .data             inited   0x200029ad      0x2  random-id.o [15]
        .data             inited   0x200029b0      0x4  network.o [15]
        .data             inited   0x200029b4      0x1  network.o [15]
        .data             inited   0x200029b8     0x14  mac-arbiter.o [15]
        .data             inited   0x200029cc      0x8  mac-arbiter.o [15]
        .data             inited   0x200029d4     0x12  mac-indirect.o [15]
        .data             inited   0x200029e8     0x14  zdo-channel.o [15]
        .data             inited   0x200029fc      0x2  mac-em250.o [15]
        .data             inited   0x200029fe      0x1  zigbee-device-util.o [15]
        .data             inited   0x20002a00     0x10  mac-receive.o [15]
        .data             inited   0x20002a10      0xe  aps-retry.o [15]
        .data             inited   0x20002a20      0xe  management.o [15]
        .data             inited   0x20002a2e      0x2  trust-center-util.o [13]
        .data             inited   0x20002a30      0x2  token-cache.o [15]
        .data             inited   0x20002a32      0x1  packet-validate.o [11]
        .data             inited   0x20002a34      0x4  mac-header.o [15]
        .data             inited   0x20002a38      0xa  zigbee-device.o [15]
    DLIB_PERTHREAD_INITIALIZED_DATA
                                   0x20002a44      0x0  <Block>
    DLIB_PERTHREAD_ZERO_DATA
                                   0x20002a44      0x0  <Block>
    .bss                           0x20002a48    0x5a6  <Block>
      .bss                uninit   0x20002a48     0x10  mac-indirect.o [15]
      .bss                uninit   0x20002a58     0x1e  adc.o [1]
      .bss                uninit   0x20002a76      0x2  cstartup-iar-common.o [1]
      .bss                uninit   0x20002a78     0x80  bootload-utils.o [1]
      .bss                uninit   0x20002af8     0x48  bootload-utils.o [1]
      .bss                uninit   0x20002b40      0xc  common.o [1]
      .bss                uninit   0x20002b4c     0x24  ember-configuration.o [1]
      .bss                uninit   0x20002b70     0x14  form-and-join.o [1]
      .bss                uninit   0x20002b84     0x88  serial.o [1]
      .bss                uninit   0x20002c0c     0x18  serial.o [1]
      .bss                uninit   0x20002c24     0x5c  sim-eeprom.o [1]
      .bss                uninit   0x20002c80      0xc  sleep.o [1]
      .bss                uninit   0x20002c8c     0x24  analogue.o [15]
      .bss                uninit   0x20002cb0      0x8  eui64.o [15]
      .bss                uninit   0x20002cb8      0xc  zigbee-dispatch.o [15]
      .bss                uninit   0x20002cc4      0x8  system-timer.o [8]
      .bss                uninit   0x20002ccc      0xc  association.o [15]
      .bss                uninit   0x20002cd8      0x8  aps-keys.o [13]
      .bss                uninit   0x20002ce0      0xc  debug.o [15]
      .bss                uninit   0x20002cec    0x118  phy.o [15]
      .bss                uninit   0x20002e04      0x8  context-switch.o [8]
      .bss                uninit   0x20002e0c      0x8  ember-multi-network-stub.o [10]
      .bss                uninit   0x20002e14      0x8  ember-multi-network-stub.o [10]
      .bss                uninit   0x20002e1c      0x8  ember-multi-network-stub.o [10]
      .bss                uninit   0x20002e24      0x8  neighbor.o [15]
      .bss                uninit   0x20002e2c     0x64  broadcast.o [15]
      .bss                uninit   0x20002e90      0x8  cal-pads.o [15]
      .bss                uninit   0x20002e98      0x8  mac-em250.o [15]
      .bss                uninit   0x20002ea0      0x8  high-security-stub.o [13]
      .bss                uninit   0x20002ea8      0x8  zigbee-device-util.o [15]
      .bss                uninit   0x20002eb0      0xc  mac.o [15]
      .bss                uninit   0x20002ebc     0x80  mac.o [15]
      .bss                uninit   0x20002f3c      0x8  aps-skke-stub.o [13]
      .bss                uninit   0x20002f44      0x8  neighbor-exchange.o [15]
      .bss                uninit   0x20002f4c     0x10  retry.o [15]
      .bss                uninit   0x20002f5c     0x30  retry.o [15]
      .bss                uninit   0x20002f8c      0x8  end-device-bind-stub.o [7]
      .bss                uninit   0x20002f94      0x8  zll-stubs.o [16]
      .bss                uninit   0x20002f9c      0x4  crypto.o [15]
      .bss                uninit   0x20002fa0     0x14  unicast-table.o [15]
      .bss                uninit   0x20002fb4      0x8  mac-header.o [15]
      .bss                uninit   0x20002fbc      0x4  sim-eeprom-internal.o [8]
      .bss                uninit   0x20002fc0      0x4  route-table.o [15]
      .bss                uninit   0x20002fc4      0x2  button.o [1]
      .bss                uninit   0x20002fc6      0x1  ember-configuration.o [1]
      .bss                uninit   0x20002fc7      0x1  ember-configuration.o [1]
      .bss                uninit   0x20002fc8      0x1  ember-configuration.o [1]
      .bss                uninit   0x20002fc9      0x1  ember-configuration.o [1]
      .bss                uninit   0x20002fca      0x1  ember-configuration.o [1]
      .bss                uninit   0x20002fcb      0x1  ember-configuration.o [1]
      .bss                uninit   0x20002fcc      0x1  ember-configuration.o [1]
      .bss                uninit   0x20002fcd      0x1  ember-configuration.o [1]
      .bss                uninit   0x20002fce      0x1  ember-configuration.o [1]
      .bss                uninit   0x20002fcf      0x1  ember-configuration.o [1]
      .bss                uninit   0x20002fd0      0x1  ember-configuration.o [1]
      .bss                uninit   0x20002fd1      0x1  ember-configuration.o [1]
      .bss                uninit   0x20002fd2      0x1  micro-common.o [1]
      .bss                uninit   0x20002fd3      0x2  token.o [1]
      .bss                uninit   0x20002fd5      0x1  zigbee-dispatch.o [15]
      .bss                uninit   0x20002fd6      0x1  command.o [15]
      .bss                uninit   0x20002fd7      0x1  zigbee-stack.o [15]
      .bss                uninit   0x20002fd8      0x1  association.o [15]
      .bss                uninit   0x20002fd9      0x1  application-support.o [15]
      .bss                uninit   0x20002fda      0x1  debug.o [15]
      .bss                uninit   0x20002fdb      0x2  event-control.o [15]
      .bss                uninit   0x20002fdd      0x1  flash.o [8]
      .bss                uninit   0x20002fde      0x2  phy.o [15]
      .bss                uninit   0x20002fe0      0x2  phy.o [15]
      .bss                uninit   0x20002fe2      0x3  analogue-vco.o [15]
      .bss                uninit   0x20002fe5      0x1  phy-common.o [15]
      .bss                uninit   0x20002fe6      0x1  alarm.o [3]
      .bss                uninit   0x20002fe7      0x1  neighbor.o [15]
      .bss                uninit   0x20002fe8      0x1  random-id.o [15]
      .bss                uninit   0x20002fe9      0x2  network.o [15]
      .bss                uninit   0x20002feb      0x1  debug-jtag.o [15]
      .bss                uninit   0x20002fec      0x1  high-security-stub.o [13]
      .bss                uninit   0x20002fed      0x1  route-discovery.o [15]
                                 - 0x20002fee   0x10b6

"DEBUGCHAN":                                      0x10
  DEBUG_CHANNEL                    0x20002ff0     0x10  <Block>
    DEBUG_CHANNEL         uninit   0x20002ff0     0x10  debug-jtag.o [15]
                                 - 0x20003000     0x10



*******************************************************************************
*** MODULE SUMMARY
***

    Module                             ro code  ro data  rw data
    ------                             -------  -------  -------
D:\Firmware\EZ\EZ\firmware\EmberZNet\EM35x\app\sensor\ewb-em357\build\sensor-cortexm3-iar-em357-em3xx-dev0680-debug\Obj: [1]
    adc.o                                  672                30
    bootload-utils.o                     2 908       44      244
    bootloader-interface-standalone.o      120
    bootloader-interface.o                  12
    button.o                               316                 2
    buzzer.o                               152        8        8
    common.o                             3 416       16       28
    crc.o                                   36
    cstartup-iar-common.o                  144      316    2 042
    diagnostic.o                           592
    ember-configuration.o                  332      141      156
    faults.o                               128
    form-and-join-node-adapter.o           120       14       12
    form-and-join-node-callbacks.o          44
    form-and-join.o                      1 156                20
    isr-stubs.o                              4
    lcd.o                                2 776
    led.o                                  158
    mem-util.o                             210
    mfg-token.o                            104       32
    micro-common.o                         164                 1
    micro.o                                688       40       40
    mpu.o                                  108       64       64
    node.o                                  60
    random.o                                72        4        4
    sensor.o                             7 016      228      197
    serial.o                             1 112       52      204
    sim-eeprom.o                           440       44    8 284
    sleep.o                              1 616                12
    token-def.o                                     596
    token.o                                304                 2
    uart.o                                 648
    ------------------------------------------------------------
    Total:                              25 628    1 599   11 350

command line: [2]
    ------------------------------------------------------------
    Total:

alarm-library.a: [3]
    alarm.o                                520                 1
    ------------------------------------------------------------
    Total:                                 520                 1

binding-table-library.a: [4]
    binding-table.o                        940
    zdo-binding-table.o                    452
    ------------------------------------------------------------
    Total:                               1 392

cbke-stub-library.a: [5]
    cbke-crypto-engine-stub.o               20
    ------------------------------------------------------------
    Total:                                  20

dl7M_tln.a: [6]
    abs.o                                    8
    ------------------------------------------------------------
    Total:                                   8

end-device-bind-stub-library.a: [7]
    end-device-bind-stub.o                   8                 8
    ------------------------------------------------------------
    Total:                                   8                 8

hal-library.a: [8]
    caladc.o                               284
    clocks.o                               954       10       10
    context-switch.o                        80                 8
    cstartup-iar.o                         464
    flash.o                                296                 1
    micro-common-internal.o                338
    micro-internal.o                       408        7        4
    sim-eeprom-internal.o                2 776                 4
    spmr.o                                  62
    system-timer.o                         256                 8
    ------------------------------------------------------------
    Total:                               5 918       17       35

install-code-library-stub.a: [9]
    install-code-stub.o                      4
    ------------------------------------------------------------
    Total:                                   4

multi-network-stub-library.a: [10]
    ember-multi-network-stub.o             504                24
    ------------------------------------------------------------
    Total:                                 504                24

packet-validate-library.a: [11]
    packet-validate.o                      692        1        1
    ------------------------------------------------------------
    Total:                                 692        1        1

rt7M_tl.a: [12]
    ABImemclr.o                              6
    ABImemclr4.o                             6
    ABImemcpy.o                            118
    ABImemset.o                            102
    ABImemset48.o                           50
    I64Shl.o                                34
    strlen.o                                54
    ------------------------------------------------------------
    Total:                                 370

security-library-core.a: [13]
    aes-mmo.o                              348
    aps-encryption.o                       696
    aps-keys.o                           1 280                 8
    aps-security.o                       3 132
    aps-skke-stub.o                          4        1        8
    high-security-stub.o                     8                 9
    hmac.o                                  98
    security-config-mfg-3xx.o              128
    trust-center-util.o                  1 184        2        2
    ------------------------------------------------------------
    Total:                               6 878        3       27

security-library-link-keys-stub.a: [14]
    aps-keys-full-stub.o                    14
    ------------------------------------------------------------
    Total:                                  14

zigbee-pro-stack.a: [15]
    address-table.o                      1 004
    aes.o                                  174
    analogue-cell-bias.o                   240
    analogue-filter.o                       80
    analogue-lna.o                         426
    analogue-mod-dac.o                     616        8        8
    analogue-vco.o                         212                 3
    analogue.o                           1 468       26       59
    application-support.o                2 240        4        5
    aps-retry.o                          2 300       14       14
    association.o                        5 412       50       61
    broadcast.o                            336               100
    byte-utilities.o                        68
    cal-pads.o                              24                 8
    child-aging.o                          380
    child-table.o                           64
    child.o                              1 844        7        6
    command.o                              974                 1
    crypto.o                             1 522                 4
    debug-jtag.o                           626                17
    debug.o                              1 012        4       17
    ember-stack-common.o                   340
    ember-version.o                                   8
    eui64.o                                 24                 8
    event-control.o                        600                 2
    jit.o                                  644       14       14
    leave.o                                928       16       14
    mac-arbiter.o                        1 048       31       28
    mac-em250.o                            440        2       10
    mac-header.o                           812        5       12
    mac-indirect.o                       1 472       18       34
    mac-receive.o                          716       17       16
    mac.o                                1 024               140
    management.o                           836       16       14
    neighbor-exchange.o                    860                 8
    neighbor.o                           1 608                 9
    network.o                            5 004        6        7
    packet-buffer.o                      1 768        1        1
    packet-header.o                        596
    phy-common.o                         2 204       31       30
    phy-util.o                              18
    phy.o                                1 352               284
    random-id.o                            748        2        3
    retry.o                                658                64
    route-discovery.o                    1 908                 1
    route-error.o                          328
    route-table.o                          960                 4
    scan.o                               1 032       36       36
    symbol-timer.o                          96
    token-cache.o                          240        2        2
    unicast-table.o                        100                20
    zdo-channel.o                          880       22       20
    zigbee-device-util.o                 1 264        1        9
    zigbee-device.o                      2 124       10       10
    zigbee-dispatch.o                      228                13
    zigbee-neighbor.o                      500
    zigbee-packet-header.o               1 408
    zigbee-stack.o                         904       11       10
    ------------------------------------------------------------
    Total:                              56 694      362    1 126

zll-stub-library.a: [16]
    zll-stubs.o                             42                 8
    ------------------------------------------------------------
    Total:                                  42                 8

    Gaps                                    48                60
    Linker created                                    2    1 392
----------------------------------------------------------------
    Grand Total:                        98 740    1 984   14 032


*******************************************************************************
*** ENTRY LIST
***

Entry                      Address    Size  Type      Object
-----                      -------    ----  ----      ------
.bss$$Base              0x20002a48           --   Gb  - Linker created -
.bss$$Length            0x000005a6           --   Gb  - Linker created -
.bss$$Limit             0x20002fee           --   Gb  - Linker created -
.data$$Base             0x20002690           --   Gb  - Linker created -
.data$$Limit            0x20002a44           --   Gb  - Linker created -
.data_init$$Base        0x0801a614           --   Gb  - Linker created -
.data_init$$Length      0x000003b4           --   Gb  - Linker created -
.data_init$$Limit       0x0801a9c8           --   Gb  - Linker created -
.noinit$$Base           0x00000000           --   Gb  - Linker created -
.text$$Base             0x08002190           --   Gb  - Linker created -
.text$$Limit            0x0801a344           --   Gb  - Linker created -
.textrw$$Base           0x00000000           --   Gb  - Linker created -
.textrw_init$$Base      0x00000000           --   Gb  - Linker created -
.textrw_init$$Length    0x00000000           --   Gb  - Linker created -
ALIGN_CSTACK$$Base      0x20001f38           --   Gb  - Linker created -
ALIGN_CSTACK$$Limit     0x20002690           --   Gb  - Linker created -
APPRO_block$$Base       0x08002100           --   Gb  - Linker created -
APPRO_block$$Limit      0x0801a9c8           --   Gb  - Linker created -
APPRW_block$$Base       0x20001f38           --   Gb  - Linker created -
APPRW_block$$Limit      0x20002fee           --   Gb  - Linker created -
APP_RAM$$Base           0x00000000           --   Gb  - Linker created -
APP_RAM$$Length         0x00000000           --   Gb  - Linker created -
CSTACK$$Base            0x20001f38           --   Gb  - Linker created -
CSTACK$$Limit           0x20002690           --   Gb  - Linker created -
CharSetASCII_8x16       0x08016ee8   0x910  Data  Gb  lcd.o [1]
DEBUG_CHANNEL$$Base     0x20002ff0           --   Gb  - Linker created -
DEBUG_CHANNEL$$Limit    0x20003000           --   Gb  - Linker created -
DLIB_PERTHREAD_INITIALIZED_DATA$$Base
                        0x20002a44           --   Gb  - Linker created -
DLIB_PERTHREAD_INITIALIZED_DATA$$Limit
                        0x20002a44           --   Gb  - Linker created -
DLIB_PERTHREAD_ZERO_DATA$$Base
                        0x20002a44           --   Gb  - Linker created -
DLIB_PERTHREAD_ZERO_DATA$$Length
                        0x00000000           --   Gb  - Linker created -
DLIB_PERTHREAD_ZERO_DATA$$Limit
                        0x20002a44           --   Gb  - Linker created -
EMHEAP_overlay$$Base    0x20000000           --   Gb  - Linker created -
EMHEAP_overlay$$Limit   0x20000570           --   Gb  - Linker created -
ERASE_CRITICAL_THRESHOLD
                        0x0801a378     0x2  Data  Gb  sim-eeprom.o [1]
HEADER_block$$Base      0x08002000           --   Gb  - Linker created -
HEADER_block$$Limit     0x080020ac           --   Gb  - Linker created -
ID_COUNT                0x0801a37a     0x2  Data  Gb  sim-eeprom.o [1]
INTERNAL_STORAGE$$Base  0x00000000           --   Gb  - Linker created -
LEFT_BASE               0x0801a370     0x2  Data  Gb  sim-eeprom.o [1]
LEFT_TOP                0x0801a372     0x2  Data  Gb  sim-eeprom.o [1]
Nvdd                    0x20002a5e     0x2  Data  Lc  adc.o [1]
Nvss                    0x20002a74     0x2  Data  Lc  adc.o [1]
PTR_CACHE_SIZE          0x0801a37c     0x2  Data  Gb  sim-eeprom.o [1]
PendSV_Handler          0x0801a2f5          Code  Gb  context-switch.o [8]
REAL_PAGES_PER_VIRTUAL  0x0801a36c     0x1  Data  Gb  sim-eeprom.o [1]
REAL_PAGE_SIZE          0x0801a36e     0x2  Data  Gb  sim-eeprom.o [1]
RESETINFO$$Base         0x20000000           --   Gb  - Linker created -
RESETINFO$$Limit        0x20000098           --   Gb  - Linker created -
RIGHT_BASE              0x0801a374     0x2  Data  Gb  sim-eeprom.o [1]
RIGHT_TOP               0x0801a376     0x2  Data  Gb  sim-eeprom.o [1]
Region$$Table$$Base     0x00000000           --   Gb  - Linker created -
Region$$Table$$Limit    0x00000000           --   Gb  - Linker created -
SIMEE$$Base             0x0802e000           --   Gb  - Linker created -
SIMEE$$Limit            0x08030000           --   Gb  - Linker created -
TOKEN_MFG_1V8_REG_VOLTAGE
                        0x0801a5fc     0x2  Data  Gb  mfg-token.o [1]
TOKEN_MFG_ANALOG_TRIM_BOOST
                        0x0801a5f6     0x2  Data  Gb  mfg-token.o [1]
TOKEN_MFG_ANALOG_TRIM_BOTH
                        0x0801a5f8     0x2  Data  Gb  mfg-token.o [1]
TOKEN_MFG_ANALOG_TRIM_NORMAL
                        0x0801a5f4     0x2  Data  Gb  mfg-token.o [1]
TOKEN_MFG_BOARD_NAME    0x0801a602     0x2  Data  Gb  mfg-token.o [1]
TOKEN_MFG_BOOTLOAD_AES_KEY
                        0x0801a608     0x2  Data  Gb  mfg-token.o [1]
TOKEN_MFG_CCA_THRESHOLD
                        0x0801a610     0x2  Data  Gb  mfg-token.o [1]
TOKEN_MFG_EUI_64        0x0801a612     0x2  Data  Gb  mfg-token.o [1]
TOKEN_MFG_FIB_VERSION   0x0801a600     0x2  Data  Gb  mfg-token.o [1]
TOKEN_MFG_MANUF_ID      0x0801a604     0x2  Data  Gb  mfg-token.o [1]
TOKEN_MFG_OSC24M_BIAS_TRIM
                        0x0801a60a     0x2  Data  Gb  mfg-token.o [1]
TOKEN_MFG_PHY_CONFIG    0x0801a606     0x2  Data  Gb  mfg-token.o [1]
TOKEN_MFG_REG_TRIM      0x0801a5fa     0x2  Data  Gb  mfg-token.o [1]
TOKEN_MFG_SECURITY_CONFIG
                        0x0801a60e     0x2  Data  Gb  mfg-token.o [1]
TOKEN_MFG_SYNTH_FREQ_OFFSET
                        0x0801a60c     0x2  Data  Gb  mfg-token.o [1]
TOKEN_MFG_TEMP_CAL      0x0801a5fe     0x2  Data  Gb  mfg-token.o [1]
TOKEN_MULTI_NETWORK_STACK_ALTERNATE_KEY_DEFAULTS
                        0x0801a4b4    0x14  Data  Gb  token-def.o [1]
TOKEN_MULTI_NETWORK_STACK_KEYS_DEFAULTS
                        0x0801a490    0x14  Data  Gb  token-def.o [1]
TOKEN_MULTI_NETWORK_STACK_NETWORK_MANAGEMENT_DEFAULTS
                        0x0801a4e4     0x8  Data  Gb  token-def.o [1]
TOKEN_MULTI_NETWORK_STACK_NODE_DATA_DEFAULTS
                        0x0801a4a4    0x10  Data  Gb  token-def.o [1]
TOKEN_MULTI_NETWORK_STACK_NONCE_COUNTER_DEFAULTS
                        0x0801a4f8     0x4  Data  Gb  token-def.o [1]
TOKEN_MULTI_NETWORK_STACK_PARENT_INFO_DEFAULTS
                        0x0801a4ec     0xc  Data  Gb  token-def.o [1]
TOKEN_MULTI_NETWORK_STACK_TRUST_CENTER_DEFAULTS
                        0x0801a4c8    0x1c  Data  Gb  token-def.o [1]
TOKEN_STACK_ALTERNATE_KEY_DEFAULTS
                        0x0801a418    0x14  Data  Gb  token-def.o [1]
TOKEN_STACK_ANALYSIS_REBOOT_DEFAULTS
                        0x0801a434     0x2  Data  Gb  token-def.o [1]
TOKEN_STACK_APS_FRAME_COUNTER_DEFAULTS
                        0x0801a414     0x4  Data  Gb  token-def.o [1]
TOKEN_STACK_BINDING_TABLE_DEFAULTS
                        0x0801a4fc    0x10  Data  Gb  token-def.o [1]
TOKEN_STACK_BOOT_COUNTER_DEFAULTS
                        0x0801a42c     0x2  Data  Gb  token-def.o [1]
TOKEN_STACK_CAL_DATA_DEFAULTS
                        0x0801a48c     0x4  Data  Gb  token-def.o [1]
TOKEN_STACK_CERTIFICATE_TABLE_DEFAULTS
                        0x0801a534    0x5c  Data  Gb  token-def.o [1]
TOKEN_STACK_CHILD_TABLE_DEFAULTS
                        0x0801a50c     0xc  Data  Gb  token-def.o [1]
TOKEN_STACK_KEYS_DEFAULTS
                        0x0801a438    0x14  Data  Gb  token-def.o [1]
TOKEN_STACK_KEY_TABLE_DEFAULTS
                        0x0801a518    0x1c  Data  Gb  token-def.o [1]
TOKEN_STACK_NETWORK_MANAGEMENT_DEFAULTS
                        0x0801a478     0x8  Data  Gb  token-def.o [1]
TOKEN_STACK_NODE_DATA_DEFAULTS
                        0x0801a44c    0x10  Data  Gb  token-def.o [1]
TOKEN_STACK_NONCE_COUNTER_DEFAULTS
                        0x0801a430     0x4  Data  Gb  token-def.o [1]
TOKEN_STACK_NVDATA_VERSION_DEFAULTS
                        0x0801a410     0x2  Data  Gb  token-def.o [1]
TOKEN_STACK_PARENT_INFO_DEFAULTS
                        0x0801a480     0xc  Data  Gb  token-def.o [1]
TOKEN_STACK_TRUST_CENTER_DEFAULTS
                        0x0801a45c    0x1c  Data  Gb  token-def.o [1]
__DLIB_PERTHREAD_init$$Base
                        0x00000000           --   Gb  - Linker created -
__DLIB_PERTHREAD_init$$Length
                        0x00000000           --   Gb  - Linker created -
__aeabi_llsl            0x080092e9          Code  Gb  I64Shl.o [12]
__aeabi_memclr          0x0801a2a1          Code  Gb  ABImemclr.o [12]
__aeabi_memclr4         0x0801a2a9          Code  Gb  ABImemclr4.o [12]
__aeabi_memcpy          0x08016565          Code  Gb  ABImemcpy.o [12]
__aeabi_memcpy4         0x08016585          Code  Gb  ABImemcpy.o [12]
__aeabi_memcpy8         0x08016585          Code  Gb  ABImemcpy.o [12]
__aeabi_memset          0x08008795          Code  Gb  ABImemset.o [12]
__iar_Memset            0x08008795          Code  Gb  ABImemset.o [12]
__iar_Memset4_word      0x0801a2c1          Code  Gb  ABImemset48.o [12]
__iar_Memset8_word      0x0801a2c1          Code  Gb  ABImemset48.o [12]
__iar_Memset_word       0x0800879d          Code  Gb  ABImemset.o [12]
__vector_table          0x08002100    0x90  Data  Gb  cstartup-iar-common.o [1]
_basePriIsDisabled      0x08002a01          Code  Gb  spmr.o [8]
_clearPriMask           0x080076d5          Code  Gb  spmr.o [8]
_disableBasePri         0x08002431          Code  Gb  spmr.o [8]
_enableBasePri          0x08007049          Code  Gb  spmr.o [8]
_executeBarrierInstructions
                        0x080076bd          Code  Gb  spmr.o [8]
_macTransmitBuffer      0x20002ebc    0x80  Data  Gb  mac.o [15]
_setPriMask             0x080076b9          Code  Gb  spmr.o [8]
_writeBasePri           0x0800243d          Code  Gb  spmr.o [8]
abs                     0x08006ff7     0x8  Code  Gb  abs.o [6]
actionTimer             0x20002695     0x1  Data  Gb  bootload-utils.o [1]
adcCalibrated           0x20002a5b     0x1  Data  Lc  adc.o [1]
adcConfig               0x20002a6c     0x8  Data  Lc  adc.o [1]
adcData                 0x20002a5c     0x2  Data  Lc  adc.o [1]
adcPendingConversion    0x20002a59     0x1  Data  Lc  adc.o [1]
adcPendingRequests      0x20002a58     0x1  Data  Lc  adc.o [1]
adcReadingValid         0x20002a5a     0x1  Data  Lc  adc.o [1]
adcReadings             0x20002a64     0x8  Data  Lc  adc.o [1]
adcStaticConfig         0x20002a60     0x2  Data  Lc  adc.o [1]
adcTemp                 0x200027fc     0x4  Data  Gb  sensor.o [1]
adcTempUnit             0x20002800     0x4  Data  Gb  sensor.o [1]
addMobileChild          0x0800bd63    0x9a  Code  Lc  child.o [15]
addMulticastGroup       0x0800c7b1    0x16  Code  Gb  sensor.o [1]
addToApplicationQueue   0x0800a627    0x32  Code  Lc  network.o [15]
addressIndexIsActive    0x080164a7    0x2e  Code  Lc  aps-retry.o [15]
addressMatchingEnabled  0x20002995     0x1  Data  Lc  phy-common.o [15]
adjustLna               0x08004819     0x8  Code  Lc  analogue-lna.o [15]
adjustVco               0x080044dd    0x22  Code  Lc  analogue-vco.o [15]
aesHashNextBlock        0x08019c95    0x36  Code  Lc  aes-mmo.o [13]
age                     0x20002e2d     0x1  Data  Lc  broadcast.o [15]
allowIdling             0x20002fdb     0x1  Data  Lc  event-control.o [15]
appAddJitForAllChildren
                        0x0800af0f    0x66  Code  Gb  common.o [1]
appSendJitToChild       0x0800af75    0x54  Code  Gb  common.o [1]
appSerial               0x20002696     0x1  Data  Gb  bootload-utils.o [1]
appSetLEDsToInitialState
                        0x0800c255    0x18  Code  Gb  sensor.o [1]
appSetLEDsToRunningState
                        0x0800c26d    0x12  Code  Gb  sensor.o [1]
applicationProcessIncomingData
                        0x08012c23   0x178  Code  Lc  application-support.o [15]
apsCommandBaseSizes     0x0801402c    0x10  Data  Lc  packet-validate.o [11]
apsCommandPacketIsValid
                        0x08013f6f    0x4e  Code  Lc  packet-validate.o [11]
apsPacketIsValid        0x08013ef9    0x6a  Code  Lc  packet-validate.o [11]
arePageCountersOkay     0x08005919    0x3e  Code  Lc  sim-eeprom-internal.o [8]
authBlock               0x200026ac    0x10  Data  Gb  bootload-utils.o [1]
autoAckEnabled          0x20002996     0x1  Data  Lc  phy-common.o [15]
baseHeaderLength        0x08008c68    0x10  Data  Lc  packet-header.o [15]
baudSettings            0x08007938    0x28  Data  Gb  uart.o [1]
biasTrim                0x20002974     0x2  Data  Gb  clocks.o [8]
blMode                  0x20002691     0x1  Data  Gb  bootload-utils.o [1]
blState                 0x20002690     0x1  Data  Gb  bootload-utils.o [1]
blacklistedIdBytes      0x200029ad     0x1  Data  Lc  random-id.o [15]
blacklistedIds          0x200029ae     0x1  Data  Lc  random-id.o [15]
boostTxPowerMax         0x200028dc     0x8  Data  Gb  analogue.o [15]
bootloadBuffer          0x20002af8    0x48  Data  Gb  bootload-utils.o [1]
bootloadInProgressChildId
                        0x20002b42     0x2  Data  Gb  common.o [1]
bootloadInProgressEui   0x20002b44     0x8  Data  Gb  common.o [1]
bootloadMyNeighborRouter
                        0x0800b17d    0x3a  Code  Gb  common.o [1]
bootloadMySleepyChild   0x0800b117    0x66  Code  Gb  common.o [1]
bootloadSendAuthChallenge
                        0x080151d1    0xb0  Code  Lc  bootload-utils.o [1]
bootloadSendAuthResponse
                        0x08015281    0x78  Code  Lc  bootload-utils.o [1]
bootloadSendImage       0x08015953    0xaa  Code  Lc  bootload-utils.o [1]
bootloadSerial          0x20002697     0x1  Data  Gb  bootload-utils.o [1]
bootloadUtilInit        0x0801510d    0x1a  Code  Gb  bootload-utils.o [1]
bootloadUtilLaunchRequestHandler
                        0x0800c2e9     0x4  Code  Gb  sensor.o [1]
bootloadUtilQueryResponseHandler
                        0x0800c2b5    0x34  Code  Gb  sensor.o [1]
bootloadUtilSendAuthResponse
                        0x0801536b    0x22  Code  Gb  bootload-utils.o [1]
bootloadUtilSendQuery   0x080152f9    0x2e  Code  Gb  bootload-utils.o [1]
bootloadUtilSendRequest
                        0x08015127    0xaa  Code  Gb  bootload-utils.o [1]
bootloadUtilStartBootload
                        0x08015327    0x38  Code  Gb  bootload-utils.o [1]
bootloadUtilTick        0x0801538d    0xd2  Code  Gb  bootload-utils.o [1]
bothTokSerialRegId      0x08002e90     0x8  Data  Gb  analogue-cell-bias.o [15]
broadcastEui64          0x2000269c     0x8  Data  Gb  bootload-utils.o [1]
broadcastMessageSent    0x080163a9    0xd2  Code  Lc  aps-retry.o [15]
button0State            0x20002fc4     0x1  Data  Gb  button.o [1]
button1State            0x20002fc5     0x1  Data  Gb  button.o [1]
buttonOnePress          0x200027f5     0x1  Data  Gb  sensor.o [1]
buttonZeroPress         0x200027f4     0x1  Data  Gb  sensor.o [1]
cacheBuffer             0x20002a30     0x1  Data  Lc  token-cache.o [15]
cachingNetworkIndex     0x20002a31     0x1  Data  Lc  token-cache.o [15]
calAdcTempOffset        0x20002fdf     0x1  Data  Lc  phy.o [15]
calAdcTempOffsetValid   0x20002fde     0x1  Data  Lc  phy.o [15]
calDisableAdc           0x08004a73     0xc  Code  Gb  caladc.o [8]
calModDacWithPaEnableMask
                        0x20002988     0x2  Data  Lc  analogue-mod-dac.o [15]
calModDacWithSpreading  0x20002986     0x1  Data  Lc  analogue-mod-dac.o [15]
calReadAdcAtestAWithSpreading
                        0x080045bf    0xb6  Code  Lc  analogue-mod-dac.o [15]
calReadAdcBlocking      0x080049fb    0x6c  Code  Gb  caladc.o [8]
calStartAdcConversion   0x080049c5    0x36  Code  Gb  caladc.o [8]
calStartAndReadAdc      0x08004a67     0xc  Code  Gb  caladc.o [8]
ccaAttempt              0x2000299e     0x1  Data  Lc  phy-common.o [15]
challenge               0x20002699     0x1  Data  Lc  bootload-utils.o [1]
changeToChannel         0x200029e8     0x1  Data  Lc  zdo-channel.o [15]
channelCache            0x20002b71     0x1  Data  Lc  form-and-join.o [1]
channelMaskCache        0x20002b78     0x4  Data  Lc  form-and-join.o [1]
checkButtonEvents       0x0800c517    0xcc  Code  Gb  sensor.o [1]
checkForMovedChild      0x08009f5f    0x22  Code  Lc  network.o [15]
checkMaybeSetParentToken
                        0x0800f6e5    0x4a  Code  Lc  association.o [15]
childIsExpectingMessageBitField
                        0x20002a50     0x8  Data  Lc  mac-indirect.o [15]
childJitMessage         0x0800fc59    0xca  Code  Lc  jit.o [15]
childPolledBitField     0x20002a48     0x8  Data  Lc  mac-indirect.o [15]
cleanupEvent            0x20002764     0x8  Data  Lc  form-and-join-node-adapter.o [1]
cleanupEventHandler     0x0801783f     0xc  Code  Lc  form-and-join-node-adapter.o [1]
clearNetworkSecurityFromMessage
                        0x0800e81f    0x28  Code  Lc  association.o [15]
clear_screen            0x08016e1b    0x38  Code  Gb  lcd.o [1]
continueScanRequest     0x08017f39    0x56  Code  Lc  zdo-channel.o [15]
copyPayload             0x08016bcd    0x40  Code  Lc  alarm.o [3]
copyTokensToOtherPage   0x08005d07   0x1bc  Code  Lc  sim-eeprom-internal.o [8]
countIncremarks         0x080060f1    0x48  Code  Lc  sim-eeprom-internal.o [8]
createAndStoreJitMessage
                        0x0800aead    0x62  Code  Gb  common.o [1]
cryptInternal           0x08018bfd   0x25c  Code  Lc  aps-encryption.o [13]
cstackMemory            0x20001f38   0x758  Data  Gb  cstartup-iar-common.o [1]
currentBroadcastLength  0x20002fe6     0x1  Data  Lc  alarm.o [3]
currentDuration         0x200026be     0x2  Data  Gb  buzzer.o [1]
currentJitFlag          0x2000290c     0x2  Data  Lc  jit.o [15]
currentOTABlock         0x20002694     0x1  Data  Gb  bootload-utils.o [1]
currentReceiveChannel   0x20002ced     0x1  Data  Lc  phy.o [15]
currentRetriesRemaining
                        0x20002692     0x1  Data  Gb  bootload-utils.o [1]
currentTune             0x200026c0     0x4  Data  Gb  buzzer.o [1]
dataBuffer              0x2000288c    0x14  Data  Gb  sensor.o [1]
dataCache               0x20002760     0x1  Data  Lc  form-and-join-node-adapter.o [1]
dataContents            0x20002b74     0x4  Data  Lc  form-and-join.o [1]
dataMode                0x200027f2     0x1  Data  Gb  sensor.o [1]
debugChannel            0x20002ff0    0x10  Data  Lc  debug-jtag.o [15]
debugTraceOn            0x20002fda     0x1  Data  Lc  debug.o [15]
decodeShortDestination  0x0800da8d    0x46  Code  Lc  mac-header.o [15]
deferredPanChange       0x0800fa83    0x3c  Code  Lc  management.o [15]
delay                   0x08016d69     0xc  Code  Gb  lcd.o [1]
delayCount              0x20002f4c     0x1  Data  Lc  retry.o [15]
deviceIsCoordinator     0x20002994     0x1  Data  Lc  phy-common.o [15]
display_graphic_8x16    0x08016e63    0x26  Code  Gb  lcd.o [1]
display_string_8x16     0x08016eb1    0x34  Code  Gb  lcd.o [1]
dropJoinBeacon          0x0800e367    0x1a  Code  Lc  association.o [15]
edCcaThreshold          0x20002997     0x1  Data  Lc  phy-common.o [15]
emActiveAlwaysOnNetworkFound
                        0x080069d3     0x4  Code  Gb  ember-multi-network-stub.o [10]
emActiveScanDuration    0x20002935     0x1  Data  Gb  association.o [15]
emActiveTaskCount       0x20002fdc     0x1  Data  Lc  event-control.o [15]
emAddApsFrame           0x08011e67    0xe0  Code  Gb  zigbee-packet-header.o [15]
emAddBeaconPayload      0x0800f37d    0x92  Code  Gb  association.o [15]
emAddBlacklistedId      0x08014273    0x7e  Code  Gb  random-id.o [15]
emAddBroadcastTableEntry
                        0x08010a37    0x4c  Code  Gb  broadcast.o [15]
emAddCurrentNetworkToPollingQueue
                        0x08006a89     0x2  Code  Gb  ember-multi-network-stub.o [10]
emAddNeighborGuaranteed
                        0x08011129    0x66  Code  Gb  neighbor.o [15]
emAddPendingAckedMessage
                        0x08015d01    0x5e  Code  Gb  aps-retry.o [15]
emAddRejoinedChild      0x0800b9f7    0xe4  Code  Gb  child.o [15]
emAddTrustCenterRoute   0x0801216d    0x24  Code  Gb  route-discovery.o [15]
emAddTunnelledApsHeader
                        0x08018a85    0x3e  Code  Gb  trust-center-util.o [13]
emAddUnicastTableEntry  0x08010d65    0x26  Code  Gb  unicast-table.o [15]
emAddressTable          0x20002740     0x4  Data  Gb  ember-configuration.o [1]
emAddressTableSize      0x2000273c     0x1  Data  Gb  ember-configuration.o [1]
emAesEncrypt            0x08006fd5    0x22  Code  Gb  aes.o [15]
emAgeBlacklistedIds     0x08014327    0x1c  Code  Gb  random-id.o [15]
emAgeBroadcastTable     0x080109dd    0x3e  Code  Gb  broadcast.o [15]
emAgeChildren           0x08014f91   0x108  Code  Gb  child-aging.o [15]
emAgeChildrenAllNetworks
                        0x08015099    0x22  Code  Gb  child-aging.o [15]
emAgeRouteTables        0x0801069b    0xf2  Code  Gb  route-table.o [15]
emAllowRelay            0x200026ec     0x1  Data  Gb  ember-configuration.o [1]
emAmMulticastMember     0x08014f0f    0x48  Code  Gb  address-table.o [15]
emAmNetworkManager      0x0800fb01    0x26  Code  Gb  management.o [15]
emAnyChildHasFlagsSet   0x0800b8d1    0x2a  Code  Gb  child.o [15]
emAppZdoConfigurationFlags
                        0x20002fcb     0x1  Data  Gb  ember-configuration.o [1]
emAppendToLinkedBuffers
                        0x08007dfb    0x3c  Code  Gb  packet-buffer.o [15]
emApplicationCheckIncomingQueue
                        0x08012a8b    0x2e  Code  Gb  application-support.o [15]
emApplicationProcessIncoming
                        0x08012ab9   0x16a  Code  Gb  application-support.o [15]
emApplicationProcessIncomingAck
                        0x08015d5f    0xe6  Code  Gb  aps-retry.o [15]
emApplicationSecurityMessageHandler
                        0x080130d7   0x1be  Code  Gb  aps-security.o [13]
emApsBaseFrameSize      0x08011cd3    0x30  Code  Gb  zigbee-packet-header.o [15]
emApsCrypt              0x08018e59    0x30  Code  Gb  aps-encryption.o [13]
emApsExtendedHeaderSize
                        0x08011cb9    0x1a  Code  Gb  zigbee-packet-header.o [15]
emApsFrameSize          0x08011d03    0x38  Code  Gb  zigbee-packet-header.o [15]
emApsFrameToApsStruct   0x08011d5b   0x10c  Code  Gb  zigbee-packet-header.o [15]
emApsHeaderSize         0x08011c9d    0x1c  Code  Gb  zigbee-packet-header.o [15]
emApsPurge              0x08015cb1    0x2e  Code  Gb  aps-retry.o [15]
emApsUnicastMessageData
                        0x20002748     0x4  Data  Gb  ember-configuration.o [1]
emAreKeysAuthorizedByDefault
                        0x08017dd1     0x4  Code  Gb  cbke-crypto-engine-stub.o [5]
emAssociationHandler    0x0800ec8b   0x21e  Code  Gb  association.o [15]
emAssociationInProgress
                        0x080069cf     0x4  Code  Gb  ember-multi-network-stub.o [10]
emAssociationRequestNotSent
                        0x0800ef77     0xa  Code  Gb  association.o [15]
emAssumeSymmetricLink   0x0801118f    0x28  Code  Gb  neighbor.o [15]
emAuthenticatedRoutingOnly
                        0x20002fec     0x1  Data  Gb  high-security-stub.o [13]
emAuxiliaryZdoRequestHandler
                        0x08019441   0x7c0  Code  Gb  zigbee-device.o [15]
emAvailableMemory       0x20000000   0x570  Data  Gb  ember-configuration.o [1]
emAvailableStackBuffer  0x200028f8     0x1  Data  Gb  zigbee-stack.o [15]
emBindingFlags          0x20002738     0x4  Data  Gb  ember-configuration.o [1]
emBindingRemoteNode     0x20002734     0x4  Data  Gb  ember-configuration.o [1]
emBroadcastAgeCutoffIndexes
                        0x20002e30     0x2  Data  Gb  broadcast.o [15]
emBroadcastAlarmData    0x20002704     0x4  Data  Gb  ember-configuration.o [1]
emBroadcastAlarmDataSize
                        0x20002fc7     0x1  Data  Gb  ember-configuration.o [1]
emBroadcastHead         0x20002e2c     0x1  Data  Gb  broadcast.o [15]
emBroadcastTable        0x20002e34    0x5c  Data  Gb  broadcast.o [15]
emBroadcastTableIsFull  0x08010a1b    0x1c  Code  Gb  broadcast.o [15]
emCalPadsEvent          0x20002e90     0x8  Data  Gb  cal-pads.o [15]
emCalPadsEventHandler   0x0801a32d    0x18  Code  Gb  cal-pads.o [15]
emCalculateMic          0x08011585   0x10a  Code  Gb  crypto.o [15]
emCallCounterHandler    0x08006aa3     0x4  Code  Gb  ember-multi-network-stub.o [10]
emCallIncomingMessageHandler
                        0x08017871    0xb0  Code  Gb  zigbee-dispatch.o [15]
emCallStackStatusHandler
                        0x08006a9f     0x4  Code  Gb  ember-multi-network-stub.o [10]
emCallZigbeeKeyEstablishmentHandler
                        0x08006a9b     0x4  Code  Gb  ember-multi-network-stub.o [10]
emCancelJitMessage      0x0800910b    0x28  Code  Gb  mac-arbiter.o [15]
emCapabilityBytes       0x0800bf1c     0x8  Data  Gb  child.o [15]
emCbkeIsIdle            0x08017dc7     0x4  Code  Gb  cbke-crypto-engine-stub.o [5]
emCbkeTick              0x08017dcb     0x2  Code  Gb  cbke-crypto-engine-stub.o [5]
emChannelChangeEvent    0x200029f4     0x8  Data  Gb  zdo-channel.o [15]
emChannelChangeEventHandler
                        0x080180dd    0x44  Code  Gb  zdo-channel.o [15]
emChannelSettings       0x08002970    0x40  Data  Gb  analogue.o [15]
emCheckAdditionalPendingDataIsr
                        0x08006451    0x50  Code  Gb  mac-indirect.o [15]
emCheckAvailableMemory  0x080085dd     0x2  Code  Gb  ember-configuration.o [1]
emCheckChannelStatus    0x08017dd9    0x84  Code  Gb  zdo-channel.o [15]
emCheckIncomingFrameCounter
                        0x08013c5f    0x20  Code  Gb  zigbee-neighbor.o [15]
emCheckNetworkManagerId
                        0x0800df41     0x4  Code  Gb  zll-stubs.o [16]
emCheckOrSetTrustCenterEui64
                        0x0801687d    0x42  Code  Gb  aps-keys.o [13]
emCheckRadioEvent       0x20002e98     0x8  Data  Gb  mac-em250.o [15]
emCheckRadioEventHandler
                        0x08006ec1    0x12  Code  Gb  mac-em250.o [15]
emChildExtendedTimeout  0x08014e89    0x22  Code  Gb  address-table.o [15]
emChildIdTable          0x200026f0     0x4  Data  Gb  ember-configuration.o [1]
emChildInit             0x0800b7f1    0x84  Code  Gb  child.o [15]
emChildStatus           0x200026f8     0x4  Data  Gb  ember-configuration.o [1]
emChildTimers           0x200026fc     0x4  Data  Gb  ember-configuration.o [1]
emChooseRandomNeighbor  0x0801135b    0x6c  Code  Gb  neighbor.o [15]
emClearSecurityData     0x08013add    0x1a  Code  Gb  aps-security.o [13]
emClearUnicastTable     0x08010d8b     0xa  Code  Gb  unicast-table.o [15]
emCopyToNormalizedBuffers
                        0x08007d97    0x64  Code  Gb  packet-buffer.o [15]
emCostDivision          0x08003629     0x8  Code  Gb  phy-common.o [15]
emCostDivisions         0x08003e68     0x8  Data  Gb  phy-common.o [15]
emCsmaTransmit          0x08006d91    0x2e  Code  Gb  mac-em250.o [15]
emCurrentApsStruct      0x20002cbc     0x4  Data  Gb  zigbee-dispatch.o [15]
emCurrentBindingIndex   0x20002fd5     0x1  Data  Gb  zigbee-dispatch.o [15]
emCurrentLqi            0x20002fe9     0x1  Data  Gb  network.o [15]
emCurrentMessageStatus  0x20002cb8     0x1  Data  Gb  zigbee-dispatch.o [15]
emCurrentNetwork        0x20002e1c     0x4  Data  Gb  ember-multi-network-stub.o [10]
emCurrentRadioNetwork   0x20002e20     0x4  Data  Gb  ember-multi-network-stub.o [10]
emCurrentRadioNetworkEvent
                        0x20002e0c     0x8  Data  Gb  ember-multi-network-stub.o [10]
emCurrentRadioNetworkHandler
                        0x08006993    0x22  Code  Gb  ember-multi-network-stub.o [10]
emCurrentRssi           0x20002fea     0x1  Data  Gb  network.o [15]
emCurrentSender         0x20002cba     0x2  Data  Gb  zigbee-dispatch.o [15]
emCurrentSenderEui64    0x20002cc0     0x4  Data  Gb  zigbee-dispatch.o [15]
emCurrentZdoRequestStatus
                        0x20002fd9     0x1  Data  Gb  application-support.o [15]
emCustomMacFilterMatchList
                        0x20002fb4     0x4  Data  Gb  mac-header.o [15]
emDebugAddInitialFraming
                        0x0800827d    0x18  Code  Gb  debug-jtag.o [15]
[...]
handleApplicationKeyRequest
                        0x08018879   0x10a  Code  Lc  trust-center-util.o [13]
handleNonAddressConflictRouteError
                        0x08014453    0x50  Code  Gb  route-error.o [15]
handleSinkAdvertise     0x0800c853    0xae  Code  Gb  sensor.o [1]
handleSinkQuery         0x0800ae1d    0x8a  Code  Gb  common.o [1]
idleDelayMicroseconds   0x08003e7b    0xb0  Code  Gb  clocks.o [8]
ignoreExtendedPanId     0x20002b72     0x1  Data  Lc  form-and-join.o [1]
incomingMfglibMessage   0x08006d2d    0x30  Code  Lc  mac-receive.o [15]
indexIntoBuffers        0x08007edf    0x14  Code  Lc  packet-buffer.o [15]
initial_lcd             0x08016d75    0x86  Code  Gb  lcd.o [1]
initializeChildStatus   0x0800b875    0x26  Code  Lc  child.o [15]
initializeNonceFromAuxFrame
                        0x080117b5    0x56  Code  Lc  crypto.o [15]
initializeNonceFromBuffer
                        0x0801180b    0x44  Code  Lc  crypto.o [15]
initializeRemoteNode    0x08017ba5    0x2e  Code  Lc  binding-table.o [4]
insertNeighbor          0x08010eb9   0x110  Code  Lc  neighbor.o [15]
isCompatibleStackProfile
                        0x0800e2d5    0x24  Code  Gb  association.o [15]
isMyChild               0x0800b1e9    0x36  Code  Gb  common.o [1]
isMyNeighbor            0x0800b25b     0x4  Code  Gb  common.o [1]
isTheSameEui64          0x08015751    0x10  Code  Lc  bootload-utils.o [1]
jitMaskMulticastHello   0x200026d2     0x2  Data  Gb  common.o [1]
jitMessageApsFrame      0x200026c4     0xc  Data  Gb  common.o [1]
jitMessageMulticastHello
                        0x200026d0     0x1  Data  Gb  common.o [1]
jitMessageStatus        0x0800b053    0x2c  Code  Gb  common.o [1]
jitMessageStatusPrintMessageData
                        0x0800b011    0x42  Code  Gb  common.o [1]
joinAttemptFailed       0x0800e43b    0x62  Code  Lc  association.o [15]
joinData                0x20002910    0x18  Data  Lc  association.o [15]
joinNetworkQuietly      0x0800e69d    0x4a  Code  Lc  association.o [15]
lastAgingTime           0x20002e32     0x2  Data  Lc  broadcast.o [15]
lastAgingTimeQs         0x20002fc2     0x2  Data  Lc  route-table.o [15]
lastEventTimeMS         0x200029e4     0x2  Data  Lc  mac-indirect.o [15]
lastEventTimeMs         0x20002a1c     0x2  Data  Lc  aps-retry.o [15]
lastReportTimeMin       0x200029ef     0x1  Data  Lc  zdo-channel.o [15]
lastTransmitPacketIsDataPoll
                        0x2000299c     0x1  Data  Gb  phy-common.o [15]
lastTxSfdTime           0x200029a8     0x4  Data  Gb  phy-common.o [15]
lastVcoCalChannel       0x20002fe3     0x1  Data  Lc  analogue-vco.o [15]
lastVcoValue            0x20002fe4     0x1  Data  Lc  analogue-vco.o [15]
lcd_address             0x08016dff    0x1c  Code  Gb  lcd.o [1]
leaveReason             0x20002978     0x1  Data  Lc  leave.o [15]
left                    0x20002fbd     0x1  Data  Lc  sim-eeprom-internal.o [8]
libraryEnabled          0x20002a32     0x1  Data  Lc  packet-validate.o [11]
lnaForceReCal           0x200028d2     0x2  Data  Gb  analogue.o [15]
longIndirectPool        0x200029dc     0x4  Data  Lc  mac-indirect.o [15]
macBufferStatus         0x200029ba     0x1  Data  Lc  mac-arbiter.o [15]
macCheckIncomingQueue   0x08006b39   0x1c2  Code  Lc  mac-receive.o [15]
macCommandPacketIsValid
                        0x08013dc1    0x48  Code  Lc  packet-validate.o [11]
macCommandSizes         0x08014014     0xc  Data  Lc  packet-validate.o [11]
macIsInactive           0x200029ee     0x1  Data  Lc  zdo-channel.o [15]
macSendShortIdCommand   0x0800fdc1    0x36  Code  Lc  command.o [15]
main                    0x0800bf69   0x1aa  Code  Gb  sensor.o [1]
mainSinkFound           0x200027ed     0x1  Data  Gb  sensor.o [1]
managePollTxRxTurnaround
                        0x080035d5    0x1c  Code  Gb  phy-common.o [15]
matchingPoolAddress     0x080066ed    0x52  Code  Lc  mac-indirect.o [15]
maybeSendAddressResponse
                        0x080182b5   0x180  Code  Lc  zigbee-device-util.o [15]
maybeSendBasicAck       0x08012e0f    0x20  Code  Lc  application-support.o [15]
mobileChildData         0x200028e9     0x1  Data  Lc  child.o [15]
mobileChildDataIndex    0x0800bd23    0x40  Code  Lc  child.o [15]
mobileChildDataLength   0x200028ec     0x2  Data  Lc  child.o [15]
mobileJoinApsFrame      0x0800a690     0x8  Data  Lc  network.o [15]
modDacForceReCal        0x200028d0     0x2  Data  Gb  analogue.o [15]
mpuConfig               0x20002794    0x40  Data  Lc  mpu.o [1]
mtorFlags               0x08019c84     0x8  Data  Lc  zigbee-device.o [15]
networkCommandBaseSizes
                        0x08014020     0xc  Data  Lc  packet-validate.o [11]
networkCommandPacketIsValid
                        0x08013e53    0x9c  Code  Lc  packet-validate.o [11]
networkCount            0x20002b73     0x1  Data  Lc  form-and-join.o [1]
networkDecrypt          0x0800970f   0x16e  Code  Lc  network.o [15]
networkInitData         0x20002930     0x4  Data  Lc  association.o [15]
networkPacketIsValid    0x08013e09    0x4a  Code  Lc  packet-validate.o [11]
networkSubmitUnicast    0x08009613    0x84  Code  Lc  network.o [15]
newChannel              0x20002fd8     0x1  Data  Lc  association.o [15]
newNwkUpdateId          0x200029e9     0x1  Data  Lc  zdo-channel.o [15]
newPanId                0x20002a2c     0x2  Data  Lc  management.o [15]
nextApsFrameCounter     0x20002f9c     0x4  Data  Lc  crypto.o [15]
nextChannel             0x20002949     0x1  Data  Lc  scan.o [15]
nextIncomingRssi        0x20002968     0x4  Data  Lc  scan.o [15]
nextOutgoingRssi        0x20002964     0x4  Data  Lc  scan.o [15]
nodeSecurityInit        0x080165db    0x3c  Code  Gb  node.o [1]
nodeThatToldUsToLeave   0x20002984     0x2  Data  Lc  leave.o [15]
normalOrBoostTokSerialRegId
                        0x08002e98     0xc  Data  Gb  analogue-cell-bias.o [15]
noteDiscoveryTimeout    0x08010601    0x6a  Code  Lc  route-table.o [15]
notePreconfiguredKeyType
                        0x08013b1d    0x22  Code  Lc  aps-security.o [13]
notifyTrustCenter       0x08014719    0x28  Code  Lc  leave.o [15]
nullEui                 0x08002f04     0x8  Data  Lc  mfg-token.o [1]
numberOfFailedDataMessages
                        0x200027f3     0x1  Data  Gb  sensor.o [1]
nwkSequenceNumber       0x20002940     0x1  Data  Lc  application-support.o [15]
oneScanDone             0x200029f0     0x1  Data  Lc  zdo-channel.o [15]
originalChannel         0x2000294c     0x1  Data  Lc  scan.o [15]
originalPanId           0x20002958     0x2  Data  Lc  scan.o [15]
originalRadioIdleMode   0x2000294d     0x1  Data  Lc  scan.o [15]
paPresent               0x200028da     0x1  Data  Lc  analogue.o [15]
packetChecks            0x08014044    0x30  Data  Lc  packet-validate.o [11]
panConflictMeter        0x20002a20     0x1  Data  Lc  management.o [15]
parentLaunchBootload    0x20002b40     0x1  Data  Gb  common.o [1]
pendingAckedCount       0x20002a11     0x1  Data  Lc  aps-retry.o [15]
permitJoining           0x20002ccc     0x1  Data  Lc  association.o [15]
phyToMacQueueLength     0x20002a00     0x2  Data  Lc  mac-receive.o [15]
phyToMacQueueLengthReached
                        0x20002a04     0x2  Data  Lc  mac-receive.o [15]
pollState               0x200029bc     0x1  Data  Lc  mac-arbiter.o [15]
powerLevelSettings      0x080029fc     0x4  Data  Gb  analogue.o [15]
powers10                0x080053ac    0x24  Data  Lc  serial.o [1]
previousLoValue         0x20002970     0x1  Data  Gb  clocks.o [8]
previousTemperature     0x20002fe0     0x1  Data  Lc  phy.o [15]
previousTemperatureAvailable
                        0x20002fe1     0x1  Data  Lc  phy.o [15]
printAddressTable       0x0800ad17    0xc2  Code  Gb  common.o [1]
printChildTable         0x0800b07f    0x6a  Code  Gb  common.o [1]
printDataMode           0x0800cdb1    0x34  Code  Gb  sensor.o [1]
printEUI64              0x0800add9    0x1e  Code  Gb  common.o [1]
printExtendedPanId      0x0800abf3    0x24  Code  Gb  common.o [1]
printHelp               0x0800cb0b   0x112  Code  Gb  sensor.o [1]
printNetInfo            0x0800bf25    0x26  Code  Gb  sensor.o [1]
printNodeInfo           0x0800ac17    0xa8  Code  Gb  common.o [1]
processDeviceAnnounceAndFindIdConflict
                        0x08009ea1    0xbe  Code  Lc  network.o [15]
processKeyCommand       0x080137ed   0x2a2  Code  Lc  aps-security.o [13]
processRxAddressReceiveCompleteIsr
                        0x080030ed    0xec  Code  Lc  phy.o [15]
processRxPacketCompleteIsr
                        0x080031d9    0xe4  Code  Lc  phy.o [15]
processScanRequest      0x08017fc5   0x118  Code  Lc  zdo-channel.o [15]
processSerialInput      0x0800c945   0x1bc  Code  Gb  sensor.o [1]
processZigbeePacket     0x080099d9   0x39a  Code  Lc  network.o [15]
ptiEnabled              0x20002993     0x1  Data  Lc  phy-common.o [15]
ptrCache                0x20002c24    0x5c  Data  Gb  sim-eeprom.o [1]
ptrCacheLoc             0x080058f7    0x22  Code  Lc  sim-eeprom-internal.o [8]
pushInt16u              0x08011aed     0xc  Code  Lc  zigbee-packet-header.o [15]
quietlyEraseChild       0x0800bc81    0x3a  Code  Lc  child.o [15]
radioCheckCrc           0x200029ac     0x1  Data  Gb  phy-common.o [15]
radioCurrentPowerStatus
                        0x2000299d     0x1  Data  Gb  phy-common.o [15]
radioIdlePowerState     0x20002998     0x1  Data  Lc  phy-common.o [15]
radioTransmitConfig     0x200028f0     0x8  Data  Gb  zigbee-stack.o [15]
reCalibrateVref         0x200028db     0x1  Data  Gb  analogue.o [15]
readAndPrintSensorData  0x0800cca5    0x9e  Code  Gb  sensor.o [1]
readCounterValue        0x08006139    0x34  Code  Lc  sim-eeprom-internal.o [8]
readNetworkTokens       0x0800f595    0x2e  Code  Lc  association.o [15]
readNodeData            0x0800f5c3     0xc  Code  Lc  association.o [15]
readTokenData           0x08005875    0x42  Code  Lc  sim-eeprom-internal.o [8]
recalculateMacDataPendingBitField
                        0x08006747    0x42  Code  Lc  mac-indirect.o [15]
recyclePendingAckedMessages
                        0x08015c69    0x48  Code  Lc  aps-retry.o [15]
reenqueueSubmitHead     0x08010cab    0x82  Code  Lc  retry.o [15]
rejoinUpdateDeviceStatusValues
                        0x0800eb34     0x8  Data  Lc  association.o [15]
removeFromBuffer        0x08009431    0x2e  Code  Lc  network.o [15]
requestKeyBuffer        0x20002a2f     0x1  Data  Lc  trust-center-util.o [13]
respondTimer            0x200027ec     0x1  Data  Gb  sensor.o [1]
retryEntries            0x20002f5c    0x30  Data  Lc  retry.o [15]
rhoActive               0x20002774     0x1  Data  Lc  micro.o [1]
rhoEnabled              0x20002776     0x1  Data  Lc  micro.o [1]
rmwRadioPowerCfgReg     0x080042b1    0x3e  Code  Lc  micro.o [1]
rmwRadioPowerOutReg     0x080042ef    0x36  Code  Lc  micro.o [1]
routeRequestId          0x20002fed     0x1  Data  Lc  route-discovery.o [15]
routeTableTimer         0x20002fc0     0x1  Data  Lc  route-table.o [15]
runEventHandler         0x08015e6d   0x122  Code  Lc  aps-retry.o [15]
rxBuffer                0x20002cf0   0x114  Data  Lc  phy.o [15]
sampleVcoTune           0x08004675    0x44  Code  Gb  analogue-mod-dac.o [15]
savedMSP                0x20002e08          Data  Gb  context-switch.o [8]
savedResetCause         0x20002a76     0x2  Data  Lc  cstartup-iar-common.o [1]
scanChannelMask         0x20002960     0x4  Data  Lc  scan.o [15]
scanDuration            0x2000294a     0x1  Data  Lc  scan.o [15]
scanFrameCounter        0x2000295c     0x4  Data  Lc  scan.o [15]
scanRequestHeader       0x200029eb     0x1  Data  Lc  zdo-channel.o [15]
scanResults             0x200029ec     0x1  Data  Lc  zdo-channel.o [15]
scanTransmitRetries     0x2000294b     0x1  Data  Lc  scan.o [15]
scansRemaining          0x200029ed     0x1  Data  Lc  zdo-channel.o [15]
seed0                   0x200027d4     0x2  Data  Gb  random.o [1]
seed1                   0x200027d6     0x2  Data  Gb  random.o [1]
sendAckedUnicast        0x08015f8f    0xe8  Code  Lc  aps-retry.o [15]
sendApplicationKeys     0x08018983    0xe6  Code  Lc  trust-center-util.o [13]
sendBootloaderLaunchMessage
                        0x0800b1b7    0x32  Code  Gb  common.o [1]
sendData                0x0800c625   0x184  Code  Gb  sensor.o [1]
sendDataCountdown       0x200027f1     0x1  Data  Gb  sensor.o [1]
sendFromSource          0x20002942     0x2  Data  Lc  application-support.o [15]
sendLeaveCommand        0x0801477d    0x72  Code  Lc  leave.o [15]
sendMulticastHello      0x0800c7c7    0x76  Code  Gb  sensor.o [1]
sendNeighborExchange    0x08014849    0xac  Code  Lc  neighbor-exchange.o [15]
sendRadioMessage        0x08015a09    0xcc  Code  Lc  bootload-utils.o [1]
sendSpecialJoinRequest  0x0800e847    0xd0  Code  Lc  association.o [15]
sendUpdateDevice        0x080134ed    0x4c  Code  Lc  aps-security.o [13]
sensorCommonPrint16ByteKey
                        0x0800ab57    0x5e  Code  Gb  common.o [1]
sensorCommonPrintKeys   0x0800acc5    0x52  Code  Gb  common.o [1]
sensorCommonSetupSecurity
                        0x0800abbd    0x36  Code  Gb  common.o [1]
sensorInit              0x0800c92f    0x12  Code  Gb  sensor.o [1]
sensorPrintKeyOptions   0x0800aa99    0xbe  Code  Gb  common.o [1]
sequenceNumber          0x20002feb     0x1  Data  Lc  debug-jtag.o [15]
serialRegData           0x20002c8c    0x24  Data  Gb  analogue.o [15]
setChildTokenData       0x0800be43    0xa2  Code  Lc  child.o [15]
setNonvolatileBinding   0x08017a43    0x2e  Code  Lc  binding-table.o [4]
setOrOverrideTrustCenterEui64
                        0x08016853    0x22  Code  Lc  aps-keys.o [13]
setRadioParameters      0x0800f447    0x52  Code  Lc  association.o [15]
setTxStepTime           0x08002487    0x34  Code  Lc  analogue.o [15]
shift                   0x08007019    0x10  Code  Lc  random.o [1]
shortIndirectPool       0x200029e0     0x4  Data  Lc  mac-indirect.o [15]
signingKey              0x20002698     0x1  Data  Lc  bootload-utils.o [1]
simEeErasePage          0x080058bf    0x16  Code  Lc  sim-eeprom-internal.o [8]
simEeSetDataActiveSemaphore
                        0x20002fd4     0x1  Data  Gb  token.o [1]
simulatedEepromStorage  0x0802e000  0x2000  Data  Gb  sim-eeprom.o [1]
sinkEUI                 0x20002804     0x8  Data  Gb  sensor.o [1]
sinkShortAddress        0x200027f6     0x2  Data  Gb  sensor.o [1]
sizeCache               0x0801a380    0x18  Data  Gb  sim-eeprom.o [1]
sleepTimerInterruptOccurred
                        0x20002cc4     0x1  Data  Gb  system-timer.o [8]
sleepTmrArtificalCnt    0x20002cc8     0x4  Data  Gb  system-timer.o [8]
spreadModDac1           0x2000298a     0x2  Data  Gb  analogue-mod-dac.o [15]
spreadModDac2           0x2000298c     0x2  Data  Gb  analogue-mod-dac.o [15]
stackEvents             0x0800e214    0xc0  Data  Gb  zigbee-stack.o [15]
stackTokenInfo          0x08018bc4    0x38  Data  Lc  token-cache.o [15]
startChannelScan        0x080104b5    0x64  Code  Lc  scan.o [15]
startNetworkOperation   0x0800e40f    0x2c  Code  Lc  association.o [15]
startNextConversion     0x080021f3    0x52  Code  Gb  adc.o [1]
startPanIdScan          0x08019023    0x44  Code  Lc  form-and-join.o [1]
startScan               0x08019309    0x22  Code  Lc  form-and-join.o [1]
statsTable              0x20002ce0     0xc  Data  Lc  debug.o [15]
strlen                  0x08017955          Code  Gb  strlen.o [12]
submitCount             0x20002f4d     0x1  Data  Lc  retry.o [15]
swoOutput               0x08008295    0xcc  Code  Lc  debug-jtag.o [15]
targetAddress           0x200026a4     0x8  Data  Gb  bootload-utils.o [1]
terminateScanRequest    0x08017f8f    0x26  Code  Lc  zdo-channel.o [15]
timeToWaitForSinkReadyMessage
                        0x200027f0     0x1  Data  Gb  sensor.o [1]
timeoutPools            0x08006789    0xde  Code  Lc  mac-indirect.o [15]
toBCD                   0x0800cd79    0x38  Code  Gb  sensor.o [1]
tokenArraySize          0x0801a3f8    0x18  Data  Gb  token-def.o [1]
tokenCreators           0x0801a398    0x30  Data  Gb  token-def.o [1]
tokenDefaults           0x0801a590    0x5c  Data  Gb  token-def.o [1]
tokenIsCnt              0x0801a3c8    0x18  Data  Gb  token-def.o [1]
tokenSize               0x0801a3e0    0x18  Data  Gb  token-def.o [1]
tokensActive            0x20002fd3     0x1  Data  Gb  token.o [1]
transfer_command_lcd    0x08016d21    0x24  Code  Gb  lcd.o [1]
transfer_data_lcd       0x08016d45    0x24  Code  Gb  lcd.o [1]
transmitQueue           0x200029c0     0x8  Data  Lc  mac-arbiter.o [15]
transportKeyFrameSizes  0x0801403c     0x8  Data  Lc  packet-validate.o [11]
tuneDone                0x200026bd     0x1  Data  Gb  buzzer.o [1]
tunePos                 0x200026bc     0x1  Data  Gb  buzzer.o [1]
txPower                 0x080029b0    0x28  Data  Gb  analogue.o [15]
txStepTimeSnapshot      0x200029a4     0x2  Data  Lc  phy-common.o [15]
unicastHead             0x20002fa0     0x1  Data  Lc  unicast-table.o [15]
uninitializedIsr        0x0801a059          Code  Gb  faults.o [1]
unsentMessageCount      0x200029bb     0x1  Data  Lc  mac-arbiter.o [15]
unsolicitedChannelReport
                        0x200029ea     0x1  Data  Lc  zdo-channel.o [15]
updateParentToken       0x0800f72f    0x62  Code  Lc  association.o [15]
useOsc32k               0x20002fd2     0x1  Data  Gb  micro-common.o [1]
useXtalAsIs             0x2000296f     0x1  Data  Lc  clocks.o [8]
vcoLastTuneValueAvailable
                        0x20002fe2     0x1  Data  Gb  analogue-vco.o [15]
vcoTuneModDacError      0x080046b9    0x24  Code  Lc  analogue-mod-dac.o [15]
verifyFib               0x080087fd    0x24  Code  Lc  flash.o [8]
waitingForSinkReadyMessage
                        0x200027ef     0x1  Data  Gb  sensor.o [1]
waitingToRespond        0x200027ee     0x1  Data  Gb  sensor.o [1]
wakeupSleepTmrCnt       0x20002c88     0x4  Data  Gb  sleep.o [1]
wakeupXtalState         0x2000296e     0x1  Data  Gb  clocks.o [8]
walkDelayQueue          0x08010aa9    0xd0  Code  Lc  retry.o [15]
writeMessage            0x08007fe9    0xb0  Code  Lc  packet-buffer.o [15]
writePageCounters       0x08005ecb    0x7e  Code  Lc  sim-eeprom-internal.o [8]
writeTokenBlockData     0x0800581d    0x58  Code  Lc  sim-eeprom-internal.o [8]
xmodemBlock             0x20002a78    0x80  Data  Gb  bootload-utils.o [1]
xmodemReadSerialByte    0x08015761    0x46  Code  Lc  bootload-utils.o [1]
xmodemReceiveAndForward
                        0x0801587f    0xce  Code  Lc  bootload-utils.o [1]
xmodemReceiveBlock      0x080157a7    0xd4  Code  Lc  bootload-utils.o [1]
xorBufferBytesIntoBlock
                        0x08011503    0x82  Code  Lc  crypto.o [15]
xtalAboveLoThresholdUs  0x20002972     0x2  Data  Gb  clocks.o [8]
xtalUnstable            0x2000296d     0x1  Data  Gb  clocks.o [8]
zigDevApsStruct         0x20002eac     0x4  Data  Lc  zigbee-device-util.o [15]
zigDevRequestSequence   0x20002ea8     0x1  Data  Lc  zigbee-device-util.o [15]


[1] = D:\Firmware\EZ\EZ\firmware\EmberZNet\EM35x\app\sensor\ewb-em357\build\sensor-cortexm3-iar-em357-em3xx-dev0680-debug\Obj
[2] = command line
[3] = alarm-library.a
[4] = binding-table-library.a
[5] = cbke-stub-library.a
[6] = dl7M_tln.a
[7] = end-device-bind-stub-library.a
[8] = hal-library.a
[9] = install-code-library-stub.a
[10] = multi-network-stub-library.a
[11] = packet-validate-library.a
[12] = rt7M_tl.a
[13] = security-library-core.a
[14] = security-library-link-keys-stub.a
[15] = zigbee-pro-stack.a
[16] = zll-stub-library.a

  98 740 bytes of readonly  code memory
   1 984 bytes of readonly  data memory
  14 032 bytes of readwrite data memory

Errors: none
Warnings: none
