###############################################################################
#                                                                             #
# IAR ELF Linker V6.40.4.54170/W32 for ARM              02/Jul/2013  10:31:24 #
# Copyright 2007-2012 IAR Systems AB.                                         #
#                                                                             #
#    Output file  =  D:\Firmware\EZ\EZ\firmware\EmberZNet\EM35x\build\standal #
#                    one-bootloader-demo-v2-cortexm3-iar-em357-em3xx-dev0680- #
#                    enable_bootload_print-debug\Exe\standalone-bootloader-de #
#                    mo-v2.out                                                #
#    Map file     =  D:\Firmware\EZ\EZ\firmware\EmberZNet\EM35x\build\standal #
#                    one-bootloader-demo-v2-cortexm3-iar-em357-em3xx-dev0680- #
#                    enable_bootload_print-debug\Lst\standalone-bootloader-de #
#                    mo-v2.map                                                #
#    Command line =  D:\Firmware\EZ\EZ\firmware\EmberZNet\EM35x\build\alarm-l #
#                    ibrary-cortexm3-iar-em357-em3xx-debug\alarm-library.a    #
#                    D:\Firmware\EZ\EZ\firmware\EmberZNet\EM35x\build\binding #
#                    -table-stub-library-cortexm3-iar-em357-em3xx\binding-tab #
#                    le-stub-library.a D:\Firmware\EZ\EZ\firmware\EmberZNet\E #
#                    M35x\build\cbke-stub-library-cortexm3-iar-em357-em3xx\cb #
#                    ke-stub-library.a D:\Firmware\EZ\EZ\firmware\EmberZNet\E #
#                    M35x\build\end-device-bind-stub-library-cortexm3-iar-em3 #
#                    57-em3xx\end-device-bind-stub-library.a                  #
#                    D:\Firmware\EZ\EZ\firmware\EmberZNet\EM35x\build\hal-lib #
#                    rary-cortexm3-iar-em357-em3xx-debug\hal-library.a        #
#                    D:\Firmware\EZ\EZ\firmware\EmberZNet\EM35x\build\install #
#                    -code-library-stub-cortexm3-iar-em357-em3xx\install-code #
#                    -library-stub.a D:\Firmware\EZ\EZ\firmware\EmberZNet\EM3 #
#                    5x\build\multi-network-stub-library-cortexm3-iar-em357-e #
#                    m3xx\multi-network-stub-library.a                        #
#                    D:\Firmware\EZ\EZ\firmware\EmberZNet\EM35x\build\packet- #
#                    validate-library-cortexm3-iar-em357-em3xx-debug\packet-v #
#                    alidate-library.a D:\Firmware\EZ\EZ\firmware\EmberZNet\E #
#                    M35x\build\security-library-core-cortexm3-iar-em357-em3x #
#                    x-debug\security-library-core.a                          #
#                    D:\Firmware\EZ\EZ\firmware\EmberZNet\EM35x\build\securit #
#                    y-library-link-keys-stub-cortexm3-iar-em357-em3xx\securi #
#                    ty-library-link-keys-stub.a                              #
#                    D:\Firmware\EZ\EZ\firmware\EmberZNet\EM35x\build\standal #
#                    one-bootloader-demo-v2-cortexm3-iar-em357-em3xx-dev0680- #
#                    enable_bootload_print-debug\Obj\adc.o                    #
#                    D:\Firmware\EZ\EZ\firmware\EmberZNet\EM35x\build\standal #
#                    one-bootloader-demo-v2-cortexm3-iar-em357-em3xx-dev0680- #
#                    enable_bootload_print-debug\Obj\bootload-utils.o         #
#                    D:\Firmware\EZ\EZ\firmware\EmberZNet\EM35x\build\standal #
#                    one-bootloader-demo-v2-cortexm3-iar-em357-em3xx-dev0680- #
#                    enable_bootload_print-debug\Obj\bootloader-demo-v2.o     #
#                    D:\Firmware\EZ\EZ\firmware\EmberZNet\EM35x\build\standal #
#                    one-bootloader-demo-v2-cortexm3-iar-em357-em3xx-dev0680- #
#                    enable_bootload_print-debug\Obj\bootloader-interface-app #
#                    .o D:\Firmware\EZ\EZ\firmware\EmberZNet\EM35x\build\stan #
#                    dalone-bootloader-demo-v2-cortexm3-iar-em357-em3xx-dev06 #
#                    80-enable_bootload_print-debug\Obj\bootloader-interface- #
#                    standalone.o D:\Firmware\EZ\EZ\firmware\EmberZNet\EM35x\ #
#                    build\standalone-bootloader-demo-v2-cortexm3-iar-em357-e #
#                    m3xx-dev0680-enable_bootload_print-debug\Obj\bootloader- #
#                    interface.o D:\Firmware\EZ\EZ\firmware\EmberZNet\EM35x\b #
#                    uild\standalone-bootloader-demo-v2-cortexm3-iar-em357-em #
#                    3xx-dev0680-enable_bootload_print-debug\Obj\button.o     #
#                    D:\Firmware\EZ\EZ\firmware\EmberZNet\EM35x\build\standal #
#                    one-bootloader-demo-v2-cortexm3-iar-em357-em3xx-dev0680- #
#                    enable_bootload_print-debug\Obj\buzzer.o                 #
#                    D:\Firmware\EZ\EZ\firmware\EmberZNet\EM35x\build\standal #
#                    one-bootloader-demo-v2-cortexm3-iar-em357-em3xx-dev0680- #
#                    enable_bootload_print-debug\Obj\command-interpreter2.o   #
#                    D:\Firmware\EZ\EZ\firmware\EmberZNet\EM35x\build\standal #
#                    one-bootloader-demo-v2-cortexm3-iar-em357-em3xx-dev0680- #
#                    enable_bootload_print-debug\Obj\common-onboard.o         #
#                    D:\Firmware\EZ\EZ\firmware\EmberZNet\EM35x\build\standal #
#                    one-bootloader-demo-v2-cortexm3-iar-em357-em3xx-dev0680- #
#                    enable_bootload_print-debug\Obj\common.o                 #
#                    D:\Firmware\EZ\EZ\firmware\EmberZNet\EM35x\build\standal #
#                    one-bootloader-demo-v2-cortexm3-iar-em357-em3xx-dev0680- #
#                    enable_bootload_print-debug\Obj\crc.o                    #
#                    D:\Firmware\EZ\EZ\firmware\EmberZNet\EM35x\build\standal #
#                    one-bootloader-demo-v2-cortexm3-iar-em357-em3xx-dev0680- #
#                    enable_bootload_print-debug\Obj\cstartup-iar-common.o    #
#                    D:\Firmware\EZ\EZ\firmware\EmberZNet\EM35x\build\standal #
#                    one-bootloader-demo-v2-cortexm3-iar-em357-em3xx-dev0680- #
#                    enable_bootload_print-debug\Obj\diagnostic.o             #
#                    D:\Firmware\EZ\EZ\firmware\EmberZNet\EM35x\build\standal #
#                    one-bootloader-demo-v2-cortexm3-iar-em357-em3xx-dev0680- #
#                    enable_bootload_print-debug\Obj\ember-configuration.o    #
#                    D:\Firmware\EZ\EZ\firmware\EmberZNet\EM35x\build\standal #
#                    one-bootloader-demo-v2-cortexm3-iar-em357-em3xx-dev0680- #
#                    enable_bootload_print-debug\Obj\endian.o                 #
#                    D:\Firmware\EZ\EZ\firmware\EmberZNet\EM35x\build\standal #
#                    one-bootloader-demo-v2-cortexm3-iar-em357-em3xx-dev0680- #
#                    enable_bootload_print-debug\Obj\faults.o                 #
#                    D:\Firmware\EZ\EZ\firmware\EmberZNet\EM35x\build\standal #
#                    one-bootloader-demo-v2-cortexm3-iar-em357-em3xx-dev0680- #
#                    enable_bootload_print-debug\Obj\form-and-join-node-adapt #
#                    er.o D:\Firmware\EZ\EZ\firmware\EmberZNet\EM35x\build\st #
#                    andalone-bootloader-demo-v2-cortexm3-iar-em357-em3xx-dev #
#                    0680-enable_bootload_print-debug\Obj\form-and-join-node- #
#                    callbacks.o D:\Firmware\EZ\EZ\firmware\EmberZNet\EM35x\b #
#                    uild\standalone-bootloader-demo-v2-cortexm3-iar-em357-em #
#                    3xx-dev0680-enable_bootload_print-debug\Obj\form-and-joi #
#                    n.o D:\Firmware\EZ\EZ\firmware\EmberZNet\EM35x\build\sta #
#                    ndalone-bootloader-demo-v2-cortexm3-iar-em357-em3xx-dev0 #
#                    680-enable_bootload_print-debug\Obj\isr-stubs.o          #
#                    D:\Firmware\EZ\EZ\firmware\EmberZNet\EM35x\build\standal #
#                    one-bootloader-demo-v2-cortexm3-iar-em357-em3xx-dev0680- #
#                    enable_bootload_print-debug\Obj\led.o                    #
#                    D:\Firmware\EZ\EZ\firmware\EmberZNet\EM35x\build\standal #
#                    one-bootloader-demo-v2-cortexm3-iar-em357-em3xx-dev0680- #
#                    enable_bootload_print-debug\Obj\library.o                #
#                    D:\Firmware\EZ\EZ\firmware\EmberZNet\EM35x\build\standal #
#                    one-bootloader-demo-v2-cortexm3-iar-em357-em3xx-dev0680- #
#                    enable_bootload_print-debug\Obj\mem-util.o               #
#                    D:\Firmware\EZ\EZ\firmware\EmberZNet\EM35x\build\standal #
#                    one-bootloader-demo-v2-cortexm3-iar-em357-em3xx-dev0680- #
#                    enable_bootload_print-debug\Obj\mfg-token.o              #
#                    D:\Firmware\EZ\EZ\firmware\EmberZNet\EM35x\build\standal #
#                    one-bootloader-demo-v2-cortexm3-iar-em357-em3xx-dev0680- #
#                    enable_bootload_print-debug\Obj\micro-common.o           #
#                    D:\Firmware\EZ\EZ\firmware\EmberZNet\EM35x\build\standal #
#                    one-bootloader-demo-v2-cortexm3-iar-em357-em3xx-dev0680- #
#                    enable_bootload_print-debug\Obj\micro.o                  #
#                    D:\Firmware\EZ\EZ\firmware\EmberZNet\EM35x\build\standal #
#                    one-bootloader-demo-v2-cortexm3-iar-em357-em3xx-dev0680- #
#                    enable_bootload_print-debug\Obj\mpu.o                    #
#                    D:\Firmware\EZ\EZ\firmware\EmberZNet\EM35x\build\standal #
#                    one-bootloader-demo-v2-cortexm3-iar-em357-em3xx-dev0680- #
#                    enable_bootload_print-debug\Obj\random.o                 #
#                    D:\Firmware\EZ\EZ\firmware\EmberZNet\EM35x\build\standal #
#                    one-bootloader-demo-v2-cortexm3-iar-em357-em3xx-dev0680- #
#                    enable_bootload_print-debug\Obj\serial.o                 #
#                    D:\Firmware\EZ\EZ\firmware\EmberZNet\EM35x\build\standal #
#                    one-bootloader-demo-v2-cortexm3-iar-em357-em3xx-dev0680- #
#                    enable_bootload_print-debug\Obj\sim-eeprom.o             #
#                    D:\Firmware\EZ\EZ\firmware\EmberZNet\EM35x\build\standal #
#                    one-bootloader-demo-v2-cortexm3-iar-em357-em3xx-dev0680- #
#                    enable_bootload_print-debug\Obj\sleep.o                  #
#                    D:\Firmware\EZ\EZ\firmware\EmberZNet\EM35x\build\standal #
#                    one-bootloader-demo-v2-cortexm3-iar-em357-em3xx-dev0680- #
#                    enable_bootload_print-debug\Obj\token-def.o              #
#                    D:\Firmware\EZ\EZ\firmware\EmberZNet\EM35x\build\standal #
#                    one-bootloader-demo-v2-cortexm3-iar-em357-em3xx-dev0680- #
#                    enable_bootload_print-debug\Obj\token.o                  #
#                    D:\Firmware\EZ\EZ\firmware\EmberZNet\EM35x\build\standal #
#                    one-bootloader-demo-v2-cortexm3-iar-em357-em3xx-dev0680- #
#                    enable_bootload_print-debug\Obj\uart.o                   #
#                    D:\Firmware\EZ\EZ\firmware\EmberZNet\EM35x\build\zigbee- #
#                    pro-stack-cortexm3-iar-em357-em3xx-debug\zigbee-pro-stac #
#                    k.a D:\Firmware\EZ\EZ\firmware\EmberZNet\EM35x\build\zll #
#                    -stub-library-cortexm3-iar-em357-em3xx\zll-stub-library. #
#                    a --redirect _Printf=_PrintfFull --redirect              #
#                    _Scanf=_ScanfFull -o D:\Firmware\EZ\EZ\firmware\EmberZNe #
#                    t\EM35x\build\standalone-bootloader-demo-v2-cortexm3-iar #
#                    -em357-em3xx-dev0680-enable_bootload_print-debug\Exe\sta #
#                    ndalone-bootloader-demo-v2.out --map                     #
#                    D:\Firmware\EZ\EZ\firmware\EmberZNet\EM35x\build\standal #
#                    one-bootloader-demo-v2-cortexm3-iar-em357-em3xx-dev0680- #
#                    enable_bootload_print-debug\Lst\standalone-bootloader-de #
#                    mo-v2.map --log initialization,modules,sections,veneers  #
#                    --log_file D:\Firmware\EZ\EZ\firmware\EmberZNet\EM35x\bu #
#                    ild\standalone-bootloader-demo-v2-cortexm3-iar-em357-em3 #
#                    xx-dev0680-enable_bootload_print-debug\Lst\standalone-bo #
#                    otloader-demo-v2.log --config                            #
#                    D:\Firmware\EZ\EZ\firmware\EmberZNet\EM35x\app\standalon #
#                    e-bootloader-demo\ewb-em357/../../../hal/micro/cortexm3/ #
#                    em35x/em357/iar-cfg.icf --diag_suppress Lp012 --entry    #
#                    halEntryPoint --vfe                                      #
#                                                                             #
#                                                                             #
###############################################################################

*******************************************************************************
*** RUNTIME MODEL ATTRIBUTES
***

CppFlavor       = *
__SystemLibrary = DLib


*******************************************************************************
*** PLACEMENT SUMMARY
***

"BAT": place at 0x08000000 { section BAT };
"HEADERS":
       place at start of [0x08002000-0x080020ff] { block HEADER_block };
"APP ro":
       place at start of [0x08002100-0x0802ffff] { block APPRO_block };
"NVM&SIMEE":
       place at end of [0x08002100-0x0802ffff] {
          zi section NVM, zi section SIMEE, zi section INTERNAL_STORAGE };
"FAT": place at 0x08040000 { section FAT };
"DEBUGCHAN":
       place at start of [0x20002ff0-0x20002fff] { rw section DEBUG_CHANNEL };
"APP rw":
       place at end of [0x20000000-0x20002fef] { block APPRW_block };
"Heap":
       place at start of [0x20000000-0x20002fef] { overlay EMHEAP_overlay };
"Guard":
       place in [from 0x20000000 to 0x20002fef] { rw section GUARD_REGION };

  Section                 Kind        Address     Size  Object
  -------                 ----        -------     ----  ------
"BAT":                                            0x54
  BAT                     uninit   0x08000000     0x54  cstartup-iar-common.o [1]
                                 - 0x08000054     0x54

"HEADERS":                                        0xac
  HEADER_block                     0x08002000     0xac  <Block>
    AAT                   const    0x08002000     0xac  cstartup-iar-common.o [1]
                                 - 0x080020ac     0xac

"APP ro":                                      0x18cd4
  APPRO_block                      0x08002100  0x18cd4  <Block>
    .intvec               const    0x08002100     0x90  cstartup-iar-common.o [1]
    .text                          0x08002190  0x17278  <Block>
      .text               ro code  0x08002190    0x150  adc.o [1]
      .text               ro code  0x080022e0    0x5bc  analogue.o [15]
      .text               ro code  0x0800289c     0xf0  analogue-cell-bias.o [15]
      .text               ro code  0x0800298c     0x90  mfg-token.o [1]
      .text               ro code  0x08002a1c    0x1c0  token.o [1]
      .text               ro code  0x08002bdc    0x548  phy.o [15]
      .text               ro code  0x08003124     0x50  analogue-filter.o [15]
      .text               ro code  0x08003174    0x89c  phy-common.o [15]
      .text               ro code  0x08003a10    0x3ba  clocks.o [8]
      .text               ro code  0x08003dcc    0x152  micro-common-internal.o [8]
      .text               ro code  0x08003f20    0x35c  micro.o [1]
      .text               ro code  0x0800427c     0xd4  analogue-vco.o [15]
      .text               ro code  0x08004350    0x268  analogue-mod-dac.o [15]
      .text               ro code  0x080045b8    0x1aa  analogue-lna.o [15]
      .text               ro code  0x08004764    0x11c  caladc.o [8]
      .text               ro code  0x08004880    0x2fc  diagnostic.o [1]
      .text               ro code  0x08004b7c    0x100  mem-util.o [1]
      .text               ro code  0x08004c7c    0x144  sim-eeprom.o [1]
      .text               ro code  0x08004dc0    0xad8  sim-eeprom-internal.o [8]
      .text               ro code  0x08005898      0xc  spmr.o [8]
      .text               ro code  0x080058a4      0x6  spmr.o [8]
      .text               ro code  0x080058ac    0x5c0  mac-indirect.o [15]
      .text               ro code  0x08005e6c     0x40  child-table.o [15]
      .text               ro code  0x08005eac    0x1f8  ember-multi-network-stub.o [10]
      .text               ro code  0x080060a4    0x2cc  mac-receive.o [15]
      .text               ro code  0x08006370    0x1b8  mac-em250.o [15]
      .text               ro code  0x08006528     0xae  aes.o [15]
      .text               ro code  0x080065d6      0x8  abs.o [6]
      .text               ro code  0x080065e0     0x64  random.o [1]
      .text               ro code  0x08006644      0xe  spmr.o [8]
      .text               ro code  0x08006654      0x8  spmr.o [8]
      .text               ro code  0x0800665c    0x940  sleep.o [1]
      .text               ro code  0x08006f9c     0x18  eui64.o [15]
      .text               ro code  0x08006fb4      0x4  spmr.o [8]
      .text               ro code  0x08006fb8      0xe  spmr.o [8]
      .text               ro code  0x08006fc8      0x8  context-switch.o [8]
      .text               ro code  0x08006fd0      0x4  spmr.o [8]
      .text               ro code  0x08006fd4     0xcc  micro-common.o [1]
      .text               ro code  0x080070a0    0x3dc  uart.o [1]
      .text               ro code  0x0800747c    0x1cc  button.o [1]
      .text               ro code  0x08007648    0x198  micro-internal.o [8]
      .text               ro code  0x080077e0     0xc8  cstartup-iar-common.o [1]
      .text               ro code  0x080078a8    0x404  debug.o [15]
      .text               ro code  0x08007cac    0x656  serial.o [1]
      .text               ro code  0x08008304    0x128  flash.o [8]
      .text               ro code  0x0800842c    0x194  ember-configuration.o [1]
      .text               ro code  0x080085c0    0x100  system-timer.o [8]
      .text               ro code  0x080086c0    0x254  packet-header.o [15]
      .text               ro code  0x08008914    0x6e8  packet-buffer.o [15]
      .text               ro code  0x08008ffc    0x258  event-control.o [15]
      .text               ro code  0x08009254    0x418  mac-arbiter.o [15]
      .text               ro code  0x0800966c     0x22  I64Shl.o [12]
      .text               ro code  0x08009690   0x138c  network.o [15]
      .text               ro code  0x0800aa1c    0x400  mac.o [15]
      .text               ro code  0x0800ae1c    0x734  child.o [15]
      .text               ro code  0x0800b550    0xe8c  bootloader-demo-v2.o [1]
      .text               ro code  0x0800c3dc    0x32c  mac-header.o [15]
      .text               ro code  0x0800c708     0xfe  led.o [1]
      .text               ro code  0x0800c808     0x60  symbol-timer.o [15]
      .text               ro code  0x0800c868     0x44  byte-utilities.o [15]
      .text               ro code  0x0800c8ac     0x94  mpu.o [1]
      .text               ro code  0x0800c940    0x272  debug-jtag.o [15]
      .text               ro code  0x0800cbb4    0x148  ember-stack-common.o [15]
      .text               ro code  0x0800ccfc    0x218  jit.o [15]
      .text               ro code  0x0800cf14    0x3ce  command.o [15]
      .text               ro code  0x0800d2e4    0x408  scan.o [15]
      .text               ro code  0x0800d6ec    0x3c0  route-table.o [15]
      .text               ro code  0x0800daac    0x150  broadcast.o [15]
      .text               ro code  0x0800dbfc    0x292  retry.o [15]
      .text               ro code  0x0800de90     0x64  unicast-table.o [15]
      .text               ro code  0x0800def4    0x648  neighbor.o [15]
      .text               ro code  0x0800e53c    0x5de  crypto.o [15]
      .text               ro code  0x0800eb1c    0x388  zigbee-stack.o [15]
      .text               ro code  0x0800eea4    0x580  zigbee-packet-header.o [15]
      .text               ro code  0x0800f424    0x774  route-discovery.o [15]
      .text               ro code  0x0800fb98    0x7e4  application-support.o [15]
      .text               ro code  0x0801037c    0xc14  aps-security.o [13]
      .text               ro code  0x08010f90   0x15e0  association.o [15]
      .text               ro code  0x08012570    0x1f4  zigbee-neighbor.o [15]
      .text               ro code  0x08012764     0x2a  zll-stubs.o [16]
      .text               ro code  0x08012790    0x2b4  packet-validate.o [11]
      .text               ro code  0x08012a44    0x2ec  random-id.o [15]
      .text               ro code  0x08012d30    0x148  route-error.o [15]
      .text               ro code  0x08012e78    0x3a0  leave.o [15]
      .text               ro code  0x08013218    0x35c  neighbor-exchange.o [15]
      .text               ro code  0x08013574    0x344  management.o [15]
      .text               ro code  0x080138b8    0x2ec  address-table.o [15]
      .text               ro code  0x08013ba4    0x17c  child-aging.o [15]
      .text               ro code  0x08013d20   0x1520  bootload-utils.o [1]
      .text               ro code  0x08015240    0x88c  aps-retry.o [15]
      .text               ro code  0x08015acc    0x208  alarm.o [3]
      .text               ro code  0x08015cd4    0x1c8  buzzer.o [1]
      .text               ro code  0x08015e9c    0xaac  command-interpreter2.o [1]
      .text               ro code  0x08016948    0x190  common.o [1]
      .text               ro code  0x08016ad8     0xa4  bootloader-interface-standalone.o [1]
      .text               ro code  0x08016b7c     0x76  ABImemcpy.o [12]
      .text               ro code  0x08016bf4     0xd4  zigbee-dispatch.o [15]
      .text               ro code  0x08016cc8     0x32  crc.o [1]
      .text               ro code  0x08016cfa     0x4c  form-and-join-node-callbacks.o [1]
      .text               ro code  0x08016d48     0xf0  token-cache.o [15]
      .text               ro code  0x08016e38     0x12  phy-util.o [15]
      .text               ro code  0x08016e4a     0x22  binding-table-stub.o [4]
      .text               ro code  0x08016e6c     0x14  cbke-crypto-engine-stub.o [5]
      .text               ro code  0x08016e80    0x370  zdo-channel.o [15]
      .text               ro code  0x080171f0    0x3cc  aps-keys.o [13]
      .text               ro code  0x080175bc    0x2b8  aps-encryption.o [13]
      .text               ro code  0x08017874    0x4f0  zigbee-device-util.o [15]
      .text               ro code  0x08017d64      0x4  install-code-stub.o [9]
      .text               ro code  0x08017d68      0x4  aps-skke-stub.o [13]
      .text               ro code  0x08017d6c    0x4a0  trust-center-util.o [13]
      .text               ro code  0x0801820c      0xe  aps-keys-full-stub.o [14]
      .text               ro code  0x0801821a      0x8  high-security-stub.o [13]
      .text               ro code  0x08018224     0x38  common-onboard.o [1]
      .text               ro code  0x0801825c      0xc  bootloader-interface.o [1]
      .text               ro code  0x08018268    0x3c8  form-and-join.o [1]
      .text               ro code  0x08018630     0x62  hmac.o [13]
      .text               ro code  0x08018692    0x15c  aes-mmo.o [13]
      .text               ro code  0x080187f0    0x84c  zigbee-device.o [15]
      .text               ro code  0x0801903c      0x8  end-device-bind-stub.o [7]
      .text               ro code  0x08019044     0x6c  form-and-join-node-adapter.o [1]
      .text               ro code  0x080190b0     0x80  faults.o [1]
      .text               ro code  0x08019130      0x0  isr-stubs.o [1]
      .text               ro code  0x08019130      0x0  isr-stubs.o [1]
      .text               ro code  0x08019130      0x0  isr-stubs.o [1]
      .text               ro code  0x08019130      0x0  isr-stubs.o [1]
      .text               ro code  0x08019130      0x0  isr-stubs.o [1]
      .text               ro code  0x08019130      0x0  isr-stubs.o [1]
      .text               ro code  0x08019130      0x0  isr-stubs.o [1]
      .text               ro code  0x08019130      0x0  isr-stubs.o [1]
      .text               ro code  0x08019130      0x0  isr-stubs.o [1]
      .text               ro code  0x08019130      0x0  isr-stubs.o [1]
      .text               ro code  0x08019130      0x0  isr-stubs.o [1]
      .text               ro code  0x08019130      0x0  isr-stubs.o [1]
      .text               ro code  0x08019130      0x0  isr-stubs.o [1]
      .text               ro code  0x08019130      0x4  isr-stubs.o [1]
      .text               ro code  0x08019134    0x1d0  cstartup-iar.o [8]
      .text               ro code  0x08019304      0x6  ABImemclr.o [12]
      .text               ro code  0x0801930c      0x6  ABImemclr4.o [12]
      .text               ro code  0x08019314     0x10  context-switch.o [8]
      .text               ro code  0x08019324     0x5e  ABImemset.o [12]
      .text               ro code  0x08019384     0x32  ABImemset48.o [12]
      .text               ro code  0x080193b8     0x38  context-switch.o [8]
      .text               ro code  0x080193f0     0x18  cal-pads.o [15]
    .rodata               const    0x08019408     0x24  bootload-utils.o [1]
    .rodata               const    0x0801942c     0x1c  bootload-utils.o [1]
    .rodata               const    0x08019448     0x24  bootload-utils.o [1]
    .rodata               const    0x0801946c     0x14  bootload-utils.o [1]
    .rodata               const    0x08019480     0x24  bootload-utils.o [1]
    .rodata               const    0x080194a4     0x2c  bootload-utils.o [1]
    .rodata               const    0x080194d0     0x20  bootload-utils.o [1]
    .rodata               const    0x080194f0     0x20  bootload-utils.o [1]
    .rodata               const    0x08019510     0x14  bootload-utils.o [1]
    .rodata               const    0x08019524     0x14  bootload-utils.o [1]
    .rodata               const    0x08019538     0x1c  bootload-utils.o [1]
    .rodata               const    0x08019554     0x2c  bootload-utils.o [1]
    .rodata               const    0x08019580     0x10  bootload-utils.o [1]
    .rodata               const    0x08019590     0x2c  bootload-utils.o [1]
    .rodata               const    0x080195bc     0x40  bootload-utils.o [1]
    .rodata               const    0x080195fc     0x30  bootload-utils.o [1]
    .rodata               const    0x0801962c     0x2c  bootload-utils.o [1]
    .rodata               const    0x08019658     0x2c  bootload-utils.o [1]
    .rodata               const    0x08019684     0x18  bootload-utils.o [1]
    .rodata               const    0x0801969c     0x1c  bootload-utils.o [1]
    .rodata               const    0x080196b8     0x14  bootload-utils.o [1]
    .rodata               const    0x080196cc     0x10  bootload-utils.o [1]
    .rodata               const    0x080196dc     0x28  bootload-utils.o [1]
    .rodata               const    0x08019704     0x2c  bootload-utils.o [1]
    .rodata               const    0x08019730     0x2c  bootload-utils.o [1]
    .rodata               const    0x0801975c     0x14  bootload-utils.o [1]
    .rodata               const    0x08019770     0x18  bootload-utils.o [1]
    .rodata               const    0x08019788     0x1c  bootload-utils.o [1]
    .rodata               const    0x080197a4     0x28  bootload-utils.o [1]
    .rodata               const    0x080197cc     0x20  bootload-utils.o [1]
    .rodata               const    0x080197ec     0x28  bootload-utils.o [1]
    .rodata               const    0x08019814     0x14  bootload-utils.o [1]
    .rodata               const    0x08019828     0x24  bootload-utils.o [1]
    .rodata               const    0x0801984c     0x24  bootload-utils.o [1]
    .rodata               const    0x08019870     0x24  bootload-utils.o [1]
    .rodata               const    0x08019894     0x2c  bootload-utils.o [1]
    .rodata               const    0x080198c0     0x38  bootload-utils.o [1]
    .rodata               const    0x080198f8     0x18  bootload-utils.o [1]
    .rodata               const    0x08019910     0x18  bootload-utils.o [1]
    .rodata               const    0x08019928     0x20  bootload-utils.o [1]
    .rodata               const    0x08019948      0xc  bootload-utils.o [1]
    .rodata               const    0x08019954     0x1c  bootload-utils.o [1]
    .rodata               const    0x08019970     0x14  bootload-utils.o [1]
    .rodata               const    0x08019984     0x1c  bootloader-demo-v2.o [1]
    .rodata               const    0x080199a0      0x8  bootloader-demo-v2.o [1]
    .rodata               const    0x080199a8     0x10  bootloader-demo-v2.o [1]
    .rodata               const    0x080199b8      0x8  bootloader-demo-v2.o [1]
    .rodata               const    0x080199c0     0x14  bootloader-demo-v2.o [1]
    .rodata               const    0x080199d4      0x8  bootloader-demo-v2.o [1]
    .rodata               const    0x080199dc     0x1c  bootloader-demo-v2.o [1]
    .rodata               const    0x080199f8      0x8  bootloader-demo-v2.o [1]
    .rodata               const    0x08019a00     0x28  bootloader-demo-v2.o [1]
    .rodata               const    0x08019a28      0x8  bootloader-demo-v2.o [1]
    .rodata               const    0x08019a30     0x18  bootloader-demo-v2.o [1]
    .rodata               const    0x08019a48     0x10  bootloader-demo-v2.o [1]
    .rodata               const    0x08019a58     0x2c  bootloader-demo-v2.o [1]
    .rodata               const    0x08019a84     0x10  bootloader-demo-v2.o [1]
    .rodata               const    0x08019a94     0x28  bootloader-demo-v2.o [1]
    .rodata               const    0x08019abc      0x8  bootloader-demo-v2.o [1]
    .rodata               const    0x08019ac4      0x4  bootloader-demo-v2.o [1]
    .rodata               const    0x08019ac8     0x20  bootloader-demo-v2.o [1]
    .rodata               const    0x08019ae8      0x8  bootloader-demo-v2.o [1]
    .rodata               const    0x08019af0     0x2c  bootloader-demo-v2.o [1]
    .rodata               const    0x08019b1c      0x8  bootloader-demo-v2.o [1]
    .rodata               const    0x08019b24     0x30  bootloader-demo-v2.o [1]
    .rodata               const    0x08019b54      0x8  bootloader-demo-v2.o [1]
    .rodata               const    0x08019b5c      0x8  bootloader-demo-v2.o [1]
    .rodata               const    0x08019b64     0x10  bootloader-demo-v2.o [1]
    .rodata               const    0x08019b74      0xc  bootloader-demo-v2.o [1]
    .rodata               const    0x08019b80      0xc  bootloader-demo-v2.o [1]
    .rodata               const    0x08019b8c      0xc  bootloader-demo-v2.o [1]
    .rodata               const    0x08019b98      0xc  bootloader-demo-v2.o [1]
    .rodata               const    0x08019ba4      0x8  bootloader-demo-v2.o [1]
    .rodata               const    0x08019bac     0x10  bootloader-demo-v2.o [1]
    .rodata               const    0x08019bbc     0x14  bootloader-demo-v2.o [1]
    .rodata               const    0x08019bd0     0x20  bootloader-demo-v2.o [1]
    .rodata               const    0x08019bf0      0xc  bootloader-demo-v2.o [1]
    .rodata               const    0x08019bfc     0x18  bootloader-demo-v2.o [1]
    .rodata               const    0x08019c14     0x18  bootloader-demo-v2.o [1]
    .rodata               const    0x08019c2c     0x18  bootloader-demo-v2.o [1]
    .rodata               const    0x08019c44     0x34  bootloader-demo-v2.o [1]
    .rodata               const    0x08019c78     0x1c  bootloader-demo-v2.o [1]
    .rodata               const    0x08019c94     0x20  bootloader-demo-v2.o [1]
    .rodata               const    0x08019cb4     0x2c  bootloader-demo-v2.o [1]
    .rodata               const    0x08019ce0     0x14  bootloader-demo-v2.o [1]
    .rodata               const    0x08019cf4     0x18  bootloader-demo-v2.o [1]
    .rodata               const    0x08019d0c     0x14  bootloader-demo-v2.o [1]
    .rodata               const    0x08019d20      0x8  bootloader-demo-v2.o [1]
    .rodata               const    0x08019d28     0x14  bootloader-demo-v2.o [1]
    .rodata               const    0x08019d3c      0xc  bootloader-demo-v2.o [1]
    .rodata               const    0x08019d48      0xc  bootloader-demo-v2.o [1]
    .rodata               const    0x08019d54      0x8  bootloader-demo-v2.o [1]
    .rodata               const    0x08019d5c      0xc  bootloader-demo-v2.o [1]
    .rodata               const    0x08019d68     0x14  bootloader-demo-v2.o [1]
    .rodata               const    0x08019d7c     0x14  bootloader-demo-v2.o [1]
    .rodata               const    0x08019d90     0x10  bootloader-demo-v2.o [1]
    .rodata               const    0x08019da0     0x10  bootloader-demo-v2.o [1]
    .rodata               const    0x08019db0     0x20  bootloader-demo-v2.o [1]
    .rodata               const    0x08019dd0     0x28  bootloader-demo-v2.o [1]
    .rodata               const    0x08019df8     0x14  bootloader-demo-v2.o [1]
    .rodata               const    0x08019e0c     0x20  bootloader-demo-v2.o [1]
    .rodata               const    0x08019e2c     0x14  bootloader-demo-v2.o [1]
    .rodata               const    0x08019e40     0x14  bootloader-demo-v2.o [1]
    .rodata               const    0x08019e54     0x20  bootloader-demo-v2.o [1]
    .rodata               const    0x08019e74     0x14  bootloader-demo-v2.o [1]
    .rodata               const    0x08019e88     0x1c  bootloader-demo-v2.o [1]
    .rodata               const    0x08019ea4     0x20  bootloader-demo-v2.o [1]
    .rodata               const    0x08019ec4     0x28  bootloader-demo-v2.o [1]
    .rodata               const    0x08019eec     0x1c  bootloader-demo-v2.o [1]
    .rodata               const    0x08019f08     0x20  bootloader-demo-v2.o [1]
    .rodata               const    0x08019f28     0x10  bootloader-demo-v2.o [1]
    .rodata               const    0x08019f38     0x28  bootloader-demo-v2.o [1]
    .rodata               const    0x08019f60     0x28  bootloader-demo-v2.o [1]
    .rodata               const    0x08019f88     0x28  bootloader-demo-v2.o [1]
    .rodata               const    0x08019fb0     0x34  bootloader-demo-v2.o [1]
    .rodata               const    0x08019fe4     0x18  bootloader-demo-v2.o [1]
    .rodata               const    0x08019ffc     0x24  bootloader-demo-v2.o [1]
    .rodata               const    0x0801a020     0x14  bootloader-demo-v2.o [1]
    .rodata               const    0x0801a034     0x14  bootloader-demo-v2.o [1]
    .rodata               const    0x0801a048     0x10  bootloader-demo-v2.o [1]
    .rodata               const    0x0801a058     0x2c  bootloader-demo-v2.o [1]
    .rodata               const    0x0801a084     0x14  bootloader-demo-v2.o [1]
    .rodata               const    0x0801a098     0x24  bootloader-demo-v2.o [1]
    .rodata               const    0x0801a0bc     0x34  bootloader-demo-v2.o [1]
    .rodata               const    0x0801a0f0     0x10  bootloader-demo-v2.o [1]
    .rodata               const    0x0801a100     0x10  bootloader-demo-v2.o [1]
    .rodata               const    0x0801a110     0x10  bootloader-demo-v2.o [1]
    .rodata               const    0x0801a120     0x28  bootloader-demo-v2.o [1]
    .rodata               const    0x0801a148     0x2c  bootloader-demo-v2.o [1]
    .rodata               const    0x0801a174     0x4c  bootloader-demo-v2.o [1]
    .rodata               const    0x0801a1c0     0x30  bootloader-demo-v2.o [1]
    .rodata               const    0x0801a1f0      0xc  bootloader-demo-v2.o [1]
    .rodata               const    0x0801a1fc     0x10  bootloader-demo-v2.o [1]
    .rodata               const    0x0801a20c     0x20  bootloader-demo-v2.o [1]
    .rodata               const    0x0801a22c      0xc  bootloader-demo-v2.o [1]
    .rodata               const    0x0801a238      0x8  bootloader-demo-v2.o [1]
    .rodata               const    0x0801a240     0x24  bootloader-demo-v2.o [1]
    .rodata               const    0x0801a264     0x30  bootloader-demo-v2.o [1]
    .rodata               const    0x0801a294     0x20  bootloader-demo-v2.o [1]
    .rodata               const    0x0801a2b4     0x10  bootloader-demo-v2.o [1]
    .rodata               const    0x0801a2c4     0x10  bootloader-demo-v2.o [1]
    .rodata               const    0x0801a2d4     0x24  bootloader-demo-v2.o [1]
    .rodata               const    0x0801a2f8      0x8  bootloader-demo-v2.o [1]
    .rodata               const    0x0801a300    0x190  bootloader-demo-v2.o [1]
    .rodata               const    0x0801a490     0x18  bootloader-demo-v2.o [1]
    .rodata               const    0x0801a4a8      0x8  bootloader-demo-v2.o [1]
    .rodata               const    0x0801a4b0      0x8  bootloader-demo-v2.o [1]
    .rodata               const    0x0801a4b8      0x4  bootloader-demo-v2.o [1]
    .rodata               const    0x0801a4bc      0x4  bootloader-demo-v2.o [1]
    .rodata               const    0x0801a4c0     0x14  command-interpreter2.o [1]
    .rodata               const    0x0801a4d4     0x10  command-interpreter2.o [1]
    .rodata               const    0x0801a4e4     0x18  command-interpreter2.o [1]
    .rodata               const    0x0801a4fc     0x14  command-interpreter2.o [1]
    .rodata               const    0x0801a510     0x14  command-interpreter2.o [1]
    .rodata               const    0x0801a524      0xc  command-interpreter2.o [1]
    .rodata               const    0x0801a530     0x10  command-interpreter2.o [1]
    .rodata               const    0x0801a540      0xc  command-interpreter2.o [1]
    .rodata               const    0x0801a54c      0xc  command-interpreter2.o [1]
    .rodata               const    0x0801a558      0xc  command-interpreter2.o [1]
    .rodata               const    0x0801a564      0xc  command-interpreter2.o [1]
    .rodata               const    0x0801a570      0xc  command-interpreter2.o [1]
    .rodata               const    0x0801a57c      0xc  command-interpreter2.o [1]
    .rodata               const    0x0801a588      0x8  command-interpreter2.o [1]
    .rodata               const    0x0801a590      0x8  command-interpreter2.o [1]
    .rodata               const    0x0801a598      0x8  command-interpreter2.o [1]
    .rodata               const    0x0801a5a0     0x40  command-interpreter2.o [1]
    .rodata               const    0x0801a5e0      0x8  command-interpreter2.o [1]
    .rodata               const    0x0801a5e8      0x8  common.o [1]
    .rodata               const    0x0801a5f0     0x24  common.o [1]
    .rodata               const    0x0801a614     0x14  common.o [1]
    .rodata               const    0x0801a628     0x1c  common.o [1]
    .rodata               const    0x0801a644      0xc  common.o [1]
    .rodata               const    0x0801a650     0x14  common.o [1]
    .rodata               const    0x0801a664      0xc  common.o [1]
    .rodata               const    0x0801a670     0x10  cstartup-iar-common.o [1]
    .rodata               const    0x0801a680     0x14  diagnostic.o [1]
    .rodata               const    0x0801a694     0x18  ember-configuration.o [1]
    .rodata               const    0x0801a6ac      0x8  mfg-token.o [1]
    .rodata               const    0x0801a6b4     0x2c  micro.o [1]
    .rodata               const    0x0801a6e0      0x8  serial.o [1]
    .rodata               const    0x0801a6e8      0x8  serial.o [1]
    .rodata               const    0x0801a6f0      0x4  serial.o [1]
    .rodata               const    0x0801a6f4      0x8  serial.o [1]
    .rodata               const    0x0801a6fc      0x8  serial.o [1]
    .rodata               const    0x0801a704     0x24  serial.o [1]
    .rodata               const    0x0801a728     0x10  sim-eeprom.o [1]
    .rodata               const    0x0801a738     0x1c  sim-eeprom.o [1]
    .rodata               const    0x0801a754     0x38  sim-eeprom.o [1]
    .rodata               const    0x0801a78c      0xc  sim-eeprom.o [1]
    .rodata               const    0x0801a798     0x58  sim-eeprom.o [1]
    .rodata               const    0x0801a7f0     0x18  sim-eeprom.o [1]
    .rodata               const    0x0801a808      0x8  sleep.o [1]
    .rodata               const    0x0801a810     0x30  token-def.o [1]
    .rodata               const    0x0801a840     0x18  token-def.o [1]
    .rodata               const    0x0801a858     0x18  token-def.o [1]
    .rodata               const    0x0801a870     0x18  token-def.o [1]
    .rodata               const    0x0801a888      0x4  token-def.o [1]
    .rodata               const    0x0801a88c     0x14  token-def.o [1]
    .rodata               const    0x0801a8a0      0x4  token-def.o [1]
    .rodata               const    0x0801a8a4     0x14  token-def.o [1]
    .rodata               const    0x0801a8b8     0x10  token-def.o [1]
    .rodata               const    0x0801a8c8     0x1c  token-def.o [1]
    .rodata               const    0x0801a8e4      0x8  token-def.o [1]
    .rodata               const    0x0801a8ec      0xc  token-def.o [1]
    .rodata               const    0x0801a8f8      0x4  token-def.o [1]
    .rodata               const    0x0801a8fc     0x14  token-def.o [1]
    .rodata               const    0x0801a910     0x10  token-def.o [1]
    .rodata               const    0x0801a920     0x14  token-def.o [1]
    .rodata               const    0x0801a934     0x1c  token-def.o [1]
    .rodata               const    0x0801a950      0x8  token-def.o [1]
    .rodata               const    0x0801a958      0xc  token-def.o [1]
    .rodata               const    0x0801a964      0x4  token-def.o [1]
    .rodata               const    0x0801a968     0x10  token-def.o [1]
    .rodata               const    0x0801a978      0xc  token-def.o [1]
    .rodata               const    0x0801a984     0x1c  token-def.o [1]
    .rodata               const    0x0801a9a0     0x5c  token-def.o [1]
    .rodata               const    0x0801a9fc     0x5c  token-def.o [1]
    .rodata               const    0x0801aa58      0x4  token.o [1]
    .rodata               const    0x0801aa5c      0x8  token.o [1]
    .rodata               const    0x0801aa64      0x8  uart.o [1]
    .rodata               const    0x0801aa6c     0x28  uart.o [1]
    .rodata               const    0x0801aa94      0x8  ember-version.o [15]
    .rodata               const    0x0801aa9c      0x2  bootloader-demo-v2.o [1]
    .rodata               const    0x0801aa9e      0x2  bootloader-demo-v2.o [1]
    .rodata               const    0x0801aaa0      0x2  bootloader-demo-v2.o [1]
    .rodata               const    0x0801aaa2      0x2  bootloader-demo-v2.o [1]
    .rodata               const    0x0801aaa4      0x2  mfg-token.o [1]
    .rodata               const    0x0801aaa6      0x2  mfg-token.o [1]
    .rodata               const    0x0801aaa8      0x2  mfg-token.o [1]
    .rodata               const    0x0801aaaa      0x2  mfg-token.o [1]
    .rodata               const    0x0801aaac      0x2  mfg-token.o [1]
    .rodata               const    0x0801aaae      0x2  mfg-token.o [1]
    .rodata               const    0x0801aab0      0x2  mfg-token.o [1]
    .rodata               const    0x0801aab2      0x2  mfg-token.o [1]
    .rodata               const    0x0801aab4      0x2  mfg-token.o [1]
    .rodata               const    0x0801aab6      0x2  mfg-token.o [1]
    .rodata               const    0x0801aab8      0x2  mfg-token.o [1]
    .rodata               const    0x0801aaba      0x2  mfg-token.o [1]
    .rodata               const    0x0801aabc      0x2  mfg-token.o [1]
    .rodata               const    0x0801aabe      0x2  mfg-token.o [1]
    .rodata               const    0x0801aac0      0x2  mfg-token.o [1]
    .rodata               const    0x0801aac2      0x2  mfg-token.o [1]
    .rodata               const    0x0801aac4      0x2  mfg-token.o [1]
    .rodata               const    0x0801aac6      0x2  sim-eeprom.o [1]
    .rodata               const    0x0801aac8      0x2  sim-eeprom.o [1]
    .rodata               const    0x0801aaca      0x2  sim-eeprom.o [1]
    .rodata               const    0x0801aacc      0x2  sim-eeprom.o [1]
    .rodata               const    0x0801aace      0x2  sim-eeprom.o [1]
    .rodata               const    0x0801aad0      0x2  sim-eeprom.o [1]
    .rodata               const    0x0801aad2      0x2  sim-eeprom.o [1]
    .rodata               const    0x0801aad4      0x2  sim-eeprom.o [1]
    .rodata               const    0x0801aad6      0x2  token-def.o [1]
    .rodata               const    0x0801aad8      0x2  token-def.o [1]
    .rodata               const    0x0801aada      0x2  token-def.o [1]
    .rodata               const    0x0801aadc      0x1  bootloader-demo-v2.o [1]
    .rodata               const    0x0801aadd      0x1  command-interpreter2.o [1]
    .rodata               const    0x0801aade      0x1  ember-configuration.o [1]
    .rodata               const    0x0801aadf      0x1  sim-eeprom.o [1]
    .rodata               const    0x0801aae0      0x1  aps-skke-stub.o [13]
    .data_init                     0x0801aae4    0x2f0  <Block>
      Initializer bytes   ro data  0x0801aae4    0x2f0  <for .data-1>
                                 - 0x0801add4  0x18cd4

"NVM&SIMEE":                                    0x2000
  SIMEE                            0x0802e000   0x2000  <Block>
    SIMEE                 uninit   0x0802e000   0x2000  sim-eeprom.o [1]
                                 - 0x08030000   0x2000

"FAT":                                            0x2c
  FAT                     uninit   0x08040000     0x2c  cstartup-iar-common.o [1]
                                 - 0x0804002c     0x2c

"Heap":                                          0x680
  EMHEAP_overlay                   0x20000000    0x680  <Overlay>
    part 1:
      EMHEAP              uninit   0x20000000    0x680  ember-configuration.o [1]
    part 2:
      RESETINFO                    0x20000000     0x98  <Block>
        RESETINFO         const    0x20000000      0x0  faults.o [1]
        RESETINFO         const    0x20000000      0x0  isr-stubs.o [1]
        RESETINFO         const    0x20000000      0x0  spmr.o [8]
        RESETINFO         const    0x20000000      0x0  context-switch.o [8]
        RESETINFO         uninit   0x20000000     0x98  cstartup-iar-common.o [1]
                                 - 0x20000680    0x680

"Guard":                                          0x20
  GUARD_REGION            uninit   0x20000680     0x20  cstartup-iar-common.o [1]
                                 - 0x200006a0     0x20

"APP rw":                                       0x11f0
  APPRW_block                      0x20001e00   0x11f0  <Block>
    ALIGN_CSTACK                   0x20001e00    0x758  <Block>
      CSTACK                       0x20001e00    0x758  <Block>
        CSTACK            const    0x20001e00      0x0  faults.o [1]
        CSTACK            const    0x20001e00      0x0  isr-stubs.o [1]
        CSTACK            const    0x20001e00      0x0  spmr.o [8]
        CSTACK            const    0x20001e00      0x0  context-switch.o [8]
        CSTACK            uninit   0x20001e00    0x758  cstartup-iar-common.o [1]
    .data                          0x20002558    0x2f0  <Block>
      .data-1                      0x20002558    0x2ee  <Init block>
        .data             inited   0x20002558      0x8  bootload-utils.o [1]
        .data             inited   0x20002560      0x1  bootload-utils.o [1]
        .data             inited   0x20002561      0x1  bootload-utils.o [1]
        .data             inited   0x20002562      0x1  bootload-utils.o [1]
        .data             inited   0x20002563      0x1  bootload-utils.o [1]
        .data             inited   0x20002564      0x8  bootloader-demo-v2.o [1]
        .data             inited   0x2000256c      0x2  bootloader-demo-v2.o [1]
        .data             inited   0x20002570     0x10  bootloader-demo-v2.o [1]
        .data             inited   0x20002580      0x1  bootloader-demo-v2.o [1]
        .data             inited   0x20002581      0x1  bootloader-demo-v2.o [1]
        .data             inited   0x20002584     0x10  bootloader-demo-v2.o [1]
        .data             inited   0x20002594      0x4  bootloader-demo-v2.o [1]
        .data             inited   0x20002598      0x1  bootloader-demo-v2.o [1]
        .data             inited   0x20002599      0x1  buzzer.o [1]
        .data             inited   0x2000259c     0x20  command-interpreter2.o [1]
        .data             inited   0x200025bc      0x1  common.o [1]
        .data             inited   0x200025bd      0x1  common.o [1]
        .data             inited   0x200025be      0x1  ember-configuration.o [1]
        .data             inited   0x200025bf      0x1  ember-configuration.o [1]
        .data             inited   0x200025c0      0x4  ember-configuration.o [1]
        .data             inited   0x200025c4      0x4  ember-configuration.o [1]
        .data             inited   0x200025c8      0x4  ember-configuration.o [1]
        .data             inited   0x200025cc      0x4  ember-configuration.o [1]
        .data             inited   0x200025d0      0x4  ember-configuration.o [1]
        .data             inited   0x200025d4      0x1  ember-configuration.o [1]
        .data             inited   0x200025d8      0x4  ember-configuration.o [1]
        .data             inited   0x200025dc      0x1  ember-configuration.o [1]
        .data             inited   0x200025e0      0x4  ember-configuration.o [1]
        .data             inited   0x200025e4      0x4  ember-configuration.o [1]
        .data             inited   0x200025e8      0x4  ember-configuration.o [1]
        .data             inited   0x200025ec      0x4  ember-configuration.o [1]
        .data             inited   0x200025f0      0x4  ember-configuration.o [1]
        .data             inited   0x200025f4      0x1  ember-configuration.o [1]
        .data             inited   0x200025f8      0x4  ember-configuration.o [1]
        .data             inited   0x200025fc      0x1  ember-configuration.o [1]
        .data             inited   0x20002600      0x4  ember-configuration.o [1]
        .data             inited   0x20002604      0x1  ember-configuration.o [1]
        .data             inited   0x20002608      0x4  ember-configuration.o [1]
        .data             inited   0x2000260c      0x1  ember-configuration.o [1]
        .data             inited   0x20002610      0x4  ember-configuration.o [1]
        .data             inited   0x20002614      0x1  ember-configuration.o [1]
        .data             inited   0x20002618      0x4  ember-configuration.o [1]
        .data             inited   0x2000261c      0x4  ember-configuration.o [1]
        .data             inited   0x20002620      0x4  ember-configuration.o [1]
        .data             inited   0x20002624      0x1  ember-configuration.o [1]
        .data             inited   0x20002628      0x4  ember-configuration.o [1]
        .data             inited   0x2000262c      0x1  ember-configuration.o [1]
        .data             inited   0x20002630      0x4  ember-configuration.o [1]
        .data             inited   0x20002634      0x2  ember-configuration.o [1]
        .data             inited   0x20002636      0x1  ember-configuration.o [1]
        .data             inited   0x20002638      0x4  ember-configuration.o [1]
        .data             inited   0x2000263c      0x1  ember-configuration.o [1]
        .data             inited   0x2000263d      0x1  ember-configuration.o [1]
        .data             inited   0x2000263e      0x1  ember-configuration.o [1]
        .data             inited   0x2000263f      0x1  ember-configuration.o [1]
        .data             inited   0x20002640      0x2  ember-configuration.o [1]
        .data             inited   0x20002642      0x1  ember-configuration.o [1]
        .data             inited   0x20002643      0x1  ember-configuration.o [1]
        .data             inited   0x20002644      0x1  ember-configuration.o [1]
        .data             inited   0x20002645      0x1  ember-configuration.o [1]
        .data             inited   0x20002646      0x1  form-and-join-node-adapter.o [1]
        .data             inited   0x20002648      0xc  micro.o [1]
        .data             inited   0x20002654      0x4  micro.o [1]
        .data             inited   0x20002658      0xc  micro.o [1]
        .data             inited   0x20002664      0x4  micro.o [1]
        .data             inited   0x20002668     0x40  mpu.o [1]
        .data             inited   0x200026a8      0x2  random.o [1]
        .data             inited   0x200026aa      0x2  random.o [1]
        .data             inited   0x200026ac     0x10  serial.o [1]
        .data             inited   0x200026bc     0x10  serial.o [1]
        .data             inited   0x200026cc      0x9  analogue.o [15]
        .data             inited   0x200026d8      0xe  analogue.o [15]
        .data             inited   0x200026e6      0x1  packet-buffer.o [15]
        .data             inited   0x200026e8      0x6  child.o [15]
        .data             inited   0x200026f0      0x8  zigbee-stack.o [15]
        .data             inited   0x200026f8      0x1  zigbee-stack.o [15]
        .data             inited   0x200026fc     0x24  association.o [15]
        .data             inited   0x20002720      0xc  association.o [15]
        .data             inited   0x2000272c      0xe  leave.o [15]
        .data             inited   0x2000273a      0x4  application-support.o [15]
        .data             inited   0x20002740      0x4  micro-internal.o [8]
        .data             inited   0x20002744      0x1  zigbee-device-util.o [15]
        .data             inited   0x20002748      0x4  debug.o [15]
        .data             inited   0x2000274c     0x24  scan.o [15]
        .data             inited   0x20002770      0xa  clocks.o [8]
        .data             inited   0x2000277a      0x8  analogue-mod-dac.o [15]
        .data             inited   0x20002784     0x1c  phy-common.o [15]
        .data             inited   0x200027a0      0x1  phy-common.o [15]
        .data             inited   0x200027a1      0x2  random-id.o [15]
        .data             inited   0x200027a4      0x4  network.o [15]
        .data             inited   0x200027a8      0x1  network.o [15]
        .data             inited   0x200027ac     0x14  mac-arbiter.o [15]
        .data             inited   0x200027c0      0x8  mac-arbiter.o [15]
        .data             inited   0x200027c8     0x12  mac-indirect.o [15]
        .data             inited   0x200027dc     0x14  zdo-channel.o [15]
        .data             inited   0x200027f0      0x2  mac-em250.o [15]
        .data             inited   0x200027f4     0x10  mac-receive.o [15]
        .data             inited   0x20002804      0xe  aps-retry.o [15]
        .data             inited   0x20002814      0xe  management.o [15]
        .data             inited   0x20002824      0xe  jit.o [15]
        .data             inited   0x20002832      0x2  trust-center-util.o [13]
        .data             inited   0x20002834      0x2  token-cache.o [15]
        .data             inited   0x20002836      0x1  packet-validate.o [11]
        .data             inited   0x20002838      0xa  zigbee-device.o [15]
        .data             inited   0x20002842      0x4  mac-header.o [15]
    DLIB_PERTHREAD_INITIALIZED_DATA
                                   0x20002848      0x0  <Block>
    DLIB_PERTHREAD_ZERO_DATA
                                   0x20002848      0x0  <Block>
    .bss                           0x20002848    0x7a8  <Block>
      .bss                uninit   0x20002848     0x10  mac-indirect.o [15]
      .bss                uninit   0x20002858      0x8  adc.o [1]
      .bss                uninit   0x20002860      0x8  adc.o [1]
      .bss                uninit   0x20002868     0x80  bootload-utils.o [1]
      .bss                uninit   0x200028e8     0x48  bootload-utils.o [1]
      .bss                uninit   0x20002930      0x8  bootload-utils.o [1]
      .bss                uninit   0x20002938     0x10  bootload-utils.o [1]
      .bss                uninit   0x20002948     0x20  bootloader-demo-v2.o [1]
      .bss                uninit   0x20002968      0x8  bootloader-demo-v2.o [1]
      .bss                uninit   0x20002970     0x18  bootloader-demo-v2.o [1]
      .bss                uninit   0x20002988      0x8  bootloader-demo-v2.o [1]
      .bss                uninit   0x20002990      0x4  bootloader-demo-v2.o [1]
      .bss                uninit   0x20002994      0x4  buzzer.o [1]
      .bss                uninit   0x20002998     0x78  command-interpreter2.o [1]
      .bss                uninit   0x20002a10      0x4  command-interpreter2.o [1]
      .bss                uninit   0x20002a14      0x8  common.o [1]
      .bss                uninit   0x20002a1c     0x24  ember-configuration.o [1]
      .bss                uninit   0x20002a40      0x8  form-and-join-node-adapter.o [1]
      .bss                uninit   0x20002a48      0x4  form-and-join.o [1]
      .bss                uninit   0x20002a4c      0x8  form-and-join.o [1]
      .bss                uninit   0x20002a54      0x4  form-and-join.o [1]
      .bss                uninit   0x20002a58      0x4  micro.o [1]
      .bss                uninit   0x20002a5c     0x88  serial.o [1]
      .bss                uninit   0x20002ae4     0x88  serial.o [1]
      .bss                uninit   0x20002b6c     0x48  serial.o [1]
      .bss                uninit   0x20002bb4     0x48  serial.o [1]
      .bss                uninit   0x20002bfc      0x4  serial.o [1]
      .bss                uninit   0x20002c00      0x8  serial.o [1]
      .bss                uninit   0x20002c08     0x60  sim-eeprom.o [1]
      .bss                uninit   0x20002c68      0x4  sleep.o [1]
      .bss                uninit   0x20002c6c      0x4  sleep.o [1]
      .bss                uninit   0x20002c70     0x24  analogue.o [15]
      .bss                uninit   0x20002c94      0x8  eui64.o [15]
      .bss                uninit   0x20002c9c      0xc  zigbee-dispatch.o [15]
      .bss                uninit   0x20002ca8      0x8  system-timer.o [8]
      .bss                uninit   0x20002cb0      0xc  association.o [15]
      .bss                uninit   0x20002cbc      0x8  ember-multi-network-stub.o [10]
      .bss                uninit   0x20002cc4      0x8  ember-multi-network-stub.o [10]
      .bss                uninit   0x20002ccc      0x8  ember-multi-network-stub.o [10]
      .bss                uninit   0x20002cd4      0x8  zigbee-device-util.o [15]
      .bss                uninit   0x20002cdc      0xc  debug.o [15]
      .bss                uninit   0x20002ce8    0x118  phy.o [15]
      .bss                uninit   0x20002e00      0x8  context-switch.o [8]
      .bss                uninit   0x20002e08      0x8  neighbor.o [15]
      .bss                uninit   0x20002e10     0x64  broadcast.o [15]
      .bss                uninit   0x20002e74      0x8  cal-pads.o [15]
      .bss                uninit   0x20002e7c      0x8  mac-em250.o [15]
      .bss                uninit   0x20002e84      0x8  high-security-stub.o [13]
      .bss                uninit   0x20002e8c      0x8  aps-keys.o [13]
      .bss                uninit   0x20002e94      0xc  mac.o [15]
      .bss                uninit   0x20002ea0     0x80  mac.o [15]
      .bss                uninit   0x20002f20      0x8  aps-skke-stub.o [13]
      .bss                uninit   0x20002f28      0x8  neighbor-exchange.o [15]
      .bss                uninit   0x20002f30     0x10  retry.o [15]
      .bss                uninit   0x20002f40     0x30  retry.o [15]
      .bss                uninit   0x20002f70      0x8  end-device-bind-stub.o [7]
      .bss                uninit   0x20002f78      0x8  zll-stubs.o [16]
      .bss                uninit   0x20002f80      0x4  crypto.o [15]
      .bss                uninit   0x20002f84     0x14  unicast-table.o [15]
      .bss                uninit   0x20002f98      0x8  mac-header.o [15]
      .bss                uninit   0x20002fa0      0x2  adc.o [1]
      .bss                uninit   0x20002fa2      0x2  adc.o [1]
      .bss                uninit   0x20002fa4      0x2  bootload-utils.o [1]
      .bss                uninit   0x20002fa6      0x2  buzzer.o [1]
      .bss                uninit   0x20002fa8      0x2  cstartup-iar-common.o [1]
      .bss                uninit   0x20002faa      0x4  sim-eeprom-internal.o [8]
      .bss                uninit   0x20002fae      0x4  route-table.o [15]
      .bss                uninit   0x20002fb2      0x1  adc.o [1]
      .bss                uninit   0x20002fb3      0x1  adc.o [1]
      .bss                uninit   0x20002fb4      0x1  adc.o [1]
      .bss                uninit   0x20002fb5      0x1  adc.o [1]
      .bss                uninit   0x20002fb6      0x1  bootload-utils.o [1]
      .bss                uninit   0x20002fb7      0x1  bootload-utils.o [1]
      .bss                uninit   0x20002fb8      0x1  bootload-utils.o [1]
      .bss                uninit   0x20002fb9      0x1  bootload-utils.o [1]
      .bss                uninit   0x20002fba      0x1  bootload-utils.o [1]
      .bss                uninit   0x20002fbb      0x1  bootload-utils.o [1]
      .bss                uninit   0x20002fbc      0x1  bootloader-demo-v2.o [1]
      .bss                uninit   0x20002fbd      0x1  button.o [1]
      .bss                uninit   0x20002fbe      0x1  button.o [1]
      .bss                uninit   0x20002fbf      0x1  buzzer.o [1]
      .bss                uninit   0x20002fc0      0x1  command-interpreter2.o [1]
      .bss                uninit   0x20002fc1      0x1  command-interpreter2.o [1]
      .bss                uninit   0x20002fc2      0x1  ember-configuration.o [1]
      .bss                uninit   0x20002fc3      0x1  ember-configuration.o [1]
      .bss                uninit   0x20002fc4      0x1  ember-configuration.o [1]
      .bss                uninit   0x20002fc5      0x1  ember-configuration.o [1]
      .bss                uninit   0x20002fc6      0x1  ember-configuration.o [1]
      .bss                uninit   0x20002fc7      0x1  ember-configuration.o [1]
      .bss                uninit   0x20002fc8      0x1  ember-configuration.o [1]
      .bss                uninit   0x20002fc9      0x1  ember-configuration.o [1]
      .bss                uninit   0x20002fca      0x1  ember-configuration.o [1]
      .bss                uninit   0x20002fcb      0x1  ember-configuration.o [1]
      .bss                uninit   0x20002fcc      0x1  form-and-join.o [1]
      .bss                uninit   0x20002fcd      0x1  form-and-join.o [1]
      .bss                uninit   0x20002fce      0x1  form-and-join.o [1]
      .bss                uninit   0x20002fcf      0x1  form-and-join.o [1]
      .bss                uninit   0x20002fd0      0x1  micro-common.o [1]
      .bss                uninit   0x20002fd1      0x1  micro.o [1]
      .bss                uninit   0x20002fd2      0x1  micro.o [1]
      .bss                uninit   0x20002fd3      0x1  micro.o [1]
      .bss                uninit   0x20002fd4      0x1  sleep.o [1]
      .bss                uninit   0x20002fd5      0x1  token.o [1]
      .bss                uninit   0x20002fd6      0x1  token.o [1]
      .bss                uninit   0x20002fd7      0x1  zigbee-dispatch.o [15]
      .bss                uninit   0x20002fd8      0x1  command.o [15]
      .bss                uninit   0x20002fd9      0x1  zigbee-stack.o [15]
      .bss                uninit   0x20002fda      0x2  event-control.o [15]
      .bss                uninit   0x20002fdc      0x1  association.o [15]
      .bss                uninit   0x20002fdd      0x1  application-support.o [15]
      .bss                uninit   0x20002fde      0x1  debug.o [15]
      .bss                uninit   0x20002fdf      0x1  flash.o [8]
      .bss                uninit   0x20002fe0      0x2  phy.o [15]
      .bss                uninit   0x20002fe2      0x2  phy.o [15]
      .bss                uninit   0x20002fe4      0x3  analogue-vco.o [15]
      .bss                uninit   0x20002fe7      0x1  phy-common.o [15]
      .bss                uninit   0x20002fe8      0x1  alarm.o [3]
      .bss                uninit   0x20002fe9      0x1  neighbor.o [15]
      .bss                uninit   0x20002fea      0x1  random-id.o [15]
      .bss                uninit   0x20002feb      0x2  network.o [15]
      .bss                uninit   0x20002fed      0x1  debug-jtag.o [15]
      .bss                uninit   0x20002fee      0x1  high-security-stub.o [13]
      .bss                uninit   0x20002fef      0x1  route-discovery.o [15]
                                 - 0x20002ff0   0x11f0

"DEBUGCHAN":                                      0x10
  DEBUG_CHANNEL                    0x20002ff0     0x10  <Block>
    DEBUG_CHANNEL         uninit   0x20002ff0     0x10  debug-jtag.o [15]
                                 - 0x20003000     0x10



*******************************************************************************
*** MODULE SUMMARY
***

    Module                             ro code  ro data  rw data
    ------                             -------  -------  -------
D:\Firmware\EZ\EZ\firmware\EmberZNet\EM35x\build\standalone-bootloader-demo-v2-cortexm3-iar-em357-em3xx-dev0680-enable_bootload_print-debug\Obj: [1]
    adc.o                                  336                24
    bootload-utils.o                     5 408    1 416      244
    bootloader-demo-v2.o                 3 724    2 938      126
    bootloader-interface-standalone.o      164
    bootloader-interface.o                  12
    button.o                               460                 2
    buzzer.o                               456        1        8
    command-interpreter2.o               2 732      331      158
    common-onboard.o                        56
    common.o                               400      138       10
    crc.o                                   50
    cstartup-iar-common.o                  200      332    2 042
    diagnostic.o                           764       20
    ember-configuration.o                  404      161      154
    faults.o                               128
    form-and-join-node-adapter.o           108        1        9
    form-and-join-node-callbacks.o          76
    form-and-join.o                        968                20
    isr-stubs.o                              4
    led.o                                  254
    mem-util.o                             256
    mfg-token.o                            144       42
    micro-common.o                         204                 1
    micro.o                                860       77       39
    mpu.o                                  148       64       64
    random.o                               100        4        4
    serial.o                             1 622      104      460
    sim-eeprom.o                           324      241    8 288
    sleep.o                              2 368        8        9
    token-def.o                                     590
    token.o                                448       12        2
    uart.o                                 988       48
    ------------------------------------------------------------
    Total:                              24 166    6 528   11 664

command line: [2]
    ------------------------------------------------------------
    Total:

alarm-library.a: [3]
    alarm.o                                520                 1
    ------------------------------------------------------------
    Total:                                 520                 1

binding-table-stub-library.a: [4]
    binding-table-stub.o                    34
    ------------------------------------------------------------
    Total:                                  34

cbke-stub-library.a: [5]
    cbke-crypto-engine-stub.o               20
    ------------------------------------------------------------
    Total:                                  20

dl7M_tln.a: [6]
    abs.o                                    8
    ------------------------------------------------------------
    Total:                                   8

end-device-bind-stub-library.a: [7]
    end-device-bind-stub.o                   8                 8
    ------------------------------------------------------------
    Total:                                   8                 8

hal-library.a: [8]
    caladc.o                               284
    clocks.o                               954       10       10
    context-switch.o                        80                 8
    cstartup-iar.o                         464
    flash.o                                296                 1
    micro-common-internal.o                338
    micro-internal.o                       408        6        4
    sim-eeprom-internal.o                2 776                 4
    spmr.o                                  62
    system-timer.o                         256                 8
    ------------------------------------------------------------
    Total:                               5 918       16       35

install-code-library-stub.a: [9]
    install-code-stub.o                      4
    ------------------------------------------------------------
    Total:                                   4

multi-network-stub-library.a: [10]
    ember-multi-network-stub.o             504                24
    ------------------------------------------------------------
    Total:                                 504                24

packet-validate-library.a: [11]
    packet-validate.o                      692        1        1
    ------------------------------------------------------------
    Total:                                 692        1        1

rt7M_tl.a: [12]
    ABImemclr.o                              6
    ABImemclr4.o                             6
    ABImemcpy.o                            118
    ABImemset.o                             94
    ABImemset48.o                           50
    I64Shl.o                                34
    ------------------------------------------------------------
    Total:                                 308

security-library-core.a: [13]
    aes-mmo.o                              348
    aps-encryption.o                       696
    aps-keys.o                             972                 8
    aps-security.o                       3 092
    aps-skke-stub.o                          4        1        8
    high-security-stub.o                     8                 9
    hmac.o                                  98
    trust-center-util.o                  1 184        2        2
    ------------------------------------------------------------
    Total:                               6 402        3       27

security-library-link-keys-stub.a: [14]
    aps-keys-full-stub.o                    14
    ------------------------------------------------------------
    Total:                                  14

zigbee-pro-stack.a: [15]
    address-table.o                        748
    aes.o                                  174
    analogue-cell-bias.o                   240
    analogue-filter.o                       80
    analogue-lna.o                         426
    analogue-mod-dac.o                     616        8        8
    analogue-vco.o                         212                 3
    analogue.o                           1 468       26       59
    application-support.o                2 020        4        5
    aps-retry.o                          2 188       14       14
    association.o                        5 600       51       61
    broadcast.o                            336               100
    byte-utilities.o                        68
    cal-pads.o                              24                 8
    child-aging.o                          380
    child-table.o                           64
    child.o                              1 844        7        6
    command.o                              974                 1
    crypto.o                             1 502                 4
    debug-jtag.o                           626                17
    debug.o                              1 028        7       17
    ember-stack-common.o                   328
    ember-version.o                                   8
    eui64.o                                 24                 8
    event-control.o                        600                 2
    jit.o                                  536       16       14
    leave.o                                928       14       14
    mac-arbiter.o                        1 048       31       28
    mac-em250.o                            440        2       10
    mac-header.o                           812        4       12
    mac-indirect.o                       1 472       18       34
    mac-receive.o                          716       18       16
    mac.o                                1 024               140
    management.o                           836       16       14
    neighbor-exchange.o                    860                 8
    neighbor.o                           1 608                 9
    network.o                            5 004        6        7
    packet-buffer.o                      1 768        1        1
    packet-header.o                        596
    phy-common.o                         2 204       31       30
    phy-util.o                              18
    phy.o                                1 352               284
    random-id.o                            748        2        3
    retry.o                                658                64
    route-discovery.o                    1 908                 1
    route-error.o                          328
    route-table.o                          960                 4
    scan.o                               1 032       36       36
    symbol-timer.o                          96
    token-cache.o                          240        2        2
    unicast-table.o                        100                20
    zdo-channel.o                          880       22       20
    zigbee-device-util.o                 1 264        1        9
    zigbee-device.o                      2 124       11       10
    zigbee-dispatch.o                      212                13
    zigbee-neighbor.o                      500
    zigbee-packet-header.o               1 408
    zigbee-stack.o                         904       11       10
    ------------------------------------------------------------
    Total:                              56 154      367    1 126

zll-stub-library.a: [16]
    zll-stubs.o                             42                 8
    ------------------------------------------------------------
    Total:                                  42                 8

    Gaps                                    46                64
    Linker created                                    2    1 664
----------------------------------------------------------------
    Grand Total:                        94 840    6 917   14 622


*******************************************************************************
*** ENTRY LIST
***

Entry                      Address    Size  Type      Object
-----                      -------    ----  ----      ------
.bss$$Base              0x20002848           --   Gb  - Linker created -
.bss$$Length            0x000007a8           --   Gb  - Linker created -
.bss$$Limit             0x20002ff0           --   Gb  - Linker created -
.data$$Base             0x20002558           --   Gb  - Linker created -
.data$$Limit            0x20002848           --   Gb  - Linker created -
.data_init$$Base        0x0801aae4           --   Gb  - Linker created -
.data_init$$Length      0x000002f0           --   Gb  - Linker created -
.data_init$$Limit       0x0801add4           --   Gb  - Linker created -
.noinit$$Base           0x00000000           --   Gb  - Linker created -
.text$$Base             0x08002190           --   Gb  - Linker created -
.text$$Limit            0x08019408           --   Gb  - Linker created -
.textrw$$Base           0x00000000           --   Gb  - Linker created -
.textrw_init$$Base      0x00000000           --   Gb  - Linker created -
.textrw_init$$Length    0x00000000           --   Gb  - Linker created -
ALIGN_CSTACK$$Base      0x20001e00           --   Gb  - Linker created -
ALIGN_CSTACK$$Limit     0x20002558           --   Gb  - Linker created -
APPRO_block$$Base       0x08002100           --   Gb  - Linker created -
APPRO_block$$Limit      0x0801add4           --   Gb  - Linker created -
APPRW_block$$Base       0x20001e00           --   Gb  - Linker created -
APPRW_block$$Limit      0x20002ff0           --   Gb  - Linker created -
APP_RAM$$Base           0x00000000           --   Gb  - Linker created -
APP_RAM$$Length         0x00000000           --   Gb  - Linker created -
BOOTLOADER_DEMO_EXT_PAN_ID
                        0x20002564     0x8  Data  Gb  bootloader-demo-v2.o [1]
CSTACK$$Base            0x20001e00           --   Gb  - Linker created -
CSTACK$$Limit           0x20002558           --   Gb  - Linker created -
DEBUG_CHANNEL$$Base     0x20002ff0           --   Gb  - Linker created -
DEBUG_CHANNEL$$Limit    0x20003000           --   Gb  - Linker created -
DLIB_PERTHREAD_INITIALIZED_DATA$$Base
                        0x20002848           --   Gb  - Linker created -
DLIB_PERTHREAD_INITIALIZED_DATA$$Limit
                        0x20002848           --   Gb  - Linker created -
DLIB_PERTHREAD_ZERO_DATA$$Base
                        0x20002848           --   Gb  - Linker created -
DLIB_PERTHREAD_ZERO_DATA$$Length
[...]
indicateButtonAction    0x0800b5bb    0x1c  Code  Gb  bootloader-demo-v2.o [1]
indicateNetworkDown     0x0800b583    0x1c  Code  Gb  bootloader-demo-v2.o [1]
indicateNetworkFailure  0x0800b59f    0x1c  Code  Gb  bootloader-demo-v2.o [1]
indicateNetworkUp       0x0800b567    0x1c  Code  Gb  bootloader-demo-v2.o [1]
initializeChildStatus   0x0800aea1    0x26  Code  Lc  child.o [15]
initializeNonceFromAuxFrame
                        0x0800e8f7    0x56  Code  Lc  crypto.o [15]
initializeNonceFromBuffer
                        0x0800e94d    0x44  Code  Lc  crypto.o [15]
insertNeighbor          0x0800e00d   0x110  Code  Lc  neighbor.o [15]
isCompatibleStackProfile
                        0x08010f91    0x24  Code  Gb  association.o [15]
isSleepy                0x08015209    0x38  Code  Lc  bootload-utils.o [1]
isTheSameEui64          0x08014ac1    0x1e  Code  Lc  bootload-utils.o [1]
joinAction              0x0800bb0d    0x6e  Code  Gb  bootloader-demo-v2.o [1]
joinAttemptFailed       0x080110f7    0x62  Code  Lc  association.o [15]
joinData                0x200026fc    0x18  Data  Lc  association.o [15]
joinNetworkQuietly      0x08011411    0x4a  Code  Lc  association.o [15]
lastAgingTime           0x20002e16     0x2  Data  Lc  broadcast.o [15]
lastAgingTimeQs         0x20002fb0     0x2  Data  Lc  route-table.o [15]
lastEventTimeMS         0x200027d8     0x2  Data  Lc  mac-indirect.o [15]
lastEventTimeMs         0x20002810     0x2  Data  Lc  aps-retry.o [15]
lastReportTimeMin       0x200027e3     0x1  Data  Lc  zdo-channel.o [15]
lastTransmitPacketIsDataPoll
                        0x20002790     0x1  Data  Gb  phy-common.o [15]
lastTxSfdTime           0x2000279c     0x4  Data  Gb  phy-common.o [15]
lastVcoCalChannel       0x20002fe5     0x1  Data  Lc  analogue-vco.o [15]
lastVcoValue            0x20002fe6     0x1  Data  Lc  analogue-vco.o [15]
leaveAction             0x0800bb7b    0x12  Code  Gb  bootloader-demo-v2.o [1]
leaveReason             0x2000272c     0x1  Data  Lc  leave.o [15]
left                    0x20002fab     0x1  Data  Lc  sim-eeprom-internal.o [8]
libraryEnabled          0x20002836     0x1  Data  Lc  packet-validate.o [11]
listCommands            0x0800b885   0x116  Code  Gb  bootloader-demo-v2.o [1]
lnaForceReCal           0x200026d2     0x2  Data  Gb  analogue.o [15]
longIndirectPool        0x200027d0     0x4  Data  Lc  mac-indirect.o [15]
macBufferStatus         0x200027ae     0x1  Data  Lc  mac-arbiter.o [15]
macCheckIncomingQueue   0x08006119   0x1c2  Code  Lc  mac-receive.o [15]
macCommandPacketIsValid
                        0x08012791    0x48  Code  Lc  packet-validate.o [11]
macCommandSizes         0x080129e4     0xc  Data  Lc  packet-validate.o [11]
macIsInactive           0x200027e2     0x1  Data  Lc  zdo-channel.o [15]
macSendShortIdCommand   0x0800cf15    0x36  Code  Lc  command.o [15]
main                    0x0800b5e9   0x136  Code  Gb  bootloader-demo-v2.o [1]
managePollTxRxTurnaround
                        0x08003175    0x1c  Code  Gb  phy-common.o [15]
matchingPoolAddress     0x08005ccd    0x52  Code  Lc  mac-indirect.o [15]
maybeSendAddressResponse
                        0x080179d9   0x180  Code  Lc  zigbee-device-util.o [15]
maybeSendBasicAck       0x0801020f    0x20  Code  Lc  application-support.o [15]
mfgId                   0x2000256c     0x2  Data  Gb  bootloader-demo-v2.o [1]
mobileChildData         0x200026e9     0x1  Data  Lc  child.o [15]
mobileChildDataIndex    0x0800b34f    0x40  Code  Lc  child.o [15]
mobileChildDataLength   0x200026ec     0x2  Data  Lc  child.o [15]
mobileJoinApsFrame      0x0800aa14     0x8  Data  Lc  network.o [15]
modDacForceReCal        0x200026d0     0x2  Data  Gb  analogue.o [15]
mpuConfig               0x20002668    0x40  Data  Lc  mpu.o [1]
mtorFlags               0x08019034     0x8  Data  Lc  zigbee-device.o [15]
networkAction           0x0800bb8d    0x16  Code  Gb  bootloader-demo-v2.o [1]
networkCommandBaseSizes
                        0x080129f0     0xc  Data  Lc  packet-validate.o [11]
networkCommandPacketIsValid
                        0x08012823    0x9c  Code  Lc  packet-validate.o [11]
networkCount            0x20002fcf     0x1  Data  Lc  form-and-join.o [1]
networkDecrypt          0x08009a93   0x16e  Code  Lc  network.o [15]
networkInitAction       0x0800b721    0x5e  Code  Gb  bootloader-demo-v2.o [1]
networkInitData         0x2000271c     0x4  Data  Lc  association.o [15]
networkPacketIsValid    0x080127d9    0x4a  Code  Lc  packet-validate.o [11]
networkParams           0x20002970    0x18  Data  Gb  bootloader-demo-v2.o [1]
networkSubmitUnicast    0x08009997    0x84  Code  Lc  network.o [15]
newChannel              0x20002fdc     0x1  Data  Lc  association.o [15]
newNwkUpdateId          0x200027dd     0x1  Data  Lc  zdo-channel.o [15]
newPanId                0x20002820     0x2  Data  Lc  management.o [15]
nextApsFrameCounter     0x20002f80     0x4  Data  Lc  crypto.o [15]
nextChannel             0x2000274d     0x1  Data  Lc  scan.o [15]
nextIncomingRssi        0x2000276c     0x4  Data  Lc  scan.o [15]
nextOutgoingRssi        0x20002768     0x4  Data  Lc  scan.o [15]
nodeThatToldUsToLeave   0x20002738     0x2  Data  Lc  leave.o [15]
nodeType                0x20002580     0x1  Data  Gb  bootloader-demo-v2.o [1]
normalOrBoostTokSerialRegId
                        0x08002980     0xc  Data  Gb  analogue-cell-bias.o [15]
noteDiscoveryTimeout    0x0800d755    0x6a  Code  Lc  route-table.o [15]
notePreconfiguredKeyType
                        0x08010ee1    0x22  Code  Lc  aps-security.o [13]
notifyTrustCenter       0x080130e9    0x28  Code  Lc  leave.o [15]
nullEui                 0x0801a6ac     0x8  Data  Lc  mfg-token.o [1]
nwkSequenceNumber       0x2000273a     0x1  Data  Lc  application-support.o [15]
offlineTune             0x0801a4b0     0x8  Data  Gb  bootloader-demo-v2.o [1]
oneScanDone             0x200027e4     0x1  Data  Lc  zdo-channel.o [15]
onlineTune              0x0801a4a8     0x8  Data  Gb  bootloader-demo-v2.o [1]
originalChannel         0x20002750     0x1  Data  Lc  scan.o [15]
originalPanId           0x2000275c     0x2  Data  Lc  scan.o [15]
originalRadioIdleMode   0x20002751     0x1  Data  Lc  scan.o [15]
paPresent               0x200026da     0x1  Data  Lc  analogue.o [15]
packetChecks            0x08012a14    0x30  Data  Lc  packet-validate.o [11]
panConflictMeter        0x20002814     0x1  Data  Lc  management.o [15]
panIdScanComplete       0x0801835d    0x46  Code  Lc  form-and-join.o [1]
pendingAckedCount       0x20002805     0x1  Data  Lc  aps-retry.o [15]
permitJoining           0x20002cb0     0x1  Data  Lc  association.o [15]
phyToMacQueueLength     0x200027f4     0x2  Data  Lc  mac-receive.o [15]
phyToMacQueueLengthReached
                        0x200027f8     0x2  Data  Lc  mac-receive.o [15]
pollState               0x200027b0     0x1  Data  Lc  mac-arbiter.o [15]
powerLevelSettings      0x08002898     0x4  Data  Gb  analogue.o [15]
powers10                0x0801a704    0x24  Data  Lc  serial.o [1]
previousCharacter       0x20002fc0     0x1  Data  Lc  command-interpreter2.o [1]
previousLoValue         0x20002774     0x1  Data  Gb  clocks.o [8]
previousTemperature     0x20002fe2     0x1  Data  Lc  phy.o [15]
previousTemperatureAvailable
                        0x20002fe3     0x1  Data  Lc  phy.o [15]
printCommandUsage       0x080166d3   0x11e  Code  Lc  command-interpreter2.o [1]
printErrorMessage       0x08016a95    0x12  Code  Gb  common.o [1]
printEui                0x0801512d    0x38  Code  Lc  bootload-utils.o [1]
printLittleEndianEui64  0x08016a59    0x34  Code  Gb  common.o [1]
printfEuid              0x0800ba85    0x42  Code  Lc  bootloader-demo-v2.o [1]
processDeviceAnnounceAndFindIdConflict
                        0x0800a225    0xbe  Code  Lc  network.o [15]
processKeyCommand       0x08010bb1   0x2a2  Code  Lc  aps-security.o [13]
processRxAddressReceiveCompleteIsr
                        0x08002c8d    0xec  Code  Lc  phy.o [15]
processRxPacketCompleteIsr
                        0x08002d79    0xe4  Code  Lc  phy.o [15]
processScanRequest      0x0801706d   0x118  Code  Lc  zdo-channel.o [15]
processZigbeePacket     0x08009d5d   0x39a  Code  Lc  network.o [15]
ptiEnabled              0x20002787     0x1  Data  Lc  phy-common.o [15]
ptrCache                0x20002c08    0x60  Data  Gb  sim-eeprom.o [1]
ptrCacheLoc             0x08004ec3    0x22  Code  Lc  sim-eeprom-internal.o [8]
pushInt16u              0x0800efb5     0xc  Code  Lc  zigbee-packet-header.o [15]
queryEndEvent           0x20002988     0x8  Data  Gb  bootloader-demo-v2.o [1]
queryEndEventHandler    0x0800b551    0x16  Code  Gb  bootloader-demo-v2.o [1]
queryNeighborAction     0x0800bc3f    0x38  Code  Gb  bootloader-demo-v2.o [1]
queryNetworkAction      0x0800bc0b    0x34  Code  Gb  bootloader-demo-v2.o [1]
quietlyEraseChild       0x0800b2ad    0x3a  Code  Lc  child.o [15]
radioCheckCrc           0x200027a0     0x1  Data  Gb  phy-common.o [15]
radioCurrentPowerStatus
                        0x20002791     0x1  Data  Gb  phy-common.o [15]
radioIdlePowerState     0x2000278c     0x1  Data  Lc  phy-common.o [15]
radioTransmitConfig     0x200026f0     0x8  Data  Gb  zigbee-stack.o [15]
reCalibrateVref         0x200026db     0x1  Data  Gb  analogue.o [15]
readCounterValue        0x08005705    0x34  Code  Lc  sim-eeprom-internal.o [8]
readNetworkTokens       0x0801230d    0x2e  Code  Lc  association.o [15]
readNodeData            0x0801233b     0xc  Code  Lc  association.o [15]
readTokenData           0x08004e41    0x42  Code  Lc  sim-eeprom-internal.o [8]
rebootCommand           0x08016a51     0x8  Code  Gb  common.o [1]
recalculateMacDataPendingBitField
                        0x08005d27    0x42  Code  Lc  mac-indirect.o [15]
recoverAction           0x0800bd19    0x30  Code  Gb  bootloader-demo-v2.o [1]
recoverDefaultAction    0x0800bcc1    0x58  Code  Gb  bootloader-demo-v2.o [1]
recyclePendingAckedMessages
                        0x08015241    0x48  Code  Lc  aps-retry.o [15]
reenqueueSubmitHead     0x0800ddff    0x82  Code  Lc  retry.o [15]
rejoinUpdateDeviceStatusValues
                        0x080118a8     0x8  Data  Lc  association.o [15]
removeFromBuffer        0x080097b5    0x2e  Code  Lc  network.o [15]
requestKeyBuffer        0x20002833     0x1  Data  Lc  trust-center-util.o [13]
retryEntries            0x20002f40    0x30  Data  Lc  retry.o [15]
rhoActive               0x20002fd1     0x1  Data  Lc  micro.o [1]
rhoEnabled              0x20002fd3     0x1  Data  Lc  micro.o [1]
rmwRadioPowerCfgReg     0x08003feb    0x5a  Code  Lc  micro.o [1]
rmwRadioPowerOutReg     0x08004045    0x50  Code  Lc  micro.o [1]
routeRequestId          0x20002fef     0x1  Data  Lc  route-discovery.o [15]
routeTableTimer         0x20002fae     0x1  Data  Lc  route-table.o [15]
run                     0x0801696b    0x30  Code  Gb  common.o [1]
runEventHandler         0x08015445   0x122  Code  Lc  aps-retry.o [15]
runEvents               0x08018251     0xc  Code  Gb  common-onboard.o [1]
rxBuffer                0x20002cec   0x114  Data  Lc  phy.o [15]
sampleVcoTune           0x08004415    0x44  Code  Gb  analogue-mod-dac.o [15]
saveNetwork             0x08018547    0x6e  Code  Lc  form-and-join.o [1]
savedMSP                0x20002e04          Data  Gb  context-switch.o [8]
savedResetCause         0x20002fa8     0x2  Data  Lc  cstartup-iar-common.o [1]
scanChannelMask         0x20002764     0x4  Data  Lc  scan.o [15]
scanDuration            0x2000274e     0x1  Data  Lc  scan.o [15]
scanFrameCounter        0x20002760     0x4  Data  Lc  scan.o [15]
scanRequestHeader       0x200027df     0x1  Data  Lc  zdo-channel.o [15]
scanResults             0x200027e0     0x1  Data  Lc  zdo-channel.o [15]
scanTransmitRetries     0x2000274f     0x1  Data  Lc  scan.o [15]
scansRemaining          0x200027e1     0x1  Data  Lc  zdo-channel.o [15]
seed0                   0x200026a8     0x2  Data  Gb  random.o [1]
seed1                   0x200026aa     0x2  Data  Gb  random.o [1]
sendAckedUnicast        0x08015567    0xe8  Code  Lc  aps-retry.o [15]
sendApplicationKeys     0x080180af    0xe6  Code  Lc  trust-center-util.o [13]
sendBroadcast           0x0800c155    0xcc  Code  Gb  bootloader-demo-v2.o [1]
sendFromSource          0x2000273c     0x2  Data  Lc  application-support.o [15]
sendLeaveCommand        0x0801314d    0x72  Code  Lc  leave.o [15]
sendNeighborExchange    0x08013219    0xac  Code  Lc  neighbor-exchange.o [15]
sendRadioMessage        0x08014f31   0x1f6  Code  Lc  bootload-utils.o [1]
sendSpecialJoinRequest  0x080115bb    0xd0  Code  Lc  association.o [15]
sendUpdateDevice        0x080108d9    0x4c  Code  Lc  aps-security.o [13]
sendVersionAction       0x0800bba3    0x68  Code  Gb  bootloader-demo-v2.o [1]
sequenceNumber          0x20002fed     0x1  Data  Lc  debug-jtag.o [15]
serialBaudRate          0x200025bd     0x1  Data  Gb  common.o [1]
serialBootloaderAction  0x0800bd49    0x1a  Code  Gb  bootloader-demo-v2.o [1]
serialPort              0x200025bc     0x1  Data  Gb  common.o [1]
serialRegData           0x20002c70    0x24  Data  Gb  analogue.o [15]
setChannelCommand       0x0800b77f    0x20  Code  Gb  bootloader-demo-v2.o [1]
setChildTokenData       0x0800b46f    0xa2  Code  Lc  child.o [15]
setOrOverrideTrustCenterEui64
                        0x080172fb    0x22  Code  Lc  aps-keys.o [13]
setPanIDCommand         0x0800b79f    0x20  Code  Gb  bootloader-demo-v2.o [1]
setPowerCommand         0x0800b7bf    0x20  Code  Gb  bootloader-demo-v2.o [1]
setRadioParameters      0x080121bf    0x52  Code  Lc  association.o [15]
setSecurityState        0x0800c241    0x66  Code  Gb  bootloader-demo-v2.o [1]
setTuneCommand          0x0800b5d7    0x10  Code  Gb  bootloader-demo-v2.o [1]
setTxStepTime           0x08002323    0x34  Code  Lc  analogue.o [15]
shift                   0x0800660d    0x12  Code  Lc  random.o [1]
shortIndirectPool       0x200027d4     0x4  Data  Lc  mac-indirect.o [15]
signingKey              0x20002562     0x1  Data  Lc  bootload-utils.o [1]
simEeErasePage          0x08004e8b    0x16  Code  Lc  sim-eeprom-internal.o [8]
simEeSetDataActiveSemaphore
                        0x20002fd6     0x1  Data  Gb  token.o [1]
simulatedEepromStorage  0x0802e000  0x2000  Data  Gb  sim-eeprom.o [1]
sizeCache               0x0801a7f0    0x18  Data  Gb  sim-eeprom.o [1]
sleepTimerInterruptOccurred
                        0x20002ca8     0x1  Data  Gb  system-timer.o [8]
sleepTmrArtificalCnt    0x20002cac     0x4  Data  Gb  system-timer.o [8]
spreadModDac1           0x2000277e     0x2  Data  Gb  analogue-mod-dac.o [15]
spreadModDac2           0x20002780     0x2  Data  Gb  analogue-mod-dac.o [15]
stackEvents             0x0800ede4    0xc0  Data  Gb  zigbee-stack.o [15]
stackTokenInfo          0x08016e00    0x38  Data  Lc  token-cache.o [15]
startChannelScan        0x0800d609    0x64  Code  Lc  scan.o [15]
startNetworkOperation   0x080110cb    0x2c  Code  Lc  association.o [15]
startPanIdScan          0x08018315    0x48  Code  Lc  form-and-join.o [1]
startScan               0x08018605    0x2c  Code  Lc  form-and-join.o [1]
statsTable              0x20002cdc     0xc  Data  Lc  debug.o [15]
statusCommand           0x0801699b    0xb6  Code  Gb  common.o [1]
stringToUnsignedInt     0x08016507    0xd6  Code  Lc  command-interpreter2.o [1]
submitCount             0x20002f31     0x1  Data  Lc  retry.o [15]
swoOutput               0x0800c9c1    0xcc  Code  Lc  debug-jtag.o [15]
targetAddress           0x20002930     0x8  Data  Gb  bootload-utils.o [1]
terminateScanRequest    0x08017037    0x26  Code  Lc  zdo-channel.o [15]
timeoutPools            0x08005d69    0xde  Code  Lc  mac-indirect.o [15]
toggleBlinker           0x08016949    0x14  Code  Gb  common.o [1]
tokenArraySize          0x0801a870    0x18  Data  Gb  token-def.o [1]
tokenCreators           0x0801a810    0x30  Data  Gb  token-def.o [1]
tokenDefaults           0x0801a9fc    0x5c  Data  Gb  token-def.o [1]
tokenIsCnt              0x0801a840    0x18  Data  Gb  token-def.o [1]
tokenLength             0x08015f11    0x1e  Code  Lc  command-interpreter2.o [1]
tokenPointer            0x08015f2f    0x16  Code  Lc  command-interpreter2.o [1]
tokenSize               0x0801a858    0x18  Data  Gb  token-def.o [1]
tokensActive            0x20002fd5     0x1  Data  Gb  token.o [1]
transmitQueue           0x200027b4     0x8  Data  Lc  mac-arbiter.o [15]
transportKeyFrameSizes  0x08012a0c     0x8  Data  Lc  packet-validate.o [11]
tuneDone                0x20002599     0x1  Data  Gb  buzzer.o [1]
tuneOn                  0x20002598     0x1  Data  Gb  bootloader-demo-v2.o [1]
tunePos                 0x20002fbf     0x1  Data  Gb  buzzer.o [1]
txPower                 0x0800284c    0x28  Data  Gb  analogue.o [15]
txStepTimeSnapshot      0x20002798     0x2  Data  Lc  phy-common.o [15]
uartErrorMark           0x080073d5    0x5e  Code  Lc  uart.o [1]
unicastHead             0x20002f84     0x1  Data  Lc  unicast-table.o [15]
uninitializedIsr        0x080190bd          Code  Gb  faults.o [1]
unsentMessageCount      0x200027af     0x1  Data  Lc  mac-arbiter.o [15]
unsolicitedChannelReport
                        0x200027de     0x1  Data  Lc  zdo-channel.o [15]
updateParentToken       0x080124a7    0x62  Code  Lc  association.o [15]
useOsc32k               0x20002fd0     0x1  Data  Gb  micro-common.o [1]
useXtalAsIs             0x20002773     0x1  Data  Lc  clocks.o [8]
vcoLastTuneValueAvailable
                        0x20002fe4     0x1  Data  Gb  analogue-vco.o [15]
vcoTuneModDacError      0x08004459    0x24  Code  Lc  analogue-mod-dac.o [15]
verifyFib               0x08008305    0x24  Code  Lc  flash.o [8]
wakeupSleepTmrCnt       0x20002c6c     0x4  Data  Gb  sleep.o [1]
wakeupXtalState         0x20002772     0x1  Data  Gb  clocks.o [8]
walkDelayQueue          0x0800dbfd    0xd0  Code  Lc  retry.o [15]
writeMessage            0x08008dd1    0xb0  Code  Lc  packet-buffer.o [15]
writePageCounters       0x08005497    0x7e  Code  Lc  sim-eeprom-internal.o [8]
writeTokenBlockData     0x08004de9    0x58  Code  Lc  sim-eeprom-internal.o [8]
xmodemBlock             0x20002868    0x80  Data  Gb  bootload-utils.o [1]
xmodemReadSerialByte    0x08014aeb    0x50  Code  Lc  bootload-utils.o [1]
xmodemReceiveAndForward
                        0x08014cb9   0x154  Code  Lc  bootload-utils.o [1]
xmodemReceiveBlock      0x08014b51   0x136  Code  Lc  bootload-utils.o [1]
xmodemSendReady         0x08014c8d    0x1a  Code  Lc  bootload-utils.o [1]
xorBufferBytesIntoBlock
                        0x0800e645    0x82  Code  Lc  crypto.o [15]
xtalAboveLoThresholdUs  0x20002776     0x2  Data  Gb  clocks.o [8]
xtalUnstable            0x20002771     0x1  Data  Gb  clocks.o [8]
zigDevApsStruct         0x20002cd8     0x4  Data  Lc  zigbee-device-util.o [15]
zigDevRequestSequence   0x20002cd4     0x1  Data  Lc  zigbee-device-util.o [15]


[1] = D:\Firmware\EZ\EZ\firmware\EmberZNet\EM35x\build\standalone-bootloader-demo-v2-cortexm3-iar-em357-em3xx-dev0680-enable_bootload_print-debug\Obj
[2] = command line
[3] = alarm-library.a
[4] = binding-table-stub-library.a
[5] = cbke-stub-library.a
[6] = dl7M_tln.a
[7] = end-device-bind-stub-library.a
[8] = hal-library.a
[9] = install-code-library-stub.a
[10] = multi-network-stub-library.a
[11] = packet-validate-library.a
[12] = rt7M_tl.a
[13] = security-library-core.a
[14] = security-library-link-keys-stub.a
[15] = zigbee-pro-stack.a
[16] = zll-stub-library.a

  94 840 bytes of readonly  code memory
   6 917 bytes of readonly  data memory
  14 622 bytes of readwrite data memory

Errors: none
Warnings: none
