###############################################################################
#                                                                             #
# IAR ELF Linker V6.40.4.54170/W32 for ARM              13/Aug/2013  22:38:07 #
# Copyright 2007-2012 IAR Systems AB.                                         #
#                                                                             #
#    Output file  =  F:\Firmware\emberZNet\firmware\EmberZNet\EM35x\app\Drive #
#                    r\ewb-em357\Debug\Exe\sensor.out                         #
#    Map file     =  F:\Firmware\emberZNet\firmware\EmberZNet\EM35x\app\Drive #
#                    r\ewb-em357\Debug\Lst\sensor.map                         #
#    Command line =  F:\Firmware\emberZNet\firmware\EmberZNet\EM35x\app\Drive #
#                    r\ewb-em357\Debug\Obj\TWI.o                              #
#                    F:\Firmware\emberZNet\firmware\EmberZNet\EM35x\app\Drive #
#                    r\ewb-em357\Debug\Obj\Timer.o                            #
#                    F:\Firmware\emberZNet\firmware\EmberZNet\EM35x\app\Drive #
#                    r\ewb-em357\Debug\Obj\adc.o                              #
#                    F:\Firmware\emberZNet\firmware\EmberZNet\EM35x\app\Drive #
#                    r\ewb-em357\Debug\Obj\bootload-utils.o                   #
#                    F:\Firmware\emberZNet\firmware\EmberZNet\EM35x\app\Drive #
#                    r\ewb-em357\Debug\Obj\bootloader-interface-app.o         #
#                    F:\Firmware\emberZNet\firmware\EmberZNet\EM35x\app\Drive #
#                    r\ewb-em357\Debug\Obj\bootloader-interface-standalone.o  #
#                    F:\Firmware\emberZNet\firmware\EmberZNet\EM35x\app\Drive #
#                    r\ewb-em357\Debug\Obj\bootloader-interface.o             #
#                    F:\Firmware\emberZNet\firmware\EmberZNet\EM35x\app\Drive #
#                    r\ewb-em357\Debug\Obj\button.o                           #
#                    F:\Firmware\emberZNet\firmware\EmberZNet\EM35x\app\Drive #
#                    r\ewb-em357\Debug\Obj\buzzer.o                           #
#                    F:\Firmware\emberZNet\firmware\EmberZNet\EM35x\app\Drive #
#                    r\ewb-em357\Debug\Obj\crc.o                              #
#                    F:\Firmware\emberZNet\firmware\EmberZNet\EM35x\app\Drive #
#                    r\ewb-em357\Debug\Obj\cstartup-iar-common.o              #
#                    F:\Firmware\emberZNet\firmware\EmberZNet\EM35x\app\Drive #
#                    r\ewb-em357\Debug\Obj\diagnostic.o                       #
#                    F:\Firmware\emberZNet\firmware\EmberZNet\EM35x\app\Drive #
#                    r\ewb-em357\Debug\Obj\ember-configuration.o              #
#                    F:\Firmware\emberZNet\firmware\EmberZNet\EM35x\app\Drive #
#                    r\ewb-em357\Debug\Obj\endian.o                           #
#                    F:\Firmware\emberZNet\firmware\EmberZNet\EM35x\app\Drive #
#                    r\ewb-em357\Debug\Obj\faults.o                           #
#                    F:\Firmware\emberZNet\firmware\EmberZNet\EM35x\app\Drive #
#                    r\ewb-em357\Debug\Obj\form-and-join-node-adapter.o       #
#                    F:\Firmware\emberZNet\firmware\EmberZNet\EM35x\app\Drive #
#                    r\ewb-em357\Debug\Obj\form-and-join-node-callbacks.o     #
#                    F:\Firmware\emberZNet\firmware\EmberZNet\EM35x\app\Drive #
#                    r\ewb-em357\Debug\Obj\form-and-join.o                    #
#                    F:\Firmware\emberZNet\firmware\EmberZNet\EM35x\app\Drive #
#                    r\ewb-em357\Debug\Obj\isr-stubs.o                        #
#                    F:\Firmware\emberZNet\firmware\EmberZNet\EM35x\app\Drive #
#                    r\ewb-em357\Debug\Obj\led.o                              #
#                    F:\Firmware\emberZNet\firmware\EmberZNet\EM35x\app\Drive #
#                    r\ewb-em357\Debug\Obj\main.o                             #
#                    F:\Firmware\emberZNet\firmware\EmberZNet\EM35x\app\Drive #
#                    r\ewb-em357\Debug\Obj\mem-util.o                         #
#                    F:\Firmware\emberZNet\firmware\EmberZNet\EM35x\app\Drive #
#                    r\ewb-em357\Debug\Obj\mfg-token.o                        #
#                    F:\Firmware\emberZNet\firmware\EmberZNet\EM35x\app\Drive #
#                    r\ewb-em357\Debug\Obj\micro-common.o                     #
#                    F:\Firmware\emberZNet\firmware\EmberZNet\EM35x\app\Drive #
#                    r\ewb-em357\Debug\Obj\micro.o                            #
#                    F:\Firmware\emberZNet\firmware\EmberZNet\EM35x\app\Drive #
#                    r\ewb-em357\Debug\Obj\mpu.o                              #
#                    F:\Firmware\emberZNet\firmware\EmberZNet\EM35x\app\Drive #
#                    r\ewb-em357\Debug\Obj\node.o                             #
#                    F:\Firmware\emberZNet\firmware\EmberZNet\EM35x\app\Drive #
#                    r\ewb-em357\Debug\Obj\random.o                           #
#                    F:\Firmware\emberZNet\firmware\EmberZNet\EM35x\app\Drive #
#                    r\ewb-em357\Debug\Obj\security-common.o                  #
#                    F:\Firmware\emberZNet\firmware\EmberZNet\EM35x\app\Drive #
#                    r\ewb-em357\Debug\Obj\serial.o                           #
#                    F:\Firmware\emberZNet\firmware\EmberZNet\EM35x\app\Drive #
#                    r\ewb-em357\Debug\Obj\sim-eeprom.o                       #
#                    F:\Firmware\emberZNet\firmware\EmberZNet\EM35x\app\Drive #
#                    r\ewb-em357\Debug\Obj\sleep.o                            #
#                    F:\Firmware\emberZNet\firmware\EmberZNet\EM35x\app\Drive #
#                    r\ewb-em357\Debug\Obj\token-def.o                        #
#                    F:\Firmware\emberZNet\firmware\EmberZNet\EM35x\app\Drive #
#                    r\ewb-em357\Debug\Obj\token.o                            #
#                    F:\Firmware\emberZNet\firmware\EmberZNet\EM35x\app\Drive #
#                    r\ewb-em357\Debug\Obj\uart.o                             #
#                    F:\Firmware\emberZNet\firmware\EmberZNet\EM35x\build\ala #
#                    rm-library-cortexm3-iar-em357-em3xx-debug\alarm-library. #
#                    a F:\Firmware\emberZNet\firmware\EmberZNet\EM35x\build\b #
#                    inding-table-library-cortexm3-iar-em357-em3xx-debug\bind #
#                    ing-table-library.a F:\Firmware\emberZNet\firmware\Ember #
#                    ZNet\EM35x\build\cbke-stub-library-cortexm3-iar-em357-em #
#                    3xx\cbke-stub-library.a F:\Firmware\emberZNet\firmware\E #
#                    mberZNet\EM35x\build\end-device-bind-stub-library-cortex #
#                    m3-iar-em357-em3xx\end-device-bind-stub-library.a        #
#                    F:\Firmware\emberZNet\firmware\EmberZNet\EM35x\build\hal #
#                    -library-cortexm3-iar-em357-em3xx-debug\hal-library.a    #
#                    F:\Firmware\emberZNet\firmware\EmberZNet\EM35x\build\ins #
#                    tall-code-library-stub-cortexm3-iar-em357-em3xx\install- #
#                    code-library-stub.a F:\Firmware\emberZNet\firmware\Ember #
#                    ZNet\EM35x\build\multi-network-stub-library-cortexm3-iar #
#                    -em357-em3xx\multi-network-stub-library.a                #
#                    F:\Firmware\emberZNet\firmware\EmberZNet\EM35x\build\pac #
#                    ket-validate-library-cortexm3-iar-em357-em3xx-debug\pack #
#                    et-validate-library.a F:\Firmware\emberZNet\firmware\Emb #
#                    erZNet\EM35x\build\security-library-core-cortexm3-iar-em #
#                    357-em3xx-debug\security-library-core.a                  #
#                    F:\Firmware\emberZNet\firmware\EmberZNet\EM35x\build\sec #
#                    urity-library-link-keys-stub-cortexm3-iar-em357-em3xx\se #
#                    curity-library-link-keys-stub.a                          #
#                    F:\Firmware\emberZNet\firmware\EmberZNet\EM35x\build\zig #
#                    bee-pro-stack-cortexm3-iar-em357-em3xx-debug\zigbee-pro- #
#                    stack.a F:\Firmware\emberZNet\firmware\EmberZNet\EM35x\b #
#                    uild\zll-stub-library-cortexm3-iar-em357-em3xx\zll-stub- #
#                    library.a --redirect _Printf=_PrintfFull --redirect      #
#                    _Scanf=_ScanfFull -o F:\Firmware\emberZNet\firmware\Embe #
#                    rZNet\EM35x\app\Driver\ewb-em357\Debug\Exe\sensor.out    #
#                    --map F:\Firmware\emberZNet\firmware\EmberZNet\EM35x\app #
#                    \Driver\ewb-em357\Debug\Lst\sensor.map --config          #
#                    F:\Firmware\emberZNet\firmware\EmberZNet\EM35x\app\Drive #
#                    r\ewb-em357/../../../hal/micro/cortexm3/em35x/em357/iar- #
#                    cfg.icf --diag_suppress Lp012 --entry halEntryPoint      #
#                    --vfe                                                    #
#                                                                             #
#                                                                             #
###############################################################################

*******************************************************************************
*** RUNTIME MODEL ATTRIBUTES
***

CppFlavor       = *
__SystemLibrary = DLib


*******************************************************************************
*** PLACEMENT SUMMARY
***

"BAT": place at 0x08000000 { section BAT };
"HEADERS":
       place at start of [0x08002000-0x080020ff] { block HEADER_block };
"APP ro":
       place at start of [0x08002100-0x0802ffff] { block APPRO_block };
"NVM&SIMEE":
       place at end of [0x08002100-0x0802ffff] {
          zi section NVM, zi section SIMEE, zi section INTERNAL_STORAGE };
"FAT": place at 0x08040000 { section FAT };
"DEBUGCHAN":
       place at start of [0x20002ff0-0x20002fff] { rw section DEBUG_CHANNEL };
"APP rw":
       place at end of [0x20000000-0x20002fef] { block APPRW_block };
"Heap":
       place at start of [0x20000000-0x20002fef] { overlay EMHEAP_overlay };
"Guard":
       place in [from 0x20000000 to 0x20002fef] { rw section GUARD_REGION };

  Section                 Kind        Address     Size  Object
  -------                 ----        -------     ----  ------
"BAT":                                            0x54
  BAT                     uninit   0x08000000     0x54  cstartup-iar-common.o [1]
                                 - 0x08000054     0x54

"HEADERS":                                        0xac
  HEADER_block                     0x08002000     0xac  <Block>
    AAT                   const    0x08002000     0xac  cstartup-iar-common.o [1]
                                 - 0x080020ac     0xac

"APP ro":                                      0x15d40
  APPRO_block                      0x08002100  0x15d40  <Block>
    .intvec               const    0x08002100     0x90  cstartup-iar-common.o [1]
    .text                          0x08002190  0x152ac  <Block>
      .text               ro code  0x08002190     0x14  TWI.o [1]
      .text               ro code  0x080021a4     0x18  Timer.o [1]
      .text               ro code  0x080021bc     0xfe  led.o [1]
      .text               ro code  0x080022bc    0x350  micro.o [1]
      .text               ro code  0x0800260c      0xc  spmr.o [8]
      .text               ro code  0x08002618      0x6  spmr.o [8]
      .text               ro code  0x08002620    0x3ba  clocks.o [8]
      .text               ro code  0x080029dc    0x152  micro-common-internal.o [8]
      .text               ro code  0x08002b30     0xcc  micro-common.o [1]
      .text               ro code  0x08002bfc    0x150  adc.o [1]
      .text               ro code  0x08002d4c    0x320  uart.o [1]
      .text               ro code  0x0800306c    0x1cc  button.o [1]
      .text               ro code  0x08003238    0x1c0  token.o [1]
      .text               ro code  0x080033f8     0xc8  cstartup-iar-common.o [1]
      .text               ro code  0x080034c0    0x548  phy.o [15]
      .text               ro code  0x08003a08      0x4  spmr.o [8]
      .text               ro code  0x08003a0c      0xe  spmr.o [8]
      .text               ro code  0x08003a1c      0x8  context-switch.o [8]
      .text               ro code  0x08003a24      0x4  spmr.o [8]
      .text               ro code  0x08003a28     0x90  mfg-token.o [1]
      .text               ro code  0x08003ab8    0x11c  caladc.o [8]
      .text               ro code  0x08003bd4    0x5bc  analogue.o [15]
      .text               ro code  0x08004190     0xcc  main.o [1]
      .text               ro code  0x0800425c    0x144  sim-eeprom.o [1]
      .text               ro code  0x080043a0    0xad8  sim-eeprom-internal.o [8]
      .text               ro code  0x08004e78    0x2fc  diagnostic.o [1]
      .text               ro code  0x08005174    0x5c0  mac-indirect.o [15]
      .text               ro code  0x08005734     0x40  child-table.o [15]
      .text               ro code  0x08005774    0x1f0  ember-multi-network-stub.o [10]
      .text               ro code  0x08005964    0x89c  phy-common.o [15]
      .text               ro code  0x08006200    0x2cc  mac-receive.o [15]
      .text               ro code  0x080064cc    0x1b8  mac-em250.o [15]
      .text               ro code  0x08006684     0xae  aes.o [15]
      .text               ro code  0x08006732      0x8  abs.o [6]
      .text               ro code  0x0800673a    0x100  mem-util.o [1]
      .text               ro code  0x0800683c     0xf0  analogue-cell-bias.o [15]
      .text               ro code  0x0800692c     0x50  analogue-filter.o [15]
      .text               ro code  0x0800697c     0xd4  analogue-vco.o [15]
      .text               ro code  0x08006a50    0x268  analogue-mod-dac.o [15]
      .text               ro code  0x08006cb8    0x1aa  analogue-lna.o [15]
      .text               ro code  0x08006e64      0x8  spmr.o [8]
      .text               ro code  0x08006e6c    0x61e  serial.o [1]
      .text               ro code  0x0800748c    0x388  zigbee-stack.o [15]
      .text               ro code  0x08007814    0xf52  bootload-utils.o [1]
      .text               ro code  0x08008768   0x134c  association.o [15]
      .text               ro code  0x08009ab4    0x148  ember-stack-common.o [15]
      .text               ro code  0x08009bfc     0x8c  form-and-join-node-adapter.o [1]
      .text               ro code  0x08009c88    0x3f4  debug.o [15]
      .text               ro code  0x0800a07c    0x128  flash.o [8]
      .text               ro code  0x0800a1a4    0x19c  ember-configuration.o [1]
      .text               ro code  0x0800a340    0x198  micro-internal.o [8]
      .text               ro code  0x0800a4d8    0x100  system-timer.o [8]
      .text               ro code  0x0800a5d8    0x254  packet-header.o [15]
      .text               ro code  0x0800a82c    0x6e8  packet-buffer.o [15]
      .text               ro code  0x0800af14    0x258  event-control.o [15]
      .text               ro code  0x0800b16c    0x418  mac-arbiter.o [15]
      .text               ro code  0x0800b584     0x22  I64Shl.o [12]
      .text               ro code  0x0800b5a8   0x138c  network.o [15]
      .text               ro code  0x0800c934    0x400  mac.o [15]
      .text               ro code  0x0800cd34    0x6f4  child.o [15]
      .text               ro code  0x0800d428     0x64  random.o [1]
      .text               ro code  0x0800d48c      0xe  spmr.o [8]
      .text               ro code  0x0800d49c    0x940  sleep.o [1]
      .text               ro code  0x0800dddc     0x18  eui64.o [15]
      .text               ro code  0x0800ddf4    0x32c  mac-header.o [15]
      .text               ro code  0x0800e120     0x60  symbol-timer.o [15]
      .text               ro code  0x0800e180     0x44  byte-utilities.o [15]
      .text               ro code  0x0800e1c4    0x272  debug-jtag.o [15]
      .text               ro code  0x0800e436     0x12  phy-util.o [15]
      .text               ro code  0x0800e448    0x3ac  binding-table.o [4]
      .text               ro code  0x0800e7f4    0x2ec  address-table.o [15]
      .text               ro code  0x0800eae0     0x14  cbke-crypto-engine-stub.o [5]
      .text               ro code  0x0800eaf4     0x2a  zll-stubs.o [16]
      .text               ro code  0x0800eb20    0x150  broadcast.o [15]
      .text               ro code  0x0800ec70    0x3c0  route-table.o [15]
      .text               ro code  0x0800f030    0x790  application-support.o [15]
      .text               ro code  0x0800f7c0    0x17c  child-aging.o [15]
      .text               ro code  0x0800f93c    0x370  zdo-channel.o [15]
      .text               ro code  0x0800fcac    0x88c  aps-retry.o [15]
      .text               ro code  0x08010538    0x292  retry.o [15]
      .text               ro code  0x080107cc    0x648  neighbor.o [15]
      .text               ro code  0x08010e14    0x3c8  aps-keys.o [13]
      .text               ro code  0x080111dc    0x1f4  zigbee-neighbor.o [15]
      .text               ro code  0x080113d0     0xa4  bootloader-interface-standalone.o [1]
      .text               ro code  0x08011474    0x3ce  command.o [15]
      .text               ro code  0x08011844     0xd4  zigbee-dispatch.o [15]
      .text               ro code  0x08011918     0x32  crc.o [1]
      .text               ro code  0x0801194a      0x8  high-security-stub.o [13]
      .text               ro code  0x08011954    0x4f0  zigbee-device-util.o [15]
      .text               ro code  0x08011e44    0x344  management.o [15]
      .text               ro code  0x08012188    0x388  leave.o [15]
      .text               ro code  0x08012510    0x408  scan.o [15]
      .text               ro code  0x08012918    0x2ec  random-id.o [15]
      .text               ro code  0x08012c04    0x580  zigbee-packet-header.o [15]
      .text               ro code  0x08013184    0x4a0  trust-center-util.o [13]
      .text               ro code  0x08013624     0x4c  form-and-join-node-callbacks.o [1]
      .text               ro code  0x08013670     0xf0  token-cache.o [15]
      .text               ro code  0x08013760    0x520  form-and-join.o [1]
      .text               ro code  0x08013c80     0x94  mpu.o [1]
      .text               ro code  0x08013d14    0x218  jit.o [15]
      .text               ro code  0x08013f2c     0x64  unicast-table.o [15]
      .text               ro code  0x08013f90    0x5c2  crypto.o [15]
      .text               ro code  0x08014554    0x774  route-discovery.o [15]
      .text               ro code  0x08014cc8    0xa88  aps-security.o [13]
      .text               ro code  0x08015750    0x2b4  packet-validate.o [11]
      .text               ro code  0x08015a04    0x148  route-error.o [15]
      .text               ro code  0x08015b4c    0x35c  neighbor-exchange.o [15]
      .text               ro code  0x08015ea8    0x208  alarm.o [3]
      .text               ro code  0x080160b0    0x2b8  aps-encryption.o [13]
      .text               ro code  0x08016368      0xe  aps-keys-full-stub.o [14]
      .text               ro code  0x08016376     0x62  hmac.o [13]
      .text               ro code  0x080163d8      0xc  bootloader-interface.o [1]
      .text               ro code  0x080163e4    0x84c  zigbee-device.o [15]
      .text               ro code  0x08016c30      0x8  end-device-bind-stub.o [7]
      .text               ro code  0x08016c38      0x4  aps-skke-stub.o [13]
      .text               ro code  0x08016c3c    0x15c  aes-mmo.o [13]
      .text               ro code  0x08016d98    0x1c4  zdo-binding-table.o [4]
      .text               ro code  0x08016f5c    0x110  buzzer.o [1]
      .text               ro code  0x0801706c     0x80  faults.o [1]
      .text               ro code  0x080170ec      0x0  isr-stubs.o [1]
      .text               ro code  0x080170ec      0x0  isr-stubs.o [1]
      .text               ro code  0x080170ec      0x0  isr-stubs.o [1]
      .text               ro code  0x080170ec      0x0  isr-stubs.o [1]
      .text               ro code  0x080170ec      0x0  isr-stubs.o [1]
      .text               ro code  0x080170ec      0x0  isr-stubs.o [1]
      .text               ro code  0x080170ec      0x0  isr-stubs.o [1]
      .text               ro code  0x080170ec      0x0  isr-stubs.o [1]
      .text               ro code  0x080170ec      0x0  isr-stubs.o [1]
      .text               ro code  0x080170ec      0x0  isr-stubs.o [1]
      .text               ro code  0x080170ec      0x0  isr-stubs.o [1]
      .text               ro code  0x080170ec      0x4  isr-stubs.o [1]
      .text               ro code  0x080170f0    0x1d0  cstartup-iar.o [8]
      .text               ro code  0x080172c0     0x76  ABImemcpy.o [12]
      .text               ro code  0x08017338      0x6  ABImemclr.o [12]
      .text               ro code  0x08017340      0x6  ABImemclr4.o [12]
      .text               ro code  0x08017348     0x10  context-switch.o [8]
      .text               ro code  0x08017358     0x5e  ABImemset.o [12]
      .text               ro code  0x080173b8     0x32  ABImemset48.o [12]
      .text               ro code  0x080173ec     0x38  context-switch.o [8]
      .text               ro code  0x08017424     0x18  cal-pads.o [15]
    .rodata               const    0x0801743c     0x14  bootload-utils.o [1]
    .rodata               const    0x08017450     0x10  bootload-utils.o [1]
    .rodata               const    0x08017460     0x28  bootload-utils.o [1]
    .rodata               const    0x08017488     0x14  bootload-utils.o [1]
    .rodata               const    0x0801749c     0x24  bootload-utils.o [1]
    .rodata               const    0x080174c0     0x24  bootload-utils.o [1]
    .rodata               const    0x080174e4     0x2c  bootload-utils.o [1]
    .rodata               const    0x08017510     0x38  bootload-utils.o [1]
    .rodata               const    0x08017548     0x18  bootload-utils.o [1]
    .rodata               const    0x08017560     0x18  bootload-utils.o [1]
    .rodata               const    0x08017578     0x14  bootload-utils.o [1]
    .rodata               const    0x0801758c     0x20  bootload-utils.o [1]
    .rodata               const    0x080175ac     0x10  cstartup-iar-common.o [1]
    .rodata               const    0x080175bc     0x14  diagnostic.o [1]
    .rodata               const    0x080175d0     0x18  ember-configuration.o [1]
    .rodata               const    0x080175e8     0x10  form-and-join-node-adapter.o [1]
    .rodata               const    0x080175f8     0x18  form-and-join.o [1]
    .rodata               const    0x08017610     0x18  form-and-join.o [1]
    .rodata               const    0x08017628     0x14  form-and-join.o [1]
    .rodata               const    0x0801763c     0x14  form-and-join.o [1]
    .rodata               const    0x08017650      0xc  form-and-join.o [1]
    .rodata               const    0x0801765c     0x10  form-and-join.o [1]
    .rodata               const    0x0801766c      0xc  form-and-join.o [1]
    .rodata               const    0x08017678      0xc  form-and-join.o [1]
    .rodata               const    0x08017684     0x10  form-and-join.o [1]
    .rodata               const    0x08017694     0x20  form-and-join.o [1]
    .rodata               const    0x080176b4     0x10  form-and-join.o [1]
    .rodata               const    0x080176c4     0x1c  form-and-join.o [1]
    .rodata               const    0x080176e0     0x20  form-and-join.o [1]
    .rodata               const    0x08017700      0xc  main.o [1]
    .rodata               const    0x0801770c     0x38  main.o [1]
    .rodata               const    0x08017744     0x2c  main.o [1]
    .rodata               const    0x08017770      0x8  main.o [1]
    .rodata               const    0x08017778      0x8  mfg-token.o [1]
    .rodata               const    0x08017780     0x2c  micro.o [1]
    .rodata               const    0x080177ac      0x8  serial.o [1]
    .rodata               const    0x080177b4      0x8  serial.o [1]
    .rodata               const    0x080177bc      0x4  serial.o [1]
    .rodata               const    0x080177c0      0x8  serial.o [1]
    .rodata               const    0x080177c8      0x8  serial.o [1]
    .rodata               const    0x080177d0     0x24  serial.o [1]
    .rodata               const    0x080177f4     0x10  sim-eeprom.o [1]
    .rodata               const    0x08017804     0x1c  sim-eeprom.o [1]
    .rodata               const    0x08017820     0x38  sim-eeprom.o [1]
    .rodata               const    0x08017858      0xc  sim-eeprom.o [1]
    .rodata               const    0x08017864     0x58  sim-eeprom.o [1]
    .rodata               const    0x080178bc     0x18  sim-eeprom.o [1]
    .rodata               const    0x080178d4      0x8  sleep.o [1]
    .rodata               const    0x080178dc     0x30  token-def.o [1]
    .rodata               const    0x0801790c     0x18  token-def.o [1]
    .rodata               const    0x08017924     0x18  token-def.o [1]
    .rodata               const    0x0801793c     0x18  token-def.o [1]
    .rodata               const    0x08017954      0x4  token-def.o [1]
    .rodata               const    0x08017958     0x14  token-def.o [1]
    .rodata               const    0x0801796c      0x4  token-def.o [1]
    .rodata               const    0x08017970     0x14  token-def.o [1]
    .rodata               const    0x08017984     0x10  token-def.o [1]
    .rodata               const    0x08017994     0x1c  token-def.o [1]
    .rodata               const    0x080179b0      0x8  token-def.o [1]
    .rodata               const    0x080179b8      0xc  token-def.o [1]
    .rodata               const    0x080179c4      0x4  token-def.o [1]
    .rodata               const    0x080179c8     0x14  token-def.o [1]
    .rodata               const    0x080179dc     0x10  token-def.o [1]
    .rodata               const    0x080179ec     0x14  token-def.o [1]
    .rodata               const    0x08017a00     0x1c  token-def.o [1]
    .rodata               const    0x08017a1c      0x8  token-def.o [1]
    .rodata               const    0x08017a24      0xc  token-def.o [1]
    .rodata               const    0x08017a30      0x4  token-def.o [1]
    .rodata               const    0x08017a34     0x10  token-def.o [1]
    .rodata               const    0x08017a44      0xc  token-def.o [1]
    .rodata               const    0x08017a50     0x1c  token-def.o [1]
    .rodata               const    0x08017a6c     0x5c  token-def.o [1]
    .rodata               const    0x08017ac8     0x5c  token-def.o [1]
    .rodata               const    0x08017b24      0x4  token.o [1]
    .rodata               const    0x08017b28      0x8  token.o [1]
    .rodata               const    0x08017b30     0x28  uart.o [1]
    .rodata               const    0x08017b58      0x8  ember-version.o [15]
    .rodata               const    0x08017b60      0x2  mfg-token.o [1]
    .rodata               const    0x08017b62      0x2  mfg-token.o [1]
    .rodata               const    0x08017b64      0x2  mfg-token.o [1]
    .rodata               const    0x08017b66      0x2  mfg-token.o [1]
    .rodata               const    0x08017b68      0x2  mfg-token.o [1]
    .rodata               const    0x08017b6a      0x2  mfg-token.o [1]
    .rodata               const    0x08017b6c      0x2  mfg-token.o [1]
    .rodata               const    0x08017b6e      0x2  mfg-token.o [1]
    .rodata               const    0x08017b70      0x2  mfg-token.o [1]
    .rodata               const    0x08017b72      0x2  mfg-token.o [1]
    .rodata               const    0x08017b74      0x2  mfg-token.o [1]
    .rodata               const    0x08017b76      0x2  mfg-token.o [1]
    .rodata               const    0x08017b78      0x2  mfg-token.o [1]
    .rodata               const    0x08017b7a      0x2  mfg-token.o [1]
    .rodata               const    0x08017b7c      0x2  mfg-token.o [1]
    .rodata               const    0x08017b7e      0x2  mfg-token.o [1]
    .rodata               const    0x08017b80      0x2  mfg-token.o [1]
    .rodata               const    0x08017b82      0x2  sim-eeprom.o [1]
    .rodata               const    0x08017b84      0x2  sim-eeprom.o [1]
    .rodata               const    0x08017b86      0x2  sim-eeprom.o [1]
    .rodata               const    0x08017b88      0x2  sim-eeprom.o [1]
    .rodata               const    0x08017b8a      0x2  sim-eeprom.o [1]
    .rodata               const    0x08017b8c      0x2  sim-eeprom.o [1]
    .rodata               const    0x08017b8e      0x2  sim-eeprom.o [1]
    .rodata               const    0x08017b90      0x2  sim-eeprom.o [1]
    .rodata               const    0x08017b92      0x2  token-def.o [1]
    .rodata               const    0x08017b94      0x2  token-def.o [1]
    .rodata               const    0x08017b96      0x2  token-def.o [1]
    .rodata               const    0x08017b98      0x1  ember-configuration.o [1]
    .rodata               const    0x08017b99      0x1  sim-eeprom.o [1]
    .rodata               const    0x08017b9a      0x1  aps-skke-stub.o [13]
    .data_init                     0x08017b9c    0x2a4  <Block>
      Initializer bytes   ro data  0x08017b9c    0x2a4  <for .data-1>
                                 - 0x08017e40  0x15d40

"NVM&SIMEE":                                    0x2000
  SIMEE                            0x0802e000   0x2000  <Block>
    SIMEE                 uninit   0x0802e000   0x2000  sim-eeprom.o [1]
                                 - 0x08030000   0x2000

"FAT":                                            0x2c
  FAT                     uninit   0x08040000     0x2c  cstartup-iar-common.o [1]
                                 - 0x0804002c     0x2c

"Heap":                                          0x580
  EMHEAP_overlay                   0x20000000    0x570  <Overlay>
    part 1:
      EMHEAP              uninit   0x20000000    0x570  ember-configuration.o [1]
    part 2:
      RESETINFO                    0x20000000     0x98  <Block>
        RESETINFO         const    0x20000000      0x0  faults.o [1]
        RESETINFO         const    0x20000000      0x0  isr-stubs.o [1]
        RESETINFO         const    0x20000000      0x0  spmr.o [8]
        RESETINFO         const    0x20000000      0x0  context-switch.o [8]
        RESETINFO         uninit   0x20000000     0x98  cstartup-iar-common.o [1]
                                 - 0x20000570    0x570

"Guard":                                          0x20
  GUARD_REGION            uninit   0x20000580     0x20  cstartup-iar-common.o [1]
                                 - 0x200005a0     0x20

"APP rw":                                        0xfd6
  APPRW_block                      0x20002018    0xfd6  <Block>
    ALIGN_CSTACK                   0x20002018    0x758  <Block>
      CSTACK                       0x20002018    0x758  <Block>
        CSTACK            const    0x20002018      0x0  faults.o [1]
        CSTACK            const    0x20002018      0x0  isr-stubs.o [1]
        CSTACK            const    0x20002018      0x0  spmr.o [8]
        CSTACK            const    0x20002018      0x0  context-switch.o [8]
        CSTACK            uninit   0x20002018    0x758  cstartup-iar-common.o [1]
    .data                          0x20002770    0x2a4  <Block>
      .data-1                      0x20002770    0x2a2  <Init block>
        .data             inited   0x20002770      0x8  bootload-utils.o [1]
        .data             inited   0x20002778      0x1  bootload-utils.o [1]
        .data             inited   0x20002779      0x1  bootload-utils.o [1]
        .data             inited   0x2000277a      0x1  bootload-utils.o [1]
        .data             inited   0x2000277b      0x1  bootload-utils.o [1]
        .data             inited   0x2000277c      0x1  buzzer.o [1]
        .data             inited   0x2000277d      0x1  ember-configuration.o [1]
        .data             inited   0x2000277e      0x1  ember-configuration.o [1]
        .data             inited   0x20002780      0x4  ember-configuration.o [1]
        .data             inited   0x20002784      0x4  ember-configuration.o [1]
        .data             inited   0x20002788      0x4  ember-configuration.o [1]
        .data             inited   0x2000278c      0x4  ember-configuration.o [1]
        .data             inited   0x20002790      0x4  ember-configuration.o [1]
        .data             inited   0x20002794      0x1  ember-configuration.o [1]
        .data             inited   0x20002798      0x4  ember-configuration.o [1]
        .data             inited   0x2000279c      0x1  ember-configuration.o [1]
        .data             inited   0x200027a0      0x4  ember-configuration.o [1]
        .data             inited   0x200027a4      0x4  ember-configuration.o [1]
        .data             inited   0x200027a8      0x4  ember-configuration.o [1]
        .data             inited   0x200027ac      0x4  ember-configuration.o [1]
        .data             inited   0x200027b0      0x4  ember-configuration.o [1]
        .data             inited   0x200027b4      0x1  ember-configuration.o [1]
        .data             inited   0x200027b8      0x4  ember-configuration.o [1]
        .data             inited   0x200027bc      0x1  ember-configuration.o [1]
        .data             inited   0x200027c0      0x4  ember-configuration.o [1]
        .data             inited   0x200027c4      0x1  ember-configuration.o [1]
        .data             inited   0x200027c8      0x4  ember-configuration.o [1]
        .data             inited   0x200027cc      0x1  ember-configuration.o [1]
        .data             inited   0x200027d0      0x4  ember-configuration.o [1]
        .data             inited   0x200027d4      0x1  ember-configuration.o [1]
        .data             inited   0x200027d8      0x4  ember-configuration.o [1]
        .data             inited   0x200027dc      0x4  ember-configuration.o [1]
        .data             inited   0x200027e0      0x4  ember-configuration.o [1]
        .data             inited   0x200027e4      0x1  ember-configuration.o [1]
        .data             inited   0x200027e8      0x4  ember-configuration.o [1]
        .data             inited   0x200027ec      0x1  ember-configuration.o [1]
        .data             inited   0x200027f0      0x4  ember-configuration.o [1]
        .data             inited   0x200027f4      0x2  ember-configuration.o [1]
        .data             inited   0x200027f6      0x1  ember-configuration.o [1]
        .data             inited   0x200027f8      0x4  ember-configuration.o [1]
        .data             inited   0x200027fc      0x1  ember-configuration.o [1]
        .data             inited   0x200027fd      0x1  ember-configuration.o [1]
        .data             inited   0x200027fe      0x1  ember-configuration.o [1]
        .data             inited   0x200027ff      0x1  ember-configuration.o [1]
        .data             inited   0x20002800      0x2  ember-configuration.o [1]
        .data             inited   0x20002802      0x1  ember-configuration.o [1]
        .data             inited   0x20002803      0x1  ember-configuration.o [1]
        .data             inited   0x20002804      0x1  ember-configuration.o [1]
        .data             inited   0x20002805      0x1  ember-configuration.o [1]
        .data             inited   0x20002806      0x1  form-and-join-node-adapter.o [1]
        .data             inited   0x20002807      0x1  main.o [1]
        .data             inited   0x20002808     0x10  main.o [1]
        .data             inited   0x20002818      0xc  micro.o [1]
        .data             inited   0x20002824      0x4  micro.o [1]
        .data             inited   0x20002828      0xc  micro.o [1]
        .data             inited   0x20002834      0x4  micro.o [1]
        .data             inited   0x20002838     0x40  mpu.o [1]
        .data             inited   0x20002878      0x2  random.o [1]
        .data             inited   0x2000287a      0x2  random.o [1]
        .data             inited   0x2000287c     0x10  serial.o [1]
        .data             inited   0x2000288c     0x10  serial.o [1]
        .data             inited   0x2000289c      0x9  analogue.o [15]
        .data             inited   0x200028a8      0xe  analogue.o [15]
        .data             inited   0x200028b6      0x1  packet-buffer.o [15]
        .data             inited   0x200028b8      0x6  child.o [15]
        .data             inited   0x200028c0      0x8  zigbee-stack.o [15]
        .data             inited   0x200028c8      0x1  zigbee-stack.o [15]
        .data             inited   0x200028cc      0x4  micro-internal.o [8]
        .data             inited   0x200028d0      0x4  debug.o [15]
        .data             inited   0x200028d4     0x24  scan.o [15]
        .data             inited   0x200028f8     0x24  association.o [15]
        .data             inited   0x2000291c      0xc  association.o [15]
        .data             inited   0x20002928      0xa  clocks.o [8]
        .data             inited   0x20002932      0x8  analogue-mod-dac.o [15]
        .data             inited   0x2000293c     0x1c  phy-common.o [15]
        .data             inited   0x20002958      0x1  phy-common.o [15]
        .data             inited   0x20002959      0x2  random-id.o [15]
        .data             inited   0x2000295c      0x4  network.o [15]
        .data             inited   0x20002960      0x1  network.o [15]
        .data             inited   0x20002962      0x4  application-support.o [15]
        .data             inited   0x20002968     0x14  mac-arbiter.o [15]
        .data             inited   0x2000297c      0x8  mac-arbiter.o [15]
        .data             inited   0x20002984     0x12  mac-indirect.o [15]
        .data             inited   0x20002998     0x14  zdo-channel.o [15]
        .data             inited   0x200029ac      0x2  mac-em250.o [15]
        .data             inited   0x200029ae      0x1  zigbee-device-util.o [15]
        .data             inited   0x200029b0     0x10  mac-receive.o [15]
        .data             inited   0x200029c0      0xe  aps-retry.o [15]
        .data             inited   0x200029d0      0xe  management.o [15]
        .data             inited   0x200029e0      0xe  jit.o [15]
        .data             inited   0x200029f0      0xe  leave.o [15]
        .data             inited   0x200029fe      0x2  trust-center-util.o [13]
        .data             inited   0x20002a00      0x2  token-cache.o [15]
        .data             inited   0x20002a02      0x4  mac-header.o [15]
        .data             inited   0x20002a06      0x1  packet-validate.o [11]
        .data             inited   0x20002a08      0xa  zigbee-device.o [15]
    DLIB_PERTHREAD_INITIALIZED_DATA
                                   0x20002a14      0x0  <Block>
    DLIB_PERTHREAD_ZERO_DATA
                                   0x20002a14      0x0  <Block>
    .bss                           0x20002a18    0x5d6  <Block>
      .bss                uninit   0x20002a18     0x10  mac-indirect.o [15]
      .bss                uninit   0x20002a28      0x4  TWI.o [1]
      .bss                uninit   0x20002a2c      0x8  adc.o [1]
      .bss                uninit   0x20002a34      0x8  adc.o [1]
      .bss                uninit   0x20002a3c     0x80  bootload-utils.o [1]
      .bss                uninit   0x20002abc     0x48  bootload-utils.o [1]
      .bss                uninit   0x20002b04      0x8  bootload-utils.o [1]
      .bss                uninit   0x20002b0c     0x10  bootload-utils.o [1]
      .bss                uninit   0x20002b1c      0x4  buzzer.o [1]
      .bss                uninit   0x20002b20     0x24  ember-configuration.o [1]
      .bss                uninit   0x20002b44      0x8  form-and-join-node-adapter.o [1]
      .bss                uninit   0x20002b4c      0x4  form-and-join.o [1]
      .bss                uninit   0x20002b50      0x8  form-and-join.o [1]
      .bss                uninit   0x20002b58      0x4  form-and-join.o [1]
      .bss                uninit   0x20002b5c      0x4  micro.o [1]
      .bss                uninit   0x20002b60     0x88  serial.o [1]
      .bss                uninit   0x20002be8     0x18  serial.o [1]
      .bss                uninit   0x20002c00      0x4  serial.o [1]
      .bss                uninit   0x20002c04      0x8  serial.o [1]
      .bss                uninit   0x20002c0c     0x5c  sim-eeprom.o [1]
      .bss                uninit   0x20002c68      0x4  sleep.o [1]
      .bss                uninit   0x20002c6c      0x4  sleep.o [1]
      .bss                uninit   0x20002c70     0x24  analogue.o [15]
      .bss                uninit   0x20002c94      0x8  eui64.o [15]
      .bss                uninit   0x20002c9c      0xc  zigbee-dispatch.o [15]
      .bss                uninit   0x20002ca8      0x8  system-timer.o [8]
      .bss                uninit   0x20002cb0      0xc  debug.o [15]
      .bss                uninit   0x20002cbc      0xc  association.o [15]
      .bss                uninit   0x20002cc8    0x118  phy.o [15]
      .bss                uninit   0x20002de0      0x8  context-switch.o [8]
      .bss                uninit   0x20002de8      0x8  ember-multi-network-stub.o [10]
      .bss                uninit   0x20002df0      0x8  ember-multi-network-stub.o [10]
      .bss                uninit   0x20002df8      0x8  ember-multi-network-stub.o [10]
      .bss                uninit   0x20002e00      0x8  neighbor.o [15]
      .bss                uninit   0x20002e08     0x64  broadcast.o [15]
      .bss                uninit   0x20002e6c      0x8  cal-pads.o [15]
      .bss                uninit   0x20002e74      0x8  mac-em250.o [15]
      .bss                uninit   0x20002e7c      0x8  high-security-stub.o [13]
      .bss                uninit   0x20002e84      0x8  aps-keys.o [13]
      .bss                uninit   0x20002e8c      0x8  zigbee-device-util.o [15]
      .bss                uninit   0x20002e94      0xc  mac.o [15]
      .bss                uninit   0x20002ea0     0x80  mac.o [15]
      .bss                uninit   0x20002f20      0x8  aps-skke-stub.o [13]
      .bss                uninit   0x20002f28      0x8  neighbor-exchange.o [15]
      .bss                uninit   0x20002f30     0x10  retry.o [15]
      .bss                uninit   0x20002f40     0x30  retry.o [15]
      .bss                uninit   0x20002f70      0x8  end-device-bind-stub.o [7]
      .bss                uninit   0x20002f78      0x8  zll-stubs.o [16]
      .bss                uninit   0x20002f80      0x4  crypto.o [15]
      .bss                uninit   0x20002f84     0x14  unicast-table.o [15]
      .bss                uninit   0x20002f98      0x8  mac-header.o [15]
      .bss                uninit   0x20002fa0      0x2  adc.o [1]
      .bss                uninit   0x20002fa2      0x2  adc.o [1]
      .bss                uninit   0x20002fa4      0x2  bootload-utils.o [1]
      .bss                uninit   0x20002fa6      0x2  buzzer.o [1]
      .bss                uninit   0x20002fa8      0x2  cstartup-iar-common.o [1]
      .bss                uninit   0x20002faa      0x4  sim-eeprom-internal.o [8]
      .bss                uninit   0x20002fae      0x4  route-table.o [15]
      .bss                uninit   0x20002fb2      0x1  adc.o [1]
      .bss                uninit   0x20002fb3      0x1  adc.o [1]
      .bss                uninit   0x20002fb4      0x1  adc.o [1]
      .bss                uninit   0x20002fb5      0x1  adc.o [1]
      .bss                uninit   0x20002fb6      0x1  bootload-utils.o [1]
      .bss                uninit   0x20002fb7      0x1  bootload-utils.o [1]
      .bss                uninit   0x20002fb8      0x1  bootload-utils.o [1]
      .bss                uninit   0x20002fb9      0x1  bootload-utils.o [1]
      .bss                uninit   0x20002fba      0x1  bootload-utils.o [1]
      .bss                uninit   0x20002fbb      0x1  bootload-utils.o [1]
      .bss                uninit   0x20002fbc      0x1  button.o [1]
      .bss                uninit   0x20002fbd      0x1  button.o [1]
      .bss                uninit   0x20002fbe      0x1  buzzer.o [1]
      .bss                uninit   0x20002fbf      0x1  ember-configuration.o [1]
      .bss                uninit   0x20002fc0      0x1  ember-configuration.o [1]
      .bss                uninit   0x20002fc1      0x1  ember-configuration.o [1]
      .bss                uninit   0x20002fc2      0x1  ember-configuration.o [1]
      .bss                uninit   0x20002fc3      0x1  ember-configuration.o [1]
      .bss                uninit   0x20002fc4      0x1  ember-configuration.o [1]
      .bss                uninit   0x20002fc5      0x1  ember-configuration.o [1]
      .bss                uninit   0x20002fc6      0x1  ember-configuration.o [1]
      .bss                uninit   0x20002fc7      0x1  ember-configuration.o [1]
      .bss                uninit   0x20002fc8      0x1  ember-configuration.o [1]
      .bss                uninit   0x20002fc9      0x1  ember-configuration.o [1]
      .bss                uninit   0x20002fca      0x1  form-and-join.o [1]
      .bss                uninit   0x20002fcb      0x1  form-and-join.o [1]
      .bss                uninit   0x20002fcc      0x1  form-and-join.o [1]
      .bss                uninit   0x20002fcd      0x1  form-and-join.o [1]
      .bss                uninit   0x20002fce      0x1  micro-common.o [1]
      .bss                uninit   0x20002fcf      0x1  micro.o [1]
      .bss                uninit   0x20002fd0      0x1  micro.o [1]
      .bss                uninit   0x20002fd1      0x1  micro.o [1]
      .bss                uninit   0x20002fd2      0x1  sleep.o [1]
      .bss                uninit   0x20002fd3      0x1  token.o [1]
      .bss                uninit   0x20002fd4      0x1  token.o [1]
      .bss                uninit   0x20002fd5      0x1  zigbee-dispatch.o [15]
      .bss                uninit   0x20002fd6      0x1  command.o [15]
      .bss                uninit   0x20002fd7      0x1  zigbee-stack.o [15]
      .bss                uninit   0x20002fd8      0x1  debug.o [15]
      .bss                uninit   0x20002fd9      0x2  event-control.o [15]
      .bss                uninit   0x20002fdb      0x1  association.o [15]
      .bss                uninit   0x20002fdc      0x1  flash.o [8]
      .bss                uninit   0x20002fdd      0x2  phy.o [15]
      .bss                uninit   0x20002fdf      0x2  phy.o [15]
      .bss                uninit   0x20002fe1      0x3  analogue-vco.o [15]
      .bss                uninit   0x20002fe4      0x1  phy-common.o [15]
      .bss                uninit   0x20002fe5      0x1  alarm.o [3]
      .bss                uninit   0x20002fe6      0x1  neighbor.o [15]
      .bss                uninit   0x20002fe7      0x1  random-id.o [15]
      .bss                uninit   0x20002fe8      0x2  network.o [15]
      .bss                uninit   0x20002fea      0x1  application-support.o [15]
      .bss                uninit   0x20002feb      0x1  debug-jtag.o [15]
      .bss                uninit   0x20002fec      0x1  high-security-stub.o [13]
      .bss                uninit   0x20002fed      0x1  route-discovery.o [15]
                                 - 0x20002fee    0xfd6

"DEBUGCHAN":                                      0x10
  DEBUG_CHANNEL                    0x20002ff0     0x10  <Block>
    DEBUG_CHANNEL         uninit   0x20002ff0     0x10  debug-jtag.o [15]
                                 - 0x20003000     0x10



*******************************************************************************
*** MODULE SUMMARY
***

    Module                             ro code  ro data  rw data
    ------                             -------  -------  -------
F:\Firmware\emberZNet\firmware\EmberZNet\EM35x\app\Driver\ewb-em357\Debug\Obj: [1]
    TWI.o                                   20                 4
    Timer.o                                 24
    adc.o                                  336                24
    bootload-utils.o                     3 922      380      244
    bootloader-interface-standalone.o      164
    bootloader-interface.o                  12
    button.o                               460                 2
    buzzer.o                               272        1        8
    crc.o                                   50
    cstartup-iar-common.o                  200      332    2 042
    diagnostic.o                           764       20
    ember-configuration.o                  412      162      155
    faults.o                               128
    form-and-join-node-adapter.o           140       17        9
    form-and-join-node-callbacks.o          76
    form-and-join.o                      1 312      264       20
    isr-stubs.o                              4
    led.o                                  254
    main.o                                 204      137       17
    mem-util.o                             256
    mfg-token.o                            144       42
    micro-common.o                         204                 1
    micro.o                                848       76       39
    mpu.o                                  148       64       64
    random.o                               100        4        4
    serial.o                             1 566      104      204
    sim-eeprom.o                           324      241    8 284
    sleep.o                              2 368        8        9
    token-def.o                                     590
    token.o                                448       12        2
    uart.o                                 800       40
    ------------------------------------------------------------
    Total:                              15 960    2 494   11 132

command line: [2]
    ------------------------------------------------------------
    Total:

alarm-library.a: [3]
    alarm.o                                520                 1
    ------------------------------------------------------------
    Total:                                 520                 1

binding-table-library.a: [4]
    binding-table.o                        940
    zdo-binding-table.o                    452
    ------------------------------------------------------------
    Total:                               1 392

cbke-stub-library.a: [5]
    cbke-crypto-engine-stub.o               20
    ------------------------------------------------------------
    Total:                                  20

dl7M_tln.a: [6]
    abs.o                                    8
    ------------------------------------------------------------
    Total:                                   8

end-device-bind-stub-library.a: [7]
    end-device-bind-stub.o                   8                 8
    ------------------------------------------------------------
    Total:                                   8                 8

hal-library.a: [8]
    caladc.o                               284
    clocks.o                               954       10       10
    context-switch.o                        80                 8
    cstartup-iar.o                         464
    flash.o                                296                 1
    micro-common-internal.o                338
    micro-internal.o                       408        7        4
    sim-eeprom-internal.o                2 776                 4
    spmr.o                                  62
    system-timer.o                         256                 8
    ------------------------------------------------------------
    Total:                               5 918       17       35

install-code-library-stub.a: [9]
    ------------------------------------------------------------
    Total:

multi-network-stub-library.a: [10]
    ember-multi-network-stub.o             496                24
    ------------------------------------------------------------
    Total:                                 496                24

packet-validate-library.a: [11]
    packet-validate.o                      692        1        1
    ------------------------------------------------------------
    Total:                                 692        1        1

rt7M_tl.a: [12]
    ABImemclr.o                              6
    ABImemclr4.o                             6
    ABImemcpy.o                            118
    ABImemset.o                             94
    ABImemset48.o                           50
    I64Shl.o                                34
    ------------------------------------------------------------
    Total:                                 308

security-library-core.a: [13]
    aes-mmo.o                              348
    aps-encryption.o                       696
    aps-keys.o                             968                 8
    aps-security.o                       2 696
    aps-skke-stub.o                          4        1        8
    high-security-stub.o                     8                 9
    hmac.o                                  98
    trust-center-util.o                  1 184        2        2
    ------------------------------------------------------------
    Total:                               6 002        3       27

security-library-link-keys-stub.a: [14]
    aps-keys-full-stub.o                    14
    ------------------------------------------------------------
    Total:                                  14

zigbee-pro-stack.a: [15]
    address-table.o                        748
    aes.o                                  174
    analogue-cell-bias.o                   240
    analogue-filter.o                       80
    analogue-lna.o                         426
    analogue-mod-dac.o                     616        8        8
    analogue-vco.o                         212                 3
    analogue.o                           1 468       26       59
    application-support.o                1 936        5        5
    aps-retry.o                          2 188       14       14
    association.o                        4 940       48       61
    broadcast.o                            336               100
    byte-utilities.o                        68
    cal-pads.o                              24                 8
    child-aging.o                          380
    child-table.o                           64
    child.o                              1 780        7        6
    command.o                              974                 1
    crypto.o                             1 474                 4
    debug-jtag.o                           626                17
    debug.o                              1 012        4       17
    ember-stack-common.o                   328
    ember-version.o                                   8
    eui64.o                                 24                 8
    event-control.o                        600                 2
    jit.o                                  536       16       14
    leave.o                                904       16       14
    mac-arbiter.o                        1 048       30       28
    mac-em250.o                            440        2       10
    mac-header.o                           812        4       12
    mac-indirect.o                       1 472       18       34
    mac-receive.o                          716       17       16
    mac.o                                1 024               140
    management.o                           836       16       14
    neighbor-exchange.o                    860                 8
    neighbor.o                           1 608                 9
    network.o                            5 004        6        7
    packet-buffer.o                      1 768        1        1
    packet-header.o                        596
    phy-common.o                         2 204       31       30
    phy-util.o                              18
    phy.o                                1 352               284
    random-id.o                            748        2        3
    retry.o                                658                64
    route-discovery.o                    1 908                 1
    route-error.o                          328
    route-table.o                          960                 4
    scan.o                               1 032       36       36
    symbol-timer.o                          96
    token-cache.o                          240        2        2
    unicast-table.o                        100                20
    zdo-channel.o                          880       22       20
    zigbee-device-util.o                 1 264        1        9
    zigbee-device.o                      2 124       11       10
    zigbee-dispatch.o                      212                13
    zigbee-neighbor.o                      500
    zigbee-packet-header.o               1 408
    zigbee-stack.o                         904       11       10
    ------------------------------------------------------------
    Total:                              55 278      362    1 126

zll-stub-library.a: [16]
    zll-stubs.o                             42                 8
    ------------------------------------------------------------
    Total:                                  42                 8

    Gaps                                    42                54
    Linker created                                    2    1 392
----------------------------------------------------------------
    Grand Total:                        86 700    2 879   13 808


*******************************************************************************
*** ENTRY LIST
***

Entry                      Address    Size  Type      Object
-----                      -------    ----  ----      ------
.bss$$Base              0x20002a18           --   Gb  - Linker created -
.bss$$Length            0x000005d6           --   Gb  - Linker created -
.bss$$Limit             0x20002fee           --   Gb  - Linker created -
.data$$Base             0x20002770           --   Gb  - Linker created -
.data$$Limit            0x20002a14           --   Gb  - Linker created -
.data_init$$Base        0x08017b9c           --   Gb  - Linker created -
.data_init$$Length      0x000002a4           --   Gb  - Linker created -
.data_init$$Limit       0x08017e40           --   Gb  - Linker created -
.noinit$$Base           0x00000000           --   Gb  - Linker created -
.text$$Base             0x08002190           --   Gb  - Linker created -
.text$$Limit            0x0801743c           --   Gb  - Linker created -
.textrw$$Base           0x00000000           --   Gb  - Linker created -
.textrw_init$$Base      0x00000000           --   Gb  - Linker created -
.textrw_init$$Length    0x00000000           --   Gb  - Linker created -
ALIGN_CSTACK$$Base      0x20002018           --   Gb  - Linker created -
ALIGN_CSTACK$$Limit     0x20002770           --   Gb  - Linker created -
APPRO_block$$Base       0x08002100           --   Gb  - Linker created -
APPRO_block$$Limit      0x08017e40           --   Gb  - Linker created -
APPRW_block$$Base       0x20002018           --   Gb  - Linker created -
APPRW_block$$Limit      0x20002fee           --   Gb  - Linker created -
APP_RAM$$Base           0x00000000           --   Gb  - Linker created -
APP_RAM$$Length         0x00000000           --   Gb  - Linker created -
CSTACK$$Base            0x20002018           --   Gb  - Linker created -
CSTACK$$Limit           0x20002770           --   Gb  - Linker created -
DEBUG_CHANNEL$$Base     0x20002ff0           --   Gb  - Linker created -
DEBUG_CHANNEL$$Limit    0x20003000           --   Gb  - Linker created -
DLIB_PERTHREAD_INITIALIZED_DATA$$Base
                        0x20002a14           --   Gb  - Linker created -
DLIB_PERTHREAD_INITIALIZED_DATA$$Limit
                        0x20002a14           --   Gb  - Linker created -
DLIB_PERTHREAD_ZERO_DATA$$Base
                        0x20002a14           --   Gb  - Linker created -
DLIB_PERTHREAD_ZERO_DATA$$Length
                        0x00000000           --   Gb  - Linker created -
DLIB_PERTHREAD_ZERO_DATA$$Limit
                        0x20002a14           --   Gb  - Linker created -
EMHEAP_overlay$$Base    0x20000000           --   Gb  - Linker created -
EMHEAP_overlay$$Limit   0x20000570           --   Gb  - Linker created -
ERASE_CRITICAL_THRESHOLD
                        0x08017b8c     0x2  Data  Gb  sim-eeprom.o [1]
HEADER_block$$Base      0x08002000           --   Gb  - Linker created -
HEADER_block$$Limit     0x080020ac           --   Gb  - Linker created -
ID_COUNT                0x08017b8e     0x2  Data  Gb  sim-eeprom.o [1]
INTERNAL_STORAGE$$Base  0x00000000           --   Gb  - Linker created -
LEFT_BASE               0x08017b84     0x2  Data  Gb  sim-eeprom.o [1]
LEFT_TOP                0x08017b86     0x2  Data  Gb  sim-eeprom.o [1]
PTR_CACHE_SIZE          0x08017b90     0x2  Data  Gb  sim-eeprom.o [1]
PendSV_Handler          0x080173ed          Code  Gb  context-switch.o [8]
REAL_PAGES_PER_VIRTUAL  0x08017b99     0x1  Data  Gb  sim-eeprom.o [1]
REAL_PAGE_SIZE          0x08017b82     0x2  Data  Gb  sim-eeprom.o [1]
RESETINFO$$Base         0x20000000           --   Gb  - Linker created -
RESETINFO$$Limit        0x20000098           --   Gb  - Linker created -
RIGHT_BASE              0x08017b88     0x2  Data  Gb  sim-eeprom.o [1]
RIGHT_TOP               0x08017b8a     0x2  Data  Gb  sim-eeprom.o [1]
Region$$Table$$Base     0x00000000           --   Gb  - Linker created -
Region$$Table$$Limit    0x00000000           --   Gb  - Linker created -
SIMEE$$Base             0x0802e000           --   Gb  - Linker created -
SIMEE$$Limit            0x08030000           --   Gb  - Linker created -
TOKEN_MFG_1V8_REG_VOLTAGE
                        0x08017b6a     0x2  Data  Gb  mfg-token.o [1]
TOKEN_MFG_ANALOG_TRIM_BOOST
                        0x08017b64     0x2  Data  Gb  mfg-token.o [1]
TOKEN_MFG_ANALOG_TRIM_BOTH
                        0x08017b66     0x2  Data  Gb  mfg-token.o [1]
TOKEN_MFG_ANALOG_TRIM_NORMAL
                        0x08017b62     0x2  Data  Gb  mfg-token.o [1]
TOKEN_MFG_BOARD_NAME    0x08017b72     0x2  Data  Gb  mfg-token.o [1]
TOKEN_MFG_BOOTLOAD_AES_KEY
                        0x08017b78     0x2  Data  Gb  mfg-token.o [1]
TOKEN_MFG_CCA_THRESHOLD
                        0x08017b7e     0x2  Data  Gb  mfg-token.o [1]
TOKEN_MFG_CUSTOM_EUI_64
                        0x08017b70     0x2  Data  Gb  mfg-token.o [1]
TOKEN_MFG_EMBER_EUI_64  0x08017b60     0x2  Data  Gb  mfg-token.o [1]
TOKEN_MFG_EUI_64        0x08017b80     0x2  Data  Gb  mfg-token.o [1]
TOKEN_MFG_FIB_VERSION   0x08017b6e     0x2  Data  Gb  mfg-token.o [1]
TOKEN_MFG_MANUF_ID      0x08017b74     0x2  Data  Gb  mfg-token.o [1]
TOKEN_MFG_OSC24M_BIAS_TRIM
                        0x08017b7a     0x2  Data  Gb  mfg-token.o [1]
TOKEN_MFG_PHY_CONFIG    0x08017b76     0x2  Data  Gb  mfg-token.o [1]
TOKEN_MFG_REG_TRIM      0x08017b68     0x2  Data  Gb  mfg-token.o [1]
TOKEN_MFG_SYNTH_FREQ_OFFSET
                        0x08017b7c     0x2  Data  Gb  mfg-token.o [1]
TOKEN_MFG_TEMP_CAL      0x08017b6c     0x2  Data  Gb  mfg-token.o [1]
TOKEN_MULTI_NETWORK_STACK_ALTERNATE_KEY_DEFAULTS
                        0x080179ec    0x14  Data  Gb  token-def.o [1]
TOKEN_MULTI_NETWORK_STACK_KEYS_DEFAULTS
                        0x080179c8    0x14  Data  Gb  token-def.o [1]
TOKEN_MULTI_NETWORK_STACK_NETWORK_MANAGEMENT_DEFAULTS
                        0x08017a1c     0x8  Data  Gb  token-def.o [1]
TOKEN_MULTI_NETWORK_STACK_NODE_DATA_DEFAULTS
                        0x080179dc    0x10  Data  Gb  token-def.o [1]
TOKEN_MULTI_NETWORK_STACK_NONCE_COUNTER_DEFAULTS
                        0x08017a30     0x4  Data  Gb  token-def.o [1]
TOKEN_MULTI_NETWORK_STACK_PARENT_INFO_DEFAULTS
                        0x08017a24     0xc  Data  Gb  token-def.o [1]
TOKEN_MULTI_NETWORK_STACK_TRUST_CENTER_DEFAULTS
                        0x08017a00    0x1c  Data  Gb  token-def.o [1]
TOKEN_STACK_ALTERNATE_KEY_DEFAULTS
                        0x08017958    0x14  Data  Gb  token-def.o [1]
TOKEN_STACK_ANALYSIS_REBOOT_DEFAULTS
                        0x08017b96     0x2  Data  Gb  token-def.o [1]
TOKEN_STACK_APS_FRAME_COUNTER_DEFAULTS
                        0x08017954     0x4  Data  Gb  token-def.o [1]
TOKEN_STACK_BINDING_TABLE_DEFAULTS
                        0x08017a34    0x10  Data  Gb  token-def.o [1]
TOKEN_STACK_BOOT_COUNTER_DEFAULTS
                        0x08017b94     0x2  Data  Gb  token-def.o [1]
TOKEN_STACK_CAL_DATA_DEFAULTS
                        0x080179c4     0x4  Data  Gb  token-def.o [1]
TOKEN_STACK_CERTIFICATE_TABLE_DEFAULTS
                        0x08017a6c    0x5c  Data  Gb  token-def.o [1]
TOKEN_STACK_CHILD_TABLE_DEFAULTS
                        0x08017a44     0xc  Data  Gb  token-def.o [1]
TOKEN_STACK_KEYS_DEFAULTS
                        0x08017970    0x14  Data  Gb  token-def.o [1]
TOKEN_STACK_KEY_TABLE_DEFAULTS
                        0x08017a50    0x1c  Data  Gb  token-def.o [1]
TOKEN_STACK_NETWORK_MANAGEMENT_DEFAULTS
                        0x080179b0     0x8  Data  Gb  token-def.o [1]
TOKEN_STACK_NODE_DATA_DEFAULTS
                        0x08017984    0x10  Data  Gb  token-def.o [1]
TOKEN_STACK_NONCE_COUNTER_DEFAULTS
                        0x0801796c     0x4  Data  Gb  token-def.o [1]
TOKEN_STACK_NVDATA_VERSION_DEFAULTS
                        0x08017b92     0x2  Data  Gb  token-def.o [1]
TOKEN_STACK_PARENT_INFO_DEFAULTS
                        0x080179b8     0xc  Data  Gb  token-def.o [1]
TOKEN_STACK_TRUST_CENTER_DEFAULTS
                        0x08017994    0x1c  Data  Gb  token-def.o [1]
__DLIB_PERTHREAD_init$$Base
                        0x00000000           --   Gb  - Linker created -
__DLIB_PERTHREAD_init$$Length
                        0x00000000           --   Gb  - Linker created -
__aeabi_llsl            0x0800b585          Code  Gb  I64Shl.o [12]
__aeabi_memclr          0x08017339          Code  Gb  ABImemclr.o [12]
__aeabi_memclr4         0x08017341          Code  Gb  ABImemclr4.o [12]
__aeabi_memcpy          0x080172c1          Code  Gb  ABImemcpy.o [12]
__aeabi_memcpy4         0x080172e1          Code  Gb  ABImemcpy.o [12]
__aeabi_memcpy8         0x080172e1          Code  Gb  ABImemcpy.o [12]
__iar_Memset4_word      0x080173b9          Code  Gb  ABImemset48.o [12]
__iar_Memset8_word      0x080173b9          Code  Gb  ABImemset48.o [12]
__iar_Memset_word       0x08017359          Code  Gb  ABImemset.o [12]
__vector_table          0x08002100    0x90  Data  Gb  cstartup-iar-common.o [1]
_basePriIsDisabled      0x0800d48d          Code  Gb  spmr.o [8]
_clearPriMask           0x08003a25          Code  Gb  spmr.o [8]
_disableBasePri         0x0800260d          Code  Gb  spmr.o [8]
_enableBasePri          0x08006e65          Code  Gb  spmr.o [8]
_executeBarrierInstructions
                        0x08003a0d          Code  Gb  spmr.o [8]
_macTransmitBuffer      0x20002ea0    0x80  Data  Gb  mac.o [15]
_setPriMask             0x08003a09          Code  Gb  spmr.o [8]
_writeBasePri           0x08002619          Code  Gb  spmr.o [8]
abs                     0x08006733     0x8  Code  Gb  abs.o [6]
actionTimer             0x20002fba     0x1  Data  Gb  bootload-utils.o [1]
adcCalibrated           0x20002fb5     0x1  Data  Lc  adc.o [1]
adcConfig               0x20002a34     0x8  Data  Lc  adc.o [1]
adcData                 0x20002fa0     0x2  Data  Lc  adc.o [1]
adcPendingConversion    0x20002fb3     0x1  Data  Lc  adc.o [1]
adcPendingRequests      0x20002fb2     0x1  Data  Lc  adc.o [1]
adcReadingValid         0x20002fb4     0x1  Data  Lc  adc.o [1]
adcReadings             0x20002a2c     0x8  Data  Lc  adc.o [1]
adcStaticConfig         0x20002fa2     0x2  Data  Lc  adc.o [1]
addMobileChild          0x0800d267    0x9a  Code  Lc  child.o [15]
addToApplicationQueue   0x0800c8c3    0x32  Code  Lc  network.o [15]
addressMatchingEnabled  0x20002941     0x1  Data  Lc  phy-common.o [15]
adjustLna               0x08006cb9     0x8  Code  Lc  analogue-lna.o [15]
adjustVco               0x0800697d    0x22  Code  Lc  analogue-vco.o [15]
aesHashNextBlock        0x08016c3d    0x36  Code  Lc  aes-mmo.o [13]
age                     0x20002e09     0x1  Data  Lc  broadcast.o [15]
allowIdling             0x20002fd9     0x1  Data  Lc  event-control.o [15]
appSerial               0x20002fbb     0x1  Data  Gb  bootload-utils.o [1]
applicationProcessIncomingData
                        0x0800f471   0x178  Code  Lc  application-support.o [15]
apsCommandBaseSizes     0x080159bc    0x10  Data  Lc  packet-validate.o [11]
apsCommandPacketIsValid
                        0x080158ff    0x4e  Code  Lc  packet-validate.o [11]
apsPacketIsValid        0x08015889    0x6a  Code  Lc  packet-validate.o [11]
arePageCountersOkay     0x080044c5    0x3e  Code  Lc  sim-eeprom-internal.o [8]
authBlock               0x20002b0c    0x10  Data  Gb  bootload-utils.o [1]
autoAckEnabled          0x20002942     0x1  Data  Lc  phy-common.o [15]
baseHeaderLength        0x0800a81c    0x10  Data  Lc  packet-header.o [15]
baudSettings            0x08017b30    0x28  Data  Gb  uart.o [1]
biasTrim                0x20002930     0x2  Data  Gb  clocks.o [8]
blMode                  0x20002fb7     0x1  Data  Gb  bootload-utils.o [1]
blState                 0x20002fb6     0x1  Data  Gb  bootload-utils.o [1]
blacklistedIdBytes      0x20002959     0x1  Data  Lc  random-id.o [15]
blacklistedIds          0x2000295a     0x1  Data  Lc  random-id.o [15]
boostTxPowerMax         0x200028ac     0x8  Data  Gb  analogue.o [15]
bootloadBuffer          0x20002abc    0x48  Data  Gb  bootload-utils.o [1]
bootloadMakeHeader      0x08008127     0xc  Code  Lc  bootload-utils.o [1]
bootloadSendAuthChallenge
                        0x08007839   0x146  Code  Lc  bootload-utils.o [1]
bootloadSendAuthResponse
                        0x08007981    0xac  Code  Lc  bootload-utils.o [1]
bootloadSendImage       0x08008411    0xe0  Code  Lc  bootload-utils.o [1]
bootloadSerial          0x20002779     0x1  Data  Gb  bootload-utils.o [1]
bootloadUtilInit        0x08007815    0x24  Code  Gb  bootload-utils.o [1]
bootloadUtilLaunchRequestHandler
                        0x08004227     0x6  Code  Gb  main.o [1]
bootloadUtilQueryResponseHandler
                        0x08004215    0x12  Code  Gb  main.o [1]
bootloadUtilStartBootload
                        0x08007a2d    0x5a  Code  Gb  bootload-utils.o [1]
bootloadUtilTick        0x08007a89   0x1c2  Code  Gb  bootload-utils.o [1]
bothTokSerialRegId      0x08006918     0x8  Data  Gb  analogue-cell-bias.o [15]
broadcastEui64          0x20002770     0x8  Data  Gb  bootload-utils.o [1]
broadcastMessageSent    0x080103ed    0xd2  Code  Lc  aps-retry.o [15]
button0State            0x20002fbc     0x1  Data  Gb  button.o [1]
button1State            0x20002fbd     0x1  Data  Gb  button.o [1]
cacheBuffer             0x20002a00     0x1  Data  Lc  token-cache.o [15]
cachingNetworkIndex     0x20002a01     0x1  Data  Lc  token-cache.o [15]
calAdcTempOffset        0x20002fde     0x1  Data  Lc  phy.o [15]
calAdcTempOffsetValid   0x20002fdd     0x1  Data  Lc  phy.o [15]
calDisableAdc           0x08003b67     0xc  Code  Gb  caladc.o [8]
calModDacWithPaEnableMask
                        0x20002934     0x2  Data  Lc  analogue-mod-dac.o [15]
calModDacWithSpreading  0x20002932     0x1  Data  Lc  analogue-mod-dac.o [15]
calReadAdcAtestAWithSpreading
                        0x08006a5f    0xb6  Code  Lc  analogue-mod-dac.o [15]
calReadAdcBlocking      0x08003aef    0x6c  Code  Gb  caladc.o [8]
calStartAdcConversion   0x08003ab9    0x36  Code  Gb  caladc.o [8]
calStartAndReadAdc      0x08003b5b     0xc  Code  Gb  caladc.o [8]
ccaAttempt              0x2000294a     0x1  Data  Lc  phy-common.o [15]
challenge               0x2000277b     0x1  Data  Lc  bootload-utils.o [1]
changeToChannel         0x20002998     0x1  Data  Lc  zdo-channel.o [15]
channelCache            0x20002fcb     0x1  Data  Lc  form-and-join.o [1]
channelMaskCache        0x20002b58     0x4  Data  Lc  form-and-join.o [1]
checkForMovedChild      0x0800c1fb    0x22  Code  Lc  network.o [15]
checkMaybeSetParentToken
                        0x080099a1    0x4a  Code  Lc  association.o [15]
childIsExpectingMessageBitField
                        0x20002a20     0x8  Data  Lc  mac-indirect.o [15]
childJitMessage         0x08013dc9    0xca  Code  Lc  jit.o [15]
childPolledBitField     0x20002a18     0x8  Data  Lc  mac-indirect.o [15]
cleanupEvent            0x20002b44     0x8  Data  Lc  form-and-join-node-adapter.o [1]
cleanupEventHandler     0x08009c5d    0x10  Code  Lc  form-and-join-node-adapter.o [1]
clearNetworkSecurityFromMessage
                        0x08008adb    0x28  Code  Lc  association.o [15]
continueScanRequest     0x0800fa9d    0x56  Code  Lc  zdo-channel.o [15]
copyPayload             0x08015f5d    0x40  Code  Lc  alarm.o [3]
copyTokensToOtherPage   0x080048b3   0x1bc  Code  Lc  sim-eeprom-internal.o [8]
countIncremarks         0x08004c9d    0x48  Code  Lc  sim-eeprom-internal.o [8]
cryptInternal           0x080160b1   0x25c  Code  Lc  aps-encryption.o [13]
cstackMemory            0x20002018   0x758  Data  Gb  cstartup-iar-common.o [1]
currentBroadcastLength  0x20002fe5     0x1  Data  Lc  alarm.o [3]
currentDuration         0x20002fa6     0x2  Data  Gb  buzzer.o [1]
currentJitFlag          0x200029ec     0x2  Data  Lc  jit.o [15]
currentOTABlock         0x20002fb9     0x1  Data  Gb  bootload-utils.o [1]
currentReceiveChannel   0x20002cc9     0x1  Data  Lc  phy.o [15]
currentRetriesRemaining
                        0x20002fb8     0x1  Data  Gb  bootload-utils.o [1]
currentTune             0x20002b1c     0x4  Data  Gb  buzzer.o [1]
dataCache               0x20002806     0x1  Data  Lc  form-and-join-node-adapter.o [1]
dataContents            0x20002b4c     0x4  Data  Lc  form-and-join.o [1]
debugChannel            0x20002ff0    0x10  Data  Lc  debug-jtag.o [15]
debugTraceOn            0x20002fd8     0x1  Data  Lc  debug.o [15]
decimalStringWrite      0x08006ea3    0x70  Code  Lc  serial.o [1]
decodeShortDestination  0x0800ddf5    0x46  Code  Lc  mac-header.o [15]
deferredPanChange       0x080120cf    0x3c  Code  Lc  management.o [15]
delayCount              0x20002f30     0x1  Data  Lc  retry.o [15]
deviceIsCoordinator     0x20002940     0x1  Data  Lc  phy-common.o [15]
dropJoinBeacon          0x080087fb    0x1a  Code  Lc  association.o [15]
edCcaThreshold          0x20002943     0x1  Data  Lc  phy-common.o [15]
emActiveScanDuration    0x2000291d     0x1  Data  Gb  association.o [15]
emActiveTaskCount       0x20002fda     0x1  Data  Lc  event-control.o [15]
emAddApsFrame           0x0801308f    0xe0  Code  Gb  zigbee-packet-header.o [15]
emAddBeaconPayload      0x08009639    0x92  Code  Gb  association.o [15]
emAddBlacklistedId      0x08012b17    0x7e  Code  Gb  random-id.o [15]
emAddBroadcastTableEntry
                        0x0800ebff    0x4c  Code  Gb  broadcast.o [15]
emAddCurrentNetworkToPollingQueue
                        0x08005929     0x2  Code  Gb  ember-multi-network-stub.o [10]
emAddNeighborGuaranteed
                        0x08010b55    0x66  Code  Gb  neighbor.o [15]
emAddPendingAckedMessage
                        0x0800fd45    0x5e  Code  Gb  aps-retry.o [15]
emAddRejoinedChild      0x0800cf3b    0xe4  Code  Gb  child.o [15]
emAddTrustCenterRoute   0x08014765    0x24  Code  Gb  route-discovery.o [15]
emAddTunnelledApsHeader
                        0x080135c9    0x3e  Code  Gb  trust-center-util.o [13]
emAddUnicastTableEntry  0x08013f55    0x26  Code  Gb  unicast-table.o [15]
emAddressTable          0x200027e8     0x4  Data  Gb  ember-configuration.o [1]
emAddressTableSize      0x200027e4     0x1  Data  Gb  ember-configuration.o [1]
emAesEncrypt            0x08006711    0x22  Code  Gb  aes.o [15]
emAgeBlacklistedIds     0x08012bcb    0x1c  Code  Gb  random-id.o [15]
emAgeBroadcastTable     0x0800eba5    0x3e  Code  Gb  broadcast.o [15]
emAgeChildren           0x0800f7c1   0x108  Code  Gb  child-aging.o [15]
emAgeChildrenAllNetworks
                        0x0800f8c9    0x22  Code  Gb  child-aging.o [15]
emAgeRouteTables        0x0800ed73    0xf2  Code  Gb  route-table.o [15]
emAllowRelay            0x20002794     0x1  Data  Gb  ember-configuration.o [1]
emAmMulticastMember     0x0800ea73    0x48  Code  Gb  address-table.o [15]
emAmNetworkManager      0x0801214d    0x26  Code  Gb  management.o [15]
emAnyChildHasFlagsSet   0x0800ce15    0x2a  Code  Gb  child.o [15]
emAppZdoConfigurationFlags
                        0x20002fc4     0x1  Data  Gb  ember-configuration.o [1]
emAppendToLinkedBuffers
                        0x0800aafb    0x3c  Code  Gb  packet-buffer.o [15]
emApplicationCheckIncomingQueue
                        0x0800f2d9    0x2e  Code  Gb  application-support.o [15]
emApplicationProcessIncoming
                        0x0800f307   0x16a  Code  Gb  application-support.o [15]
emApplicationProcessIncomingAck
                        0x0800fda3    0xe6  Code  Gb  aps-retry.o [15]
emApplicationSecurityMessageHandler
                        0x08014cc9   0x1be  Code  Gb  aps-security.o [13]
emApsBaseFrameSize      0x08012efb    0x30  Code  Gb  zigbee-packet-header.o [15]
emApsCrypt              0x0801630d    0x30  Code  Gb  aps-encryption.o [13]
emApsExtendedHeaderSize
                        0x08012ee1    0x1a  Code  Gb  zigbee-packet-header.o [15]
emApsFrameSize          0x08012f2b    0x38  Code  Gb  zigbee-packet-header.o [15]
emApsFrameToApsStruct   0x08012f83   0x10c  Code  Gb  zigbee-packet-header.o [15]
emApsHeaderSize         0x08012ec5    0x1c  Code  Gb  zigbee-packet-header.o [15]
emApsPurge              0x0800fcf5    0x2e  Code  Gb  aps-retry.o [15]
emApsUnicastMessageData
                        0x200027f0     0x4  Data  Gb  ember-configuration.o [1]
emAreKeysAuthorizedByDefault
                        0x0800eaed     0x4  Code  Gb  cbke-crypto-engine-stub.o [5]
emAssociationHandler    0x08008f47   0x21e  Code  Gb  association.o [15]
[...]
halResetInfo            0x20000000    0x98  Data  Gb  cstartup-iar-common.o [1]
halSc1Isr               0x08002f87    0x42  Code  Gb  uart.o [1]
halSc2Isr               0x08002191     0xa  Code  Gb  TWI.o [1]
halSc3Isr               0x080170ec          Code  Wk  isr-stubs.o [1]
halSc4Isr               0x080170ec          Code  Wk  isr-stubs.o [1]
halSecurityIsr          0x080170ec          Code  Wk  isr-stubs.o [1]
halSetLed               0x080021bd    0x3c  Code  Gb  led.o [1]
halSimEepromCallback    0x0800a2ad    0x80  Code  Gb  ember-configuration.o [1]
halSimEepromErasePage   0x08004d9d    0x72  Code  Gb  sim-eeprom-internal.o [8]
halSleep                0x0800dcd7    0x1e  Code  Gb  sleep.o [1]
halSleepTimerIsr        0x0800a51f     0xe  Code  Gb  system-timer.o [8]
halSleepWithOptions     0x0800dc6f    0x68  Code  Gb  sleep.o [1]
halStackCancelSymbolDelayA
                        0x0800e157    0x1c  Code  Gb  symbol-timer.o [15]
halStackDebugActive     0x0800e229     0x4  Code  Gb  debug-jtag.o [15]
halStackDebugPutBuffer  0x0800e311    0x12  Code  Gb  debug-jtag.o [15]
halStackGetInt32uSymbolTick
                        0x0800e17d     0x4  Code  Gb  symbol-timer.o [15]
halStackIndicateActivity
                        0x080022a1    0x1a  Code  Gb  led.o [1]
halStackInitTokens      0x08003239    0xf4  Code  Gb  token.o [1]
halStackMacTimerIsr     0x0800661d    0x34  Code  Gb  mac-em250.o [15]
halStackModifyCStackSize
                        0x0800a3e9    0x9a  Code  Gb  micro-internal.o [8]
halStackOrderInt16uSymbolDelayA
                        0x0800e121    0x36  Code  Gb  symbol-timer.o [15]
halStackProcessBootCount
                        0x080024f3     0xa  Code  Gb  micro.o [1]
halStackRadioPowerDownBoard
                        0x08002425    0x68  Code  Gb  micro.o [1]
halStackRadioPowerUpBoard
                        0x0800248d    0x66  Code  Gb  micro.o [1]
halStackReceiveVuartMessage
                        0x08002ec5     0x2  Code  Gb  uart.o [1]
halStackSeedRandom      0x0800d429    0x2c  Code  Gb  random.o [1]
halStackSymbolDelayAIsr
                        0x0800cac9    0x48  Code  Gb  mac.o [15]
halSvCallIsr            0x080170ec          Code  Wk  isr-stubs.o [1]
halSysTickIsr           0x080028dd    0x48  Code  Gb  clocks.o [8]
halTick                 0x08002b2d     0x2  Code  Gb  micro-common-internal.o [8]
halTimer1Isr            0x08016f5d    0xe4  Code  Gb  buzzer.o [1]
halTimer2Isr            0x080021a5    0x12  Code  Gb  Timer.o [1]
halToggleLed            0x08002235    0x60  Code  Gb  led.o [1]
halTriggerContextRestore
                        0x08017349          Code  Gb  context-switch.o [8]
halUsageFaultIsr        0x08017075          Code  Gb  faults.o [1]
halUsbIsr               0x080170ed          Code  Wk  isr-stubs.o [1]
handleApplicationKeyRequest
                        0x080133bd   0x10a  Code  Lc  trust-center-util.o [13]
handleNonAddressConflictRouteError
                        0x08015af7    0x50  Code  Gb  route-error.o [15]
idleDelayMicroseconds   0x0800262b    0xb0  Code  Gb  clocks.o [8]
ignoreExtendedPanId     0x20002fcc     0x1  Data  Lc  form-and-join.o [1]
incomingMfglibMessage   0x08006469    0x30  Code  Lc  mac-receive.o [15]
indexIntoBuffers        0x0800abdf    0x14  Code  Lc  packet-buffer.o [15]
initializeChildStatus   0x0800cdb9    0x26  Code  Lc  child.o [15]
initializeNonceFromAuxFrame
                        0x0801432f    0x56  Code  Lc  crypto.o [15]
initializeNonceFromBuffer
                        0x08014385    0x44  Code  Lc  crypto.o [15]
initializeRemoteNode    0x0800e5d5    0x2e  Code  Lc  binding-table.o [4]
insertNeighbor          0x080108e5   0x110  Code  Lc  neighbor.o [15]
isCompatibleStackProfile
                        0x08008769    0x24  Code  Gb  association.o [15]
isSleepy                0x0800872f    0x38  Code  Lc  bootload-utils.o [1]
isTheSameEui64          0x08008109    0x1e  Code  Lc  bootload-utils.o [1]
joinAttemptFailed       0x080088cf    0x62  Code  Lc  association.o [15]
joinData                0x200028f8    0x18  Data  Lc  association.o [15]
lastAgingTime           0x20002e0e     0x2  Data  Lc  broadcast.o [15]
lastAgingTimeQs         0x20002fb0     0x2  Data  Lc  route-table.o [15]
lastEventTimeMS         0x20002994     0x2  Data  Lc  mac-indirect.o [15]
lastEventTimeMs         0x200029cc     0x2  Data  Lc  aps-retry.o [15]
lastReportTimeMin       0x2000299f     0x1  Data  Lc  zdo-channel.o [15]
lastTransmitPacketIsDataPoll
                        0x20002948     0x1  Data  Gb  phy-common.o [15]
lastTxSfdTime           0x20002954     0x4  Data  Gb  phy-common.o [15]
lastVcoCalChannel       0x20002fe2     0x1  Data  Lc  analogue-vco.o [15]
lastVcoValue            0x20002fe3     0x1  Data  Lc  analogue-vco.o [15]
leaveReason             0x200029f0     0x1  Data  Lc  leave.o [15]
left                    0x20002fab     0x1  Data  Lc  sim-eeprom-internal.o [8]
libraryEnabled          0x20002a06     0x1  Data  Lc  packet-validate.o [11]
lnaForceReCal           0x200028a2     0x2  Data  Gb  analogue.o [15]
longIndirectPool        0x2000298c     0x4  Data  Lc  mac-indirect.o [15]
macBufferStatus         0x2000296a     0x1  Data  Lc  mac-arbiter.o [15]
macCheckIncomingQueue   0x08006275   0x1c2  Code  Lc  mac-receive.o [15]
macCommandPacketIsValid
                        0x08015751    0x48  Code  Lc  packet-validate.o [11]
macCommandSizes         0x080159a4     0xc  Data  Lc  packet-validate.o [11]
macIsInactive           0x2000299e     0x1  Data  Lc  zdo-channel.o [15]
macSendShortIdCommand   0x08011475    0x36  Code  Lc  command.o [15]
main                    0x08004191    0x7c  Code  Gb  main.o [1]
managePollTxRxTurnaround
                        0x08005965    0x1c  Code  Gb  phy-common.o [15]
matchingPoolAddress     0x08005595    0x52  Code  Lc  mac-indirect.o [15]
maybeSendAddressResponse
                        0x08011ab9   0x180  Code  Lc  zigbee-device-util.o [15]
maybeSendBasicAck       0x0800f65d    0x20  Code  Lc  application-support.o [15]
mobileChildData         0x200028b9     0x1  Data  Lc  child.o [15]
mobileChildDataIndex    0x0800d227    0x40  Code  Lc  child.o [15]
mobileChildDataLength   0x200028bc     0x2  Data  Lc  child.o [15]
mobileJoinApsFrame      0x0800c92c     0x8  Data  Lc  network.o [15]
modDacForceReCal        0x200028a0     0x2  Data  Gb  analogue.o [15]
mpuConfig               0x20002838    0x40  Data  Lc  mpu.o [1]
mtorFlags               0x08016c28     0x8  Data  Lc  zigbee-device.o [15]
networkCommandBaseSizes
                        0x080159b0     0xc  Data  Lc  packet-validate.o [11]
networkCommandPacketIsValid
                        0x080157e3    0x9c  Code  Lc  packet-validate.o [11]
networkCount            0x20002fcd     0x1  Data  Lc  form-and-join.o [1]
networkDecrypt          0x0800b9ab   0x16e  Code  Lc  network.o [15]
networkInitData         0x20002918     0x4  Data  Lc  association.o [15]
networkPacketIsValid    0x08015799    0x4a  Code  Lc  packet-validate.o [11]
networkSubmitUnicast    0x0800b8af    0x84  Code  Lc  network.o [15]
newChannel              0x20002fdb     0x1  Data  Lc  association.o [15]
newNwkUpdateId          0x20002999     0x1  Data  Lc  zdo-channel.o [15]
newPanId                0x200029dc     0x2  Data  Lc  management.o [15]
nextApsFrameCounter     0x20002f80     0x4  Data  Lc  crypto.o [15]
nextChannel             0x200028d5     0x1  Data  Lc  scan.o [15]
nextIncomingRssi        0x200028f4     0x4  Data  Lc  scan.o [15]
nextOutgoingRssi        0x200028f0     0x4  Data  Lc  scan.o [15]
nodeThatToldUsToLeave   0x200029fc     0x2  Data  Lc  leave.o [15]
normalOrBoostTokSerialRegId
                        0x08006920     0xc  Data  Gb  analogue-cell-bias.o [15]
noteDiscoveryTimeout    0x0800ecd9    0x6a  Code  Lc  route-table.o [15]
notePreconfiguredKeyType
                        0x080156ad    0x22  Code  Lc  aps-security.o [13]
notifyTrustCenter       0x080123e1    0x28  Code  Lc  leave.o [15]
nullEui                 0x08017778     0x8  Data  Lc  mfg-token.o [1]
nwkSequenceNumber       0x20002962     0x1  Data  Lc  application-support.o [15]
oneScanDone             0x200029a0     0x1  Data  Lc  zdo-channel.o [15]
originalChannel         0x200028d8     0x1  Data  Lc  scan.o [15]
originalPanId           0x200028e4     0x2  Data  Lc  scan.o [15]
originalRadioIdleMode   0x200028d9     0x1  Data  Lc  scan.o [15]
paPresent               0x200028aa     0x1  Data  Lc  analogue.o [15]
packetChecks            0x080159d4    0x30  Data  Lc  packet-validate.o [11]
panConflictMeter        0x200029d0     0x1  Data  Lc  management.o [15]
panIdScanComplete       0x0801386b    0x4c  Code  Lc  form-and-join.o [1]
pendingAckedCount       0x200029c1     0x1  Data  Lc  aps-retry.o [15]
permitJoining           0x20002cbc     0x1  Data  Lc  association.o [15]
phyToMacQueueLength     0x200029b0     0x2  Data  Lc  mac-receive.o [15]
phyToMacQueueLengthReached
                        0x200029b4     0x2  Data  Lc  mac-receive.o [15]
pollState               0x2000296c     0x1  Data  Lc  mac-arbiter.o [15]
powerLevelSettings      0x0800418c     0x4  Data  Gb  analogue.o [15]
powers10                0x080177d0    0x24  Data  Lc  serial.o [1]
previousLoValue         0x2000292c     0x1  Data  Gb  clocks.o [8]
previousTemperature     0x20002fdf     0x1  Data  Lc  phy.o [15]
previousTemperatureAvailable
                        0x20002fe0     0x1  Data  Lc  phy.o [15]
printEui                0x0800872d     0x2  Code  Lc  bootload-utils.o [1]
processDeviceAnnounceAndFindIdConflict
                        0x0800c13d    0xbe  Code  Lc  network.o [15]
processKeyCommand       0x080153b5   0x2a2  Code  Lc  aps-security.o [13]
processRxAddressReceiveCompleteIsr
                        0x08003571    0xec  Code  Lc  phy.o [15]
processRxPacketCompleteIsr
                        0x0800365d    0xe4  Code  Lc  phy.o [15]
processScanRequest      0x0800fb29   0x118  Code  Lc  zdo-channel.o [15]
processZigbeePacket     0x0800bc75   0x39a  Code  Lc  network.o [15]
ptiEnabled              0x2000293f     0x1  Data  Lc  phy-common.o [15]
ptrCache                0x20002c0c    0x5c  Data  Gb  sim-eeprom.o [1]
ptrCacheLoc             0x080044a3    0x22  Code  Lc  sim-eeprom-internal.o [8]
pushInt16u              0x08012d15     0xc  Code  Lc  zigbee-packet-header.o [15]
quietlyEraseChild       0x0800d1c5    0x3a  Code  Lc  child.o [15]
radioCheckCrc           0x20002958     0x1  Data  Gb  phy-common.o [15]
radioCurrentPowerStatus
                        0x20002949     0x1  Data  Gb  phy-common.o [15]
radioIdlePowerState     0x20002944     0x1  Data  Lc  phy-common.o [15]
radioTransmitConfig     0x200028c0     0x8  Data  Gb  zigbee-stack.o [15]
reCalibrateVref         0x200028ab     0x1  Data  Gb  analogue.o [15]
readCounterValue        0x08004ce5    0x34  Code  Lc  sim-eeprom-internal.o [8]
readNetworkTokens       0x08009851    0x2e  Code  Lc  association.o [15]
readNodeData            0x0800987f     0xc  Code  Lc  association.o [15]
readTokenData           0x08004421    0x42  Code  Lc  sim-eeprom-internal.o [8]
recalculateMacDataPendingBitField
                        0x080055ef    0x42  Code  Lc  mac-indirect.o [15]
recyclePendingAckedMessages
                        0x0800fcad    0x48  Code  Lc  aps-retry.o [15]
reenqueueSubmitHead     0x0801073b    0x82  Code  Lc  retry.o [15]
rejoinUpdateDeviceStatusValues
                        0x08008df0     0x8  Data  Lc  association.o [15]
removeFromBuffer        0x0800b6cd    0x2e  Code  Lc  network.o [15]
requestKeyBuffer        0x200029ff     0x1  Data  Lc  trust-center-util.o [13]
retryEntries            0x20002f40    0x30  Data  Lc  retry.o [15]
rhoActive               0x20002fcf     0x1  Data  Lc  micro.o [1]
rhoEnabled              0x20002fd1     0x1  Data  Lc  micro.o [1]
rmwRadioPowerCfgReg     0x0800237b    0x5a  Code  Lc  micro.o [1]
rmwRadioPowerOutReg     0x080023d5    0x50  Code  Lc  micro.o [1]
routeRequestId          0x20002fed     0x1  Data  Lc  route-discovery.o [15]
routeTableTimer         0x20002fae     0x1  Data  Lc  route-table.o [15]
runEventHandler         0x0800feb1   0x122  Code  Lc  aps-retry.o [15]
rxBuffer                0x20002ccc   0x114  Data  Lc  phy.o [15]
sampleVcoTune           0x08006b15    0x44  Code  Gb  analogue-mod-dac.o [15]
saveNetwork             0x08013b41    0x6e  Code  Lc  form-and-join.o [1]
savedMSP                0x20002de4          Data  Gb  context-switch.o [8]
savedResetCause         0x20002fa8     0x2  Data  Lc  cstartup-iar-common.o [1]
scanChannelMask         0x200028ec     0x4  Data  Lc  scan.o [15]
scanDuration            0x200028d6     0x1  Data  Lc  scan.o [15]
scanFrameCounter        0x200028e8     0x4  Data  Lc  scan.o [15]
scanRequestHeader       0x2000299b     0x1  Data  Lc  zdo-channel.o [15]
scanResults             0x2000299c     0x1  Data  Lc  zdo-channel.o [15]
scanTransmitRetries     0x200028d7     0x1  Data  Lc  scan.o [15]
scansRemaining          0x2000299d     0x1  Data  Lc  zdo-channel.o [15]
seed0                   0x20002878     0x2  Data  Gb  random.o [1]
seed1                   0x2000287a     0x2  Data  Gb  random.o [1]
sendAckedUnicast        0x0800ffd3    0xe8  Code  Lc  aps-retry.o [15]
sendApplicationKeys     0x080134c7    0xe6  Code  Lc  trust-center-util.o [13]
sendFromSource          0x20002964     0x2  Data  Lc  application-support.o [15]
sendLeaveCommand        0x08012445    0x72  Code  Lc  leave.o [15]
sendNeighborExchange    0x08015b4d    0xac  Code  Lc  neighbor-exchange.o [15]
sendRadioMessage        0x08008505   0x1be  Code  Lc  bootload-utils.o [1]
sendSpecialJoinRequest  0x08008b03    0xd0  Code  Lc  association.o [15]
sendUpdateDevice        0x080150df    0x4c  Code  Lc  aps-security.o [13]
sequenceNumber          0x20002feb     0x1  Data  Lc  debug-jtag.o [15]
serialRegData           0x20002c70    0x24  Data  Gb  analogue.o [15]
setChildTokenData       0x0800d347    0xa2  Code  Lc  child.o [15]
setNonvolatileBinding   0x0800e473    0x2e  Code  Lc  binding-table.o [4]
setOrOverrideTrustCenterEui64
                        0x08010f1f    0x22  Code  Lc  aps-keys.o [13]
setRadioParameters      0x08009703    0x52  Code  Lc  association.o [15]
setTxStepTime           0x08003c17    0x34  Code  Lc  analogue.o [15]
shift                   0x0800d455    0x12  Code  Lc  random.o [1]
shortIndirectPool       0x20002990     0x4  Data  Lc  mac-indirect.o [15]
signingKey              0x2000277a     0x1  Data  Lc  bootload-utils.o [1]
simEeErasePage          0x0800446b    0x16  Code  Lc  sim-eeprom-internal.o [8]
simEeSetDataActiveSemaphore
                        0x20002fd4     0x1  Data  Gb  token.o [1]
simulatedEepromStorage  0x0802e000  0x2000  Data  Gb  sim-eeprom.o [1]
sizeCache               0x080178bc    0x18  Data  Gb  sim-eeprom.o [1]
sleepTimerInterruptOccurred
                        0x20002ca8     0x1  Data  Gb  system-timer.o [8]
sleepTmrArtificalCnt    0x20002cac     0x4  Data  Gb  system-timer.o [8]
spreadModDac1           0x20002936     0x2  Data  Gb  analogue-mod-dac.o [15]
spreadModDac2           0x20002938     0x2  Data  Gb  analogue-mod-dac.o [15]
stackEvents             0x08007754    0xc0  Data  Gb  zigbee-stack.o [15]
stackTokenInfo          0x08013728    0x38  Data  Lc  token-cache.o [15]
startChannelScan        0x08012835    0x64  Code  Lc  scan.o [15]
startNetworkOperation   0x080088a3    0x2c  Code  Lc  association.o [15]
startPanIdScan          0x0801380d    0x5e  Code  Lc  form-and-join.o [1]
startScan               0x08013bed    0x3e  Code  Lc  form-and-join.o [1]
statsTable              0x20002cb0     0xc  Data  Lc  debug.o [15]
submitCount             0x20002f31     0x1  Data  Lc  retry.o [15]
swoOutput               0x0800e245    0xcc  Code  Lc  debug-jtag.o [15]
targetAddress           0x20002b04     0x8  Data  Gb  bootload-utils.o [1]
terminateScanRequest    0x0800faf3    0x26  Code  Lc  zdo-channel.o [15]
timeoutPools            0x08005631    0xde  Code  Lc  mac-indirect.o [15]
tokenArraySize          0x0801793c    0x18  Data  Gb  token-def.o [1]
tokenCreators           0x080178dc    0x30  Data  Gb  token-def.o [1]
tokenDefaults           0x08017ac8    0x5c  Data  Gb  token-def.o [1]
tokenIsCnt              0x0801790c    0x18  Data  Gb  token-def.o [1]
tokenSize               0x08017924    0x18  Data  Gb  token-def.o [1]
tokensActive            0x20002fd3     0x1  Data  Gb  token.o [1]
transmitQueue           0x20002970     0x8  Data  Lc  mac-arbiter.o [15]
transportKeyFrameSizes  0x080159cc     0x8  Data  Lc  packet-validate.o [11]
tuneDone                0x2000277c     0x1  Data  Gb  buzzer.o [1]
tunePos                 0x20002fbe     0x1  Data  Gb  buzzer.o [1]
twi_status              0x20002a28     0x4  Data  Gb  TWI.o [1]
txPower                 0x08004140    0x28  Data  Gb  analogue.o [15]
txStepTimeSnapshot      0x20002950     0x2  Data  Lc  phy-common.o [15]
uartErrorMark           0x08002fc9    0x5e  Code  Lc  uart.o [1]
unicastHead             0x20002f84     0x1  Data  Lc  unicast-table.o [15]
uninitializedIsr        0x08017079          Code  Gb  faults.o [1]
unsentMessageCount      0x2000296b     0x1  Data  Lc  mac-arbiter.o [15]
unsolicitedChannelReport
                        0x2000299a     0x1  Data  Lc  zdo-channel.o [15]
updateParentToken       0x080099eb    0x62  Code  Lc  association.o [15]
useOsc32k               0x20002fce     0x1  Data  Gb  micro-common.o [1]
useXtalAsIs             0x2000292b     0x1  Data  Lc  clocks.o [8]
vcoLastTuneValueAvailable
                        0x20002fe1     0x1  Data  Gb  analogue-vco.o [15]
vcoTuneModDacError      0x08006b59    0x24  Code  Lc  analogue-mod-dac.o [15]
verifyFib               0x0800a07d    0x24  Code  Lc  flash.o [8]
wakeupSleepTmrCnt       0x20002c6c     0x4  Data  Gb  sleep.o [1]
wakeupXtalState         0x2000292a     0x1  Data  Gb  clocks.o [8]
walkDelayQueue          0x08010539    0xd0  Code  Lc  retry.o [15]
writeMessage            0x0800ace9    0xb0  Code  Lc  packet-buffer.o [15]
writePageCounters       0x08004a77    0x7e  Code  Lc  sim-eeprom-internal.o [8]
writeTokenBlockData     0x080043c9    0x58  Code  Lc  sim-eeprom-internal.o [8]
xmodemBlock             0x20002a3c    0x80  Data  Gb  bootload-utils.o [1]
xmodemReadSerialByte    0x08008133    0x4c  Code  Lc  bootload-utils.o [1]
xmodemReceiveAndForward
                        0x080082e1   0x124  Code  Lc  bootload-utils.o [1]
xmodemReceiveBlock      0x0800817f   0x134  Code  Lc  bootload-utils.o [1]
xmodemSendReady         0x080082b3    0x16  Code  Lc  bootload-utils.o [1]
xorBufferBytesIntoBlock
                        0x0801407d    0x82  Code  Lc  crypto.o [15]
xtalAboveLoThresholdUs  0x2000292e     0x2  Data  Gb  clocks.o [8]
xtalUnstable            0x20002929     0x1  Data  Gb  clocks.o [8]
zigDevApsStruct         0x20002e90     0x4  Data  Lc  zigbee-device-util.o [15]
zigDevRequestSequence   0x20002e8c     0x1  Data  Lc  zigbee-device-util.o [15]


[1] = F:\Firmware\emberZNet\firmware\EmberZNet\EM35x\app\Driver\ewb-em357\Debug\Obj
[2] = command line
[3] = alarm-library.a
[4] = binding-table-library.a
[5] = cbke-stub-library.a
[6] = dl7M_tln.a
[7] = end-device-bind-stub-library.a
[8] = hal-library.a
[9] = install-code-library-stub.a
[10] = multi-network-stub-library.a
[11] = packet-validate-library.a
[12] = rt7M_tl.a
[13] = security-library-core.a
[14] = security-library-link-keys-stub.a
[15] = zigbee-pro-stack.a
[16] = zll-stub-library.a

  86 700 bytes of readonly  code memory
   2 879 bytes of readonly  data memory
  13 808 bytes of readwrite data memory

Errors: none
Warnings: none
